2024-10-15 16:33:33.233 [info] [main] Nivel de registro: Info
2024-10-15 16:33:33.233 [info] [main] Validando git encontrado en: "git"
2024-10-15 16:33:33.358 [info] [main] Usando git "2.34.1" de "git"
2024-10-15 16:33:33.358 [info] [Model][doInitialScan] Initial repository scan started
2024-10-15 16:33:34.539 [info] > git rev-parse --show-toplevel [1155ms]
2024-10-15 16:33:35.792 [info] > git rev-parse --git-dir --git-common-dir [3ms]
2024-10-15 16:33:35.809 [info] [Model][openRepository] Opened repository: /home/pro/Escritorio/libro/ejercicio-git-libro
2024-10-15 16:33:35.839 [info] > git rev-parse --show-toplevel [6ms]
2024-10-15 16:33:35.841 [info] [Model][doInitialScan] Initial repository scan completed - repositories (1), closed repositories (0), parent repositories (0), unsafe repositories (0)
2024-10-15 16:33:35.842 [info] > git config --get commit.template [13ms]
2024-10-15 16:33:36.405 [info] > git for-each-ref --format=%(refname)%00%(upstream:short)%00%(objectname)%00%(upstream:track)%00%(upstream:remotename)%00%(upstream:remoteref) refs/heads/main refs/remotes/main [556ms]
2024-10-15 16:33:37.812 [info] > git status -z -uall [1380ms]
2024-10-15 16:33:37.862 [info] > git for-each-ref --format=%(refname)%00%(upstream:short)%00%(objectname)%00%(upstream:track)%00%(upstream:remotename)%00%(upstream:remoteref) refs/heads/main refs/remotes/main [30ms]
2024-10-15 16:33:37.875 [info] > git config --local branch.main.vscode-merge-base [2ms]
2024-10-15 16:33:37.875 [warning] [Git][config] git config failed: Failed to execute git
2024-10-15 16:33:37.879 [info] > git config --get commit.template [18ms]
2024-10-15 16:33:38.147 [info] > git for-each-ref --format=%(refname)%00%(upstream:short)%00%(objectname)%00%(upstream:track)%00%(upstream:remotename)%00%(upstream:remoteref) refs/heads/main refs/remotes/main [261ms]
2024-10-15 16:33:38.167 [info] > git status -z -uall [7ms]
2024-10-15 16:33:38.182 [info] > git for-each-ref --format=%(refname)%00%(upstream:short)%00%(objectname)%00%(upstream:track)%00%(upstream:remotename)%00%(upstream:remoteref) refs/heads/main refs/remotes/main [8ms]
2024-10-15 16:33:38.190 [info] > git config --local branch.main.vscode-merge-base [2ms]
2024-10-15 16:33:38.190 [warning] [Git][config] git config failed: Failed to execute git
2024-10-15 16:33:39.511 [info] > git reflog main --grep-reflog=branch: Created from *. [1632ms]
2024-10-15 16:33:39.525 [info] > git reflog main --grep-reflog=branch: Created from *. [1332ms]
2024-10-15 16:33:39.531 [info] > git symbolic-ref --short refs/remotes/origin/HEAD [6ms]
2024-10-15 16:33:39.531 [info] fatal: ref refs/remotes/origin/HEAD is not a symbolic ref
2024-10-15 16:33:39.542 [info] > git symbolic-ref --short refs/remotes/origin/HEAD [10ms]
2024-10-15 16:33:39.542 [info] fatal: ref refs/remotes/origin/HEAD is not a symbolic ref
2024-10-15 16:33:39.549 [info] > git merge-base refs/heads/main refs/remotes/origin/main [10ms]
2024-10-15 16:33:39.554 [info] > git rev-list --count --left-right refs/heads/main...refs/remotes/origin/main [2ms]
2024-10-15 16:33:39.570 [info] > git diff --name-status -z --diff-filter=ADMR f92d1f4317cf4a262b734397d1a2ac5947c36a39...refs/remotes/origin/main [7ms]
2024-10-15 16:33:49.550 [info] > git log --format=%H%n%aN%n%aE%n%at%n%ct%n%P%n%D%n%B -z --shortstat --diff-merges=first-parent -n50 --skip=0 --topo-order --decorate=full f92d1f4317cf4a262b734397d1a2ac5947c36a39 [1768ms]
2024-10-15 16:33:49.724 [info] > git log --format=%H%n%aN%n%aE%n%at%n%ct%n%P%n%D%n%B -z --shortstat --diff-merges=first-parent -n50 --skip=0 --topo-order --decorate=full f92d1f4317cf4a262b734397d1a2ac5947c36a39 [4ms]
2024-10-15 16:33:50.121 [info] > git check-ignore -v -z --stdin [3ms]
2024-10-15 16:34:28.346 [info] [main] Nivel de registro: Info
2024-10-15 16:34:28.346 [info] [main] Validando git encontrado en: "git"
2024-10-15 16:34:28.346 [info] [main] Usando git "2.34.1" de "git"
2024-10-15 16:34:28.346 [info] [Model][doInitialScan] Initial repository scan started
2024-10-15 16:34:28.571 [info] > git rev-parse --show-toplevel [224ms]
2024-10-15 16:34:28.593 [info] > git rev-parse --show-toplevel [7ms]
2024-10-15 16:34:28.630 [info] > git rev-parse --git-dir --git-common-dir [6ms]
2024-10-15 16:34:28.670 [info] [Model][openRepository] Opened repository: /home/pro/Escritorio/libro/ejercicio-git-libro
2024-10-15 16:34:28.684 [info] [Model][doInitialScan] Initial repository scan completed - repositories (1), closed repositories (0), parent repositories (1), unsafe repositories (0)
2024-10-15 16:34:28.717 [info] > git config --get commit.template [15ms]
2024-10-15 16:34:28.733 [info] > git rev-parse --show-toplevel [19ms]
2024-10-15 16:34:28.740 [info] > git for-each-ref --format=%(refname)%00%(upstream:short)%00%(objectname)%00%(upstream:track)%00%(upstream:remotename)%00%(upstream:remoteref) refs/heads/main refs/remotes/main [9ms]
2024-10-15 16:34:28.752 [info] > git status -z -uall [5ms]
2024-10-15 16:34:28.782 [info] > git for-each-ref --format=%(refname)%00%(upstream:short)%00%(objectname)%00%(upstream:track)%00%(upstream:remotename)%00%(upstream:remoteref) refs/heads/main refs/remotes/main [20ms]
2024-10-15 16:34:28.787 [info] > git config --get commit.template [5ms]
2024-10-15 16:34:28.789 [info] > git config --local branch.main.vscode-merge-base [3ms]
2024-10-15 16:34:28.789 [warning] [Git][config] git config failed: Failed to execute git
2024-10-15 16:34:28.800 [info] > git for-each-ref --format=%(refname)%00%(upstream:short)%00%(objectname)%00%(upstream:track)%00%(upstream:remotename)%00%(upstream:remoteref) refs/heads/main refs/remotes/main [2ms]
2024-10-15 16:34:28.800 [info] > git reflog main --grep-reflog=branch: Created from *. [6ms]
2024-10-15 16:34:28.808 [info] > git symbolic-ref --short refs/remotes/origin/HEAD [5ms]
2024-10-15 16:34:28.808 [info] fatal: ref refs/remotes/origin/HEAD is not a symbolic ref
2024-10-15 16:34:28.827 [info] > git status -z -uall [20ms]
2024-10-15 16:34:28.829 [info] > git merge-base refs/heads/main refs/remotes/origin/main [2ms]
2024-10-15 16:34:28.854 [info] > git rev-list --count --left-right refs/heads/main...refs/remotes/origin/main [12ms]
2024-10-15 16:34:28.860 [info] > git diff --name-status -z --diff-filter=ADMR f92d1f4317cf4a262b734397d1a2ac5947c36a39...refs/remotes/origin/main [2ms]
2024-10-15 16:34:28.864 [info] > git for-each-ref --format=%(refname)%00%(upstream:short)%00%(objectname)%00%(upstream:track)%00%(upstream:remotename)%00%(upstream:remoteref) refs/heads/main refs/remotes/main [14ms]
2024-10-15 16:34:28.884 [info] > git config --local branch.main.vscode-merge-base [3ms]
2024-10-15 16:34:28.884 [warning] [Git][config] git config failed: Failed to execute git
2024-10-15 16:34:28.899 [info] > git reflog main --grep-reflog=branch: Created from *. [12ms]
2024-10-15 16:34:28.912 [info] > git symbolic-ref --short refs/remotes/origin/HEAD [4ms]
2024-10-15 16:34:28.912 [info] fatal: ref refs/remotes/origin/HEAD is not a symbolic ref
2024-10-15 16:34:29.580 [info] > git check-ignore -v -z --stdin [28ms]
2024-10-15 16:34:31.696 [info] > git show --textconv :README.md [121ms]
2024-10-15 16:34:31.697 [info] > git ls-files --stage -- /home/pro/Escritorio/libro/ejercicio-git-libro/README.md [106ms]
2024-10-15 16:34:31.847 [info] > git cat-file -s d5d281c62d016c4ea6ba7d1692992777e333149f [130ms]
2024-10-15 16:35:54.055 [info] > git rev-parse --show-toplevel [7ms]
2024-10-15 16:35:55.211 [info] > git rev-parse --show-toplevel [24ms]
2024-10-15 16:37:04.636 [info] > git show --textconv :README.md [17ms]
2024-10-15 16:37:04.646 [info] > git ls-files --stage -- /home/pro/Escritorio/libro/ejercicio-git-libro/README.md [11ms]
2024-10-15 16:37:04.666 [info] > git cat-file -s d5d281c62d016c4ea6ba7d1692992777e333149f [5ms]
2024-10-15 16:37:11.847 [info] > git show --textconv HEAD:README.md [30ms]
2024-10-15 16:37:11.847 [info] > git show --textconv :README.md [17ms]
2024-10-15 16:37:11.848 [info] > git ls-files --stage -- /home/pro/Escritorio/libro/ejercicio-git-libro/README.md [4ms]
2024-10-15 16:37:11.857 [info] > git ls-tree -l HEAD -- /home/pro/Escritorio/libro/ejercicio-git-libro/README.md [17ms]
2024-10-15 16:37:11.873 [info] > git cat-file -s d5d281c62d016c4ea6ba7d1692992777e333149f [16ms]
2024-10-15 16:37:12.376 [info] > git check-ignore -v -z --stdin [16ms]
2024-10-15 16:37:14.720 [info] > git rev-parse --show-toplevel [15ms]
2024-10-15 16:37:26.960 [info] > git show --textconv :README.md [62ms]
2024-10-15 16:37:26.961 [info] > git show --textconv :README.md [14ms]
2024-10-15 16:37:26.964 [info] > git ls-files --stage -- /home/pro/Escritorio/libro/ejercicio-git-libro/README.md [53ms]
2024-10-15 16:37:26.989 [info] > git ls-files --stage -- /home/pro/Escritorio/libro/ejercicio-git-libro/README.md [31ms]
2024-10-15 16:37:27.007 [info] > git cat-file -s d5d281c62d016c4ea6ba7d1692992777e333149f [20ms]
2024-10-15 16:37:27.014 [info] > git cat-file -s d5d281c62d016c4ea6ba7d1692992777e333149f [9ms]
2024-10-15 16:37:31.660 [info] > git show --textconv :README.md [17ms]
2024-10-15 16:37:31.674 [info] > git ls-files --stage -- /home/pro/Escritorio/libro/ejercicio-git-libro/README.md [14ms]
2024-10-15 16:37:31.702 [info] > git cat-file -s d5d281c62d016c4ea6ba7d1692992777e333149f [13ms]
2024-10-15 16:41:11.887 [info] > git rev-parse --show-toplevel [240ms]
2024-10-15 16:41:12.097 [info] > git rev-parse --show-toplevel [4ms]
2024-10-15 16:41:20.648 [info] > git config --get commit.template [144ms]
2024-10-15 16:41:22.283 [info] > git for-each-ref --format=%(refname)%00%(upstream:short)%00%(objectname)%00%(upstream:track)%00%(upstream:remotename)%00%(upstream:remoteref) refs/heads/main refs/remotes/main [1630ms]
2024-10-15 16:41:23.692 [info] > git status -z -uall [1398ms]
2024-10-15 16:41:23.754 [info] > git for-each-ref --format=%(refname)%00%(upstream:short)%00%(objectname)%00%(upstream:track)%00%(upstream:remotename)%00%(upstream:remoteref) refs/heads/main refs/remotes/main [19ms]
2024-10-15 16:41:23.764 [info] > git config --local branch.main.vscode-merge-base [3ms]
2024-10-15 16:41:23.764 [warning] [Git][config] git config failed: Failed to execute git
2024-10-15 16:41:24.458 [info] > git reflog main --grep-reflog=branch: Created from *. [690ms]
2024-10-15 16:41:24.556 [info] > git symbolic-ref --short refs/remotes/origin/HEAD [82ms]
2024-10-15 16:41:24.556 [info] fatal: ref refs/remotes/origin/HEAD is not a symbolic ref
2024-10-15 16:41:29.319 [info] > git ls-files --stage -- /home/pro/Escritorio/libro/ejercicio-git-libro/README.md [13ms]
2024-10-15 16:41:29.341 [info] > git show --textconv :README.md [69ms]
2024-10-15 16:41:29.427 [info] > git cat-file -s d5d281c62d016c4ea6ba7d1692992777e333149f [88ms]
