2024-10-15 16:33:38.164 [info] Reading sessions from keychain...
2024-10-15 16:33:38.165 [info] Getting sessions for all scopes...
2024-10-15 16:33:38.165 [info] Getting sessions for all scopes...
2024-10-15 16:33:38.165 [info] Getting sessions for read:user,repo,user:email,workflow...
2024-10-15 16:33:38.823 [info] Got stored sessions!
2024-10-15 16:33:38.823 [info] Got 1 verified sessions.
2024-10-15 16:33:38.824 [info] Got 1 sessions for ...
2024-10-15 16:33:38.824 [info] Got 1 sessions for ...
2024-10-15 16:33:38.824 [info] Got 1 sessions for read:user,repo,user:email,workflow...
2024-10-15 16:33:39.317 [info] Getting sessions for read:user,repo,user:email,workflow...
2024-10-15 16:33:39.317 [info] Got 1 sessions for read:user,repo,user:email,workflow...
2024-10-15 16:34:31.846 [info] Reading sessions from keychain...
2024-10-15 16:34:31.846 [info] Getting sessions for all scopes...
2024-10-15 16:34:31.846 [info] Getting sessions for all scopes...
2024-10-15 16:34:31.970 [info] Getting sessions for read:user,repo,user:email,workflow...
2024-10-15 16:34:32.119 [info] Got stored sessions!
2024-10-15 16:34:32.119 [info] Got 1 verified sessions.
2024-10-15 16:34:32.119 [info] Got 1 sessions for ...
2024-10-15 16:34:32.119 [info] Got 1 sessions for ...
2024-10-15 16:34:32.119 [info] Got 1 sessions for read:user,repo,user:email,workflow...
2024-10-15 16:34:33.762 [info] Getting sessions for read:user,repo,user:email,workflow...
2024-10-15 16:34:33.762 [info] Got 1 sessions for read:user,repo,user:email,workflow...
2024-10-15 16:37:54.045 [info] Getting sessions for user:email...
2024-10-15 16:37:54.046 [info] Got 0 sessions for user:email...
2024-10-15 16:40:03.849 [info] Getting sessions for user:email...
2024-10-15 16:40:03.867 [info] Got 0 sessions for user:email...
2024-10-15 16:40:06.380 [info] Logging in with 'aday-ctr' account...
2024-10-15 16:40:06.380 [info] Logging in for the following scopes: user:email
2024-10-15 16:40:06.395 [info] Trying without local server... (user:email)
2024-10-15 16:40:13.060 [info] Exchanging code for token...
2024-10-15 16:40:13.448 [info] Token exchange success!
2024-10-15 16:40:13.449 [info] Getting user info...
2024-10-15 16:40:13.871 [info] Got account info!
2024-10-15 16:40:13.872 [info] Storing 2 sessions...
2024-10-15 16:40:13.877 [info] Reading sessions from keychain...
2024-10-15 16:40:13.878 [info] Stored 2 sessions!
2024-10-15 16:40:13.878 [info] Login success!
2024-10-15 16:40:13.888 [info] Got stored sessions!
2024-10-15 16:40:13.888 [info] Got 2 verified sessions.
2024-10-15 16:40:13.891 [info] Getting sessions for user:email...
2024-10-15 16:40:13.891 [info] Got 1 sessions for user:email...
2024-10-15 16:40:13.895 [info] Getting sessions for read:user,repo,user:email,workflow...
2024-10-15 16:40:13.895 [info] Got 1 sessions for read:user,repo,user:email,workflow...
2024-10-15 16:40:14.277 [info] Getting sessions for read:user,repo,user:email,workflow...
2024-10-15 16:40:14.277 [info] Got 1 sessions for read:user,repo,user:email,workflow...
