2024-10-15 16:33:20.662 [info] Added views:workbench.panel.markers.view in workbench.panel.markers
2024-10-15 16:33:20.662 [info] Added views:workbench.panel.output in workbench.panel.output
2024-10-15 16:33:20.662 [info] Added views:terminal in terminal
2024-10-15 16:33:20.662 [info] Added views:outline in workbench.view.explorer
2024-10-15 16:33:20.662 [info] Added views:workbench.scm in workbench.view.scm
2024-10-15 16:33:20.662 [info] Added views:workbench.view.search in workbench.view.search
2024-10-15 16:33:20.662 [info] Added views:timeline in workbench.view.explorer
2024-10-15 16:33:20.662 [info] Added views:workbench.explorer.fileView in workbench.view.explorer
2024-10-15 16:33:21.585 [info] Added views:workbench.debug.welcome in workbench.view.debug
2024-10-15 16:33:28.598 [info] Added views:dockerContainers,dockerImages,dockerRegistries,dockerNetworks,dockerVolumes,vscode-docker.views.dockerContexts,vscode-docker.views.help in workbench.view.extension.dockerView
2024-10-15 16:33:28.599 [info] Added views:targetsContainers,devVolumes in workbench.view.remote
2024-10-15 16:33:28.599 [info] Added views:SonarLint.IssueLocations in workbench.view.explorer
2024-10-15 16:33:28.600 [info] Added views:SonarLint.AllRules,SonarLint.ConnectedMode,SonarLint.SecurityHotspots,SonarLint.HelpAndFeedback in workbench.view.extension.SonarLint
2024-10-15 16:33:28.656 [info] Added views:~remote.forwardedPorts in ~remote.forwardedPortsContainer
2024-10-15 16:33:29.714 [info] Added views:workbench.panel.repl.view in workbench.panel.repl
2024-10-15 16:33:35.807 [info] Added views:workbench.scm.history in workbench.view.scm
2024-10-15 16:34:23.899 [info] Removed views:workbench.scm.history from workbench.view.scm
2024-10-15 16:34:25.397 [info] Added views:workbench.panel.markers.view in workbench.panel.markers
2024-10-15 16:34:25.397 [info] Added views:workbench.panel.output in workbench.panel.output
2024-10-15 16:34:25.397 [info] Added views:terminal in terminal
2024-10-15 16:34:25.397 [info] Added views:outline in workbench.view.explorer
2024-10-15 16:34:25.397 [info] Added views:workbench.scm in workbench.view.scm
2024-10-15 16:34:25.397 [info] Added views:workbench.view.search in workbench.view.search
2024-10-15 16:34:25.397 [info] Added views:timeline in workbench.view.explorer
2024-10-15 16:34:25.397 [info] Added views:workbench.explorer.fileView in workbench.view.explorer
2024-10-15 16:34:26.742 [info] Added views:workbench.debug.variablesView,workbench.debug.watchExpressionsView,workbench.debug.callStackView,workbench.debug.breakPointsView in workbench.view.debug
2024-10-15 16:34:27.131 [info] Added views:dockerContainers,dockerImages,dockerRegistries,dockerNetworks,dockerVolumes,vscode-docker.views.dockerContexts,vscode-docker.views.help in workbench.view.extension.dockerView
2024-10-15 16:34:27.131 [info] Added views:targetsContainers,devVolumes in workbench.view.remote
2024-10-15 16:34:27.137 [info] Added views:SonarLint.IssueLocations in workbench.view.explorer
2024-10-15 16:34:27.138 [info] Added views:SonarLint.AllRules,SonarLint.ConnectedMode,SonarLint.SecurityHotspots,SonarLint.HelpAndFeedback in workbench.view.extension.SonarLint
2024-10-15 16:34:27.176 [info] Added views:~remote.forwardedPorts in ~remote.forwardedPortsContainer
2024-10-15 16:34:27.559 [info] Added views:workbench.panel.repl.view in workbench.panel.repl
2024-10-15 16:34:27.563 [info] Removed views:workbench.debug.breakPointsView,workbench.debug.callStackView,workbench.debug.watchExpressionsView,workbench.debug.variablesView from workbench.view.debug
2024-10-15 16:34:27.567 [info] Added views:workbench.debug.welcome in workbench.view.debug
2024-10-15 16:34:28.728 [info] Added views:workbench.scm.history in workbench.view.scm
2024-10-15 16:34:52.581 [info] Added views:workbench.views.extensions.installed,workbench.views.extensions.popular,extensions.recommendedList in workbench.view.extensions
2024-10-15 16:34:52.592 [info] Removed views:workbench.views.extensions.popular from workbench.view.extensions
2024-10-15 16:35:01.222 [info] Removed views:extensions.recommendedList,workbench.views.extensions.installed from workbench.view.extensions
2024-10-15 16:35:01.231 [info] Added views:workbench.views.extensions.marketplace in workbench.view.extensions
2024-10-15 16:35:27.577 [info] Removed views:workbench.views.extensions.marketplace from workbench.view.extensions
2024-10-15 16:35:27.593 [info] Added views:workbench.views.extensions.installed,extensions.recommendedList in workbench.view.extensions
2024-10-15 16:35:29.648 [info] Removed views:extensions.recommendedList,workbench.views.extensions.installed from workbench.view.extensions
2024-10-15 16:35:29.660 [info] Added views:workbench.views.extensions.marketplace in workbench.view.extensions
2024-10-15 16:39:11.082 [info] Removed views:workbench.views.extensions.marketplace from workbench.view.extensions
2024-10-15 16:39:11.098 [info] Added views:workbench.views.extensions.installed,extensions.recommendedList in workbench.view.extensions
2024-10-15 16:40:25.651 [info] View visibility state changed: workbench.explorer.openEditorsView is now visible Explorer
2024-10-15 16:40:25.651 [info] Showing view workbench.explorer.openEditorsView in the container workbench.view.explorer
2024-10-15 16:40:25.672 [info] Added views:workbench.explorer.openEditorsView in workbench.view.explorer
2024-10-15 16:41:11.739 [info] Added views:blackbox-onboarding in workbench.view.extension.blackbox
2024-10-15 16:41:11.754 [info] Added views:remoteTargets in workbench.view.remote
2024-10-15 16:41:11.754 [info] Added views:remoteHub.views.workspaceRepositories in workbench.view.remote
2024-10-15 16:41:15.964 [info] Added views:terminal.search.view in workbench.view.extension.blackbox-terminal
2024-10-15 16:42:00.508 [info] Removed views:workbench.scm.history from workbench.view.scm
