2024-10-14 15:40:02.087 [info] Extension host with pid 91071 started
2024-10-14 15:40:02.087 [info] Skipping acquiring lock for /home/pro/.config/Code/User/workspaceStorage/f6bbbdc39dcb3d116e6da8540bed0a01.
2024-10-14 15:40:02.942 [info] ExtensionService#_doActivateExtension vscode.git-base, startup: true, activationEvent: '*', root cause: vscode.git
2024-10-14 15:40:02.943 [info] ExtensionService#_doActivateExtension formulahendry.auto-close-tag, startup: true, activationEvent: '*'
2024-10-14 15:40:04.548 [info] ExtensionService#_doActivateExtension vscode.git, startup: true, activationEvent: '*'
2024-10-14 15:40:04.548 [info] ExtensionService#_doActivateExtension vscode.github, startup: true, activationEvent: '*'
2024-10-14 15:40:05.030 [info] Eager extensions activated
2024-10-14 15:40:05.089 [info] ExtensionService#_doActivateExtension vscode.debug-auto-launch, startup: false, activationEvent: 'onStartupFinished'
2024-10-14 15:40:05.090 [info] ExtensionService#_doActivateExtension vscode.merge-conflict, startup: false, activationEvent: 'onStartupFinished'
2024-10-14 15:40:05.091 [info] ExtensionService#_doActivateExtension ms-vscode-remote.remote-containers, startup: false, activationEvent: 'onStartupFinished'
2024-10-14 15:40:05.091 [info] ExtensionService#_doActivateExtension SonarSource.sonarlint-vscode, startup: false, activationEvent: 'onStartupFinished'
2024-10-14 15:40:05.505 [info] ExtensionService#_doActivateExtension usernamehw.errorlens, startup: false, activationEvent: 'onStartupFinished'
2024-10-14 15:40:07.202 [info] ExtensionService#_doActivateExtension vscode.emmet, startup: false, activationEvent: 'onLanguage'
2024-10-14 15:40:07.869 [info] ExtensionService#_doActivateExtension vscode.github-authentication, startup: false, activationEvent: 'onAuthenticationRequest:github'
2024-10-14 15:40:08.635 [error] Error: No such branch: main.
	at N.getBranch (/usr/share/code/resources/app/extensions/git/dist/main.js:2:937115)
	at async T.retryRun (/usr/share/code/resources/app/extensions/git/dist/main.js:2:1032816)
	at async T.run (/usr/share/code/resources/app/extensions/git/dist/main.js:2:1032420)
	at async T.getBranch (/usr/share/code/resources/app/extensions/git/dist/main.js:2:1020563)
	at async T.getBranchBase (/usr/share/code/resources/app/extensions/git/dist/main.js:2:1020849)
	at async t.GitHistoryProvider.resolveHEADMergeBase (/usr/share/code/resources/app/extensions/git/dist/main.js:2:948410)
	at async t.GitHistoryProvider.onDidRunGitStatus (/usr/share/code/resources/app/extensions/git/dist/main.js:2:941737)
2024-10-14 15:40:08.996 [error] Error: No such branch: main.
	at N.getBranch (/usr/share/code/resources/app/extensions/git/dist/main.js:2:937115)
	at process.processTicksAndRejections (node:internal/process/task_queues:95:5)
	at async T.retryRun (/usr/share/code/resources/app/extensions/git/dist/main.js:2:1032816)
	at async T.run (/usr/share/code/resources/app/extensions/git/dist/main.js:2:1032420)
	at async T.getBranch (/usr/share/code/resources/app/extensions/git/dist/main.js:2:1020563)
	at async T.getBranchBase (/usr/share/code/resources/app/extensions/git/dist/main.js:2:1020849)
	at async t.GitHistoryProvider.resolveHEADMergeBase (/usr/share/code/resources/app/extensions/git/dist/main.js:2:948410)
	at async t.GitHistoryProvider.onDidRunGitStatus (/usr/share/code/resources/app/extensions/git/dist/main.js:2:941737)
2024-10-14 15:40:10.338 [info] ExtensionService#_doActivateExtension vscode.extension-editing, startup: false, activationEvent: 'onLanguage:markdown'
2024-10-14 15:40:10.338 [info] ExtensionService#_doActivateExtension vscode.markdown-language-features, startup: false, activationEvent: 'onLanguage:markdown'
2024-10-14 15:40:10.339 [info] ExtensionService#_doActivateExtension yzhang.markdown-all-in-one, startup: false, activationEvent: 'onLanguage:markdown'
2024-10-14 15:40:11.622 [info] ExtensionService#_doActivateExtension vscode.markdown-math, startup: false, activationEvent: 'api', root cause: yzhang.markdown-all-in-one
2024-10-14 15:40:12.963 [error] Error: No such branch: main.
	at N.getBranch (/usr/share/code/resources/app/extensions/git/dist/main.js:2:937115)
	at async T.retryRun (/usr/share/code/resources/app/extensions/git/dist/main.js:2:1032816)
	at async T.run (/usr/share/code/resources/app/extensions/git/dist/main.js:2:1032420)
	at async T.getBranch (/usr/share/code/resources/app/extensions/git/dist/main.js:2:1020563)
	at async T.getBranchBase (/usr/share/code/resources/app/extensions/git/dist/main.js:2:1020849)
	at async t.GitHistoryProvider.resolveHEADMergeBase (/usr/share/code/resources/app/extensions/git/dist/main.js:2:948410)
	at async t.GitHistoryProvider.onDidRunGitStatus (/usr/share/code/resources/app/extensions/git/dist/main.js:2:941737)
2024-10-14 15:40:33.885 [error] Error: No such branch: main.
	at N.getBranch (/usr/share/code/resources/app/extensions/git/dist/main.js:2:937115)
	at async T.retryRun (/usr/share/code/resources/app/extensions/git/dist/main.js:2:1032816)
	at async T.run (/usr/share/code/resources/app/extensions/git/dist/main.js:2:1032420)
	at async T.getBranch (/usr/share/code/resources/app/extensions/git/dist/main.js:2:1020563)
	at async T.getBranchBase (/usr/share/code/resources/app/extensions/git/dist/main.js:2:1020849)
	at async t.GitHistoryProvider.resolveHEADMergeBase (/usr/share/code/resources/app/extensions/git/dist/main.js:2:948410)
	at async t.GitHistoryProvider.onDidRunGitStatus (/usr/share/code/resources/app/extensions/git/dist/main.js:2:941737)
2024-10-14 15:41:59.747 [error] Error: No such branch: main.
	at N.getBranch (/usr/share/code/resources/app/extensions/git/dist/main.js:2:937115)
	at process.processTicksAndRejections (node:internal/process/task_queues:95:5)
	at async T.retryRun (/usr/share/code/resources/app/extensions/git/dist/main.js:2:1032816)
	at async T.run (/usr/share/code/resources/app/extensions/git/dist/main.js:2:1032420)
	at async T.getBranch (/usr/share/code/resources/app/extensions/git/dist/main.js:2:1020563)
	at async T.getBranchBase (/usr/share/code/resources/app/extensions/git/dist/main.js:2:1020849)
	at async t.GitHistoryProvider.resolveHEADMergeBase (/usr/share/code/resources/app/extensions/git/dist/main.js:2:948410)
	at async t.GitHistoryProvider.onDidRunGitStatus (/usr/share/code/resources/app/extensions/git/dist/main.js:2:941737)
2024-10-14 15:42:00.783 [error] Error: No such branch: main.
	at N.getBranch (/usr/share/code/resources/app/extensions/git/dist/main.js:2:937115)
	at async T.retryRun (/usr/share/code/resources/app/extensions/git/dist/main.js:2:1032816)
	at async T.run (/usr/share/code/resources/app/extensions/git/dist/main.js:2:1032420)
	at async T.getBranch (/usr/share/code/resources/app/extensions/git/dist/main.js:2:1020563)
	at async T.getBranchBase (/usr/share/code/resources/app/extensions/git/dist/main.js:2:1020849)
	at async t.GitHistoryProvider.resolveHEADMergeBase (/usr/share/code/resources/app/extensions/git/dist/main.js:2:948410)
	at async t.GitHistoryProvider.onDidRunGitStatus (/usr/share/code/resources/app/extensions/git/dist/main.js:2:941737)
2024-10-14 15:43:26.257 [error] Error: No such branch: main.
	at N.getBranch (/usr/share/code/resources/app/extensions/git/dist/main.js:2:937115)
	at process.processTicksAndRejections (node:internal/process/task_queues:95:5)
	at async T.retryRun (/usr/share/code/resources/app/extensions/git/dist/main.js:2:1032816)
	at async T.run (/usr/share/code/resources/app/extensions/git/dist/main.js:2:1032420)
	at async T.getBranch (/usr/share/code/resources/app/extensions/git/dist/main.js:2:1020563)
	at async T.getBranchBase (/usr/share/code/resources/app/extensions/git/dist/main.js:2:1020849)
	at async t.GitHistoryProvider.resolveHEADMergeBase (/usr/share/code/resources/app/extensions/git/dist/main.js:2:948410)
	at async t.GitHistoryProvider.onDidRunGitStatus (/usr/share/code/resources/app/extensions/git/dist/main.js:2:941737)
2024-10-14 15:43:31.316 [error] Error: No such branch: main.
	at N.getBranch (/usr/share/code/resources/app/extensions/git/dist/main.js:2:937115)
	at async T.retryRun (/usr/share/code/resources/app/extensions/git/dist/main.js:2:1032816)
	at async T.run (/usr/share/code/resources/app/extensions/git/dist/main.js:2:1032420)
	at async T.getBranch (/usr/share/code/resources/app/extensions/git/dist/main.js:2:1020563)
	at async T.getBranchBase (/usr/share/code/resources/app/extensions/git/dist/main.js:2:1020849)
	at async t.GitHistoryProvider.resolveHEADMergeBase (/usr/share/code/resources/app/extensions/git/dist/main.js:2:948410)
	at async t.GitHistoryProvider.onDidRunGitStatus (/usr/share/code/resources/app/extensions/git/dist/main.js:2:941737)
2024-10-14 15:43:39.877 [error] Error: No such branch: main.
	at N.getBranch (/usr/share/code/resources/app/extensions/git/dist/main.js:2:937115)
	at async T.retryRun (/usr/share/code/resources/app/extensions/git/dist/main.js:2:1032816)
	at async T.run (/usr/share/code/resources/app/extensions/git/dist/main.js:2:1032420)
	at async T.getBranch (/usr/share/code/resources/app/extensions/git/dist/main.js:2:1020563)
	at async T.getBranchBase (/usr/share/code/resources/app/extensions/git/dist/main.js:2:1020849)
	at async t.GitHistoryProvider.resolveHEADMergeBase (/usr/share/code/resources/app/extensions/git/dist/main.js:2:948410)
	at async t.GitHistoryProvider.onDidRunGitStatus (/usr/share/code/resources/app/extensions/git/dist/main.js:2:941737)
2024-10-14 15:43:44.908 [error] Error: No such branch: main.
	at N.getBranch (/usr/share/code/resources/app/extensions/git/dist/main.js:2:937115)
	at async T.retryRun (/usr/share/code/resources/app/extensions/git/dist/main.js:2:1032816)
	at async T.run (/usr/share/code/resources/app/extensions/git/dist/main.js:2:1032420)
	at async T.getBranch (/usr/share/code/resources/app/extensions/git/dist/main.js:2:1020563)
	at async T.getBranchBase (/usr/share/code/resources/app/extensions/git/dist/main.js:2:1020849)
	at async t.GitHistoryProvider.resolveHEADMergeBase (/usr/share/code/resources/app/extensions/git/dist/main.js:2:948410)
	at async t.GitHistoryProvider.onDidRunGitStatus (/usr/share/code/resources/app/extensions/git/dist/main.js:2:941737)
2024-10-14 15:43:49.973 [error] Error: No such branch: main.
	at N.getBranch (/usr/share/code/resources/app/extensions/git/dist/main.js:2:937115)
	at async T.retryRun (/usr/share/code/resources/app/extensions/git/dist/main.js:2:1032816)
	at async T.run (/usr/share/code/resources/app/extensions/git/dist/main.js:2:1032420)
	at async T.getBranch (/usr/share/code/resources/app/extensions/git/dist/main.js:2:1020563)
	at async T.getBranchBase (/usr/share/code/resources/app/extensions/git/dist/main.js:2:1020849)
	at async t.GitHistoryProvider.resolveHEADMergeBase (/usr/share/code/resources/app/extensions/git/dist/main.js:2:948410)
	at async t.GitHistoryProvider.onDidRunGitStatus (/usr/share/code/resources/app/extensions/git/dist/main.js:2:941737)
2024-10-14 15:43:55.003 [error] Error: No such branch: main.
	at N.getBranch (/usr/share/code/resources/app/extensions/git/dist/main.js:2:937115)
	at async T.retryRun (/usr/share/code/resources/app/extensions/git/dist/main.js:2:1032816)
	at async T.run (/usr/share/code/resources/app/extensions/git/dist/main.js:2:1032420)
	at async T.getBranch (/usr/share/code/resources/app/extensions/git/dist/main.js:2:1020563)
	at async T.getBranchBase (/usr/share/code/resources/app/extensions/git/dist/main.js:2:1020849)
	at async t.GitHistoryProvider.resolveHEADMergeBase (/usr/share/code/resources/app/extensions/git/dist/main.js:2:948410)
	at async t.GitHistoryProvider.onDidRunGitStatus (/usr/share/code/resources/app/extensions/git/dist/main.js:2:941737)
2024-10-14 15:44:09.331 [error] Error: No such branch: main.
	at N.getBranch (/usr/share/code/resources/app/extensions/git/dist/main.js:2:937115)
	at async T.retryRun (/usr/share/code/resources/app/extensions/git/dist/main.js:2:1032816)
	at async T.run (/usr/share/code/resources/app/extensions/git/dist/main.js:2:1032420)
	at async T.getBranch (/usr/share/code/resources/app/extensions/git/dist/main.js:2:1020563)
	at async T.getBranchBase (/usr/share/code/resources/app/extensions/git/dist/main.js:2:1020849)
	at async t.GitHistoryProvider.resolveHEADMergeBase (/usr/share/code/resources/app/extensions/git/dist/main.js:2:948410)
	at async t.GitHistoryProvider.onDidRunGitStatus (/usr/share/code/resources/app/extensions/git/dist/main.js:2:941737)
2024-10-14 15:44:14.405 [error] Error: No such branch: main.
	at N.getBranch (/usr/share/code/resources/app/extensions/git/dist/main.js:2:937115)
	at process.processTicksAndRejections (node:internal/process/task_queues:95:5)
	at async T.retryRun (/usr/share/code/resources/app/extensions/git/dist/main.js:2:1032816)
	at async T.run (/usr/share/code/resources/app/extensions/git/dist/main.js:2:1032420)
	at async T.getBranch (/usr/share/code/resources/app/extensions/git/dist/main.js:2:1020563)
	at async T.getBranchBase (/usr/share/code/resources/app/extensions/git/dist/main.js:2:1020849)
	at async t.GitHistoryProvider.resolveHEADMergeBase (/usr/share/code/resources/app/extensions/git/dist/main.js:2:948410)
	at async t.GitHistoryProvider.onDidRunGitStatus (/usr/share/code/resources/app/extensions/git/dist/main.js:2:941737)
2024-10-14 15:44:19.437 [error] Error: No such branch: main.
	at N.getBranch (/usr/share/code/resources/app/extensions/git/dist/main.js:2:937115)
	at process.processTicksAndRejections (node:internal/process/task_queues:95:5)
	at async T.retryRun (/usr/share/code/resources/app/extensions/git/dist/main.js:2:1032816)
	at async T.run (/usr/share/code/resources/app/extensions/git/dist/main.js:2:1032420)
	at async T.getBranch (/usr/share/code/resources/app/extensions/git/dist/main.js:2:1020563)
	at async T.getBranchBase (/usr/share/code/resources/app/extensions/git/dist/main.js:2:1020849)
	at async t.GitHistoryProvider.resolveHEADMergeBase (/usr/share/code/resources/app/extensions/git/dist/main.js:2:948410)
	at async t.GitHistoryProvider.onDidRunGitStatus (/usr/share/code/resources/app/extensions/git/dist/main.js:2:941737)
2024-10-14 15:44:25.063 [error] Error: No such branch: main.
	at N.getBranch (/usr/share/code/resources/app/extensions/git/dist/main.js:2:937115)
	at process.processTicksAndRejections (node:internal/process/task_queues:95:5)
	at async T.retryRun (/usr/share/code/resources/app/extensions/git/dist/main.js:2:1032816)
	at async T.run (/usr/share/code/resources/app/extensions/git/dist/main.js:2:1032420)
	at async T.getBranch (/usr/share/code/resources/app/extensions/git/dist/main.js:2:1020563)
	at async T.getBranchBase (/usr/share/code/resources/app/extensions/git/dist/main.js:2:1020849)
	at async t.GitHistoryProvider.resolveHEADMergeBase (/usr/share/code/resources/app/extensions/git/dist/main.js:2:948410)
	at async t.GitHistoryProvider.onDidRunGitStatus (/usr/share/code/resources/app/extensions/git/dist/main.js:2:941737)
2024-10-14 15:44:30.869 [error] Error: No such branch: main.
	at N.getBranch (/usr/share/code/resources/app/extensions/git/dist/main.js:2:937115)
	at async T.retryRun (/usr/share/code/resources/app/extensions/git/dist/main.js:2:1032816)
	at async T.run (/usr/share/code/resources/app/extensions/git/dist/main.js:2:1032420)
	at async T.getBranch (/usr/share/code/resources/app/extensions/git/dist/main.js:2:1020563)
	at async T.getBranchBase (/usr/share/code/resources/app/extensions/git/dist/main.js:2:1020849)
	at async t.GitHistoryProvider.resolveHEADMergeBase (/usr/share/code/resources/app/extensions/git/dist/main.js:2:948410)
	at async t.GitHistoryProvider.onDidRunGitStatus (/usr/share/code/resources/app/extensions/git/dist/main.js:2:941737)
2024-10-14 15:44:35.891 [error] Error: No such branch: main.
	at N.getBranch (/usr/share/code/resources/app/extensions/git/dist/main.js:2:937115)
	at async T.retryRun (/usr/share/code/resources/app/extensions/git/dist/main.js:2:1032816)
	at async T.run (/usr/share/code/resources/app/extensions/git/dist/main.js:2:1032420)
	at async T.getBranch (/usr/share/code/resources/app/extensions/git/dist/main.js:2:1020563)
	at async T.getBranchBase (/usr/share/code/resources/app/extensions/git/dist/main.js:2:1020849)
	at async t.GitHistoryProvider.resolveHEADMergeBase (/usr/share/code/resources/app/extensions/git/dist/main.js:2:948410)
	at async t.GitHistoryProvider.onDidRunGitStatus (/usr/share/code/resources/app/extensions/git/dist/main.js:2:941737)
2024-10-14 15:44:40.988 [error] Error: No such branch: main.
	at N.getBranch (/usr/share/code/resources/app/extensions/git/dist/main.js:2:937115)
	at async T.retryRun (/usr/share/code/resources/app/extensions/git/dist/main.js:2:1032816)
	at async T.run (/usr/share/code/resources/app/extensions/git/dist/main.js:2:1032420)
	at async T.getBranch (/usr/share/code/resources/app/extensions/git/dist/main.js:2:1020563)
	at async T.getBranchBase (/usr/share/code/resources/app/extensions/git/dist/main.js:2:1020849)
	at async t.GitHistoryProvider.resolveHEADMergeBase (/usr/share/code/resources/app/extensions/git/dist/main.js:2:948410)
	at async t.GitHistoryProvider.onDidRunGitStatus (/usr/share/code/resources/app/extensions/git/dist/main.js:2:941737)
2024-10-14 15:44:46.037 [error] Error: No such branch: main.
	at N.getBranch (/usr/share/code/resources/app/extensions/git/dist/main.js:2:937115)
	at process.processTicksAndRejections (node:internal/process/task_queues:95:5)
	at async T.retryRun (/usr/share/code/resources/app/extensions/git/dist/main.js:2:1032816)
	at async T.run (/usr/share/code/resources/app/extensions/git/dist/main.js:2:1032420)
	at async T.getBranch (/usr/share/code/resources/app/extensions/git/dist/main.js:2:1020563)
	at async T.getBranchBase (/usr/share/code/resources/app/extensions/git/dist/main.js:2:1020849)
	at async t.GitHistoryProvider.resolveHEADMergeBase (/usr/share/code/resources/app/extensions/git/dist/main.js:2:948410)
	at async t.GitHistoryProvider.onDidRunGitStatus (/usr/share/code/resources/app/extensions/git/dist/main.js:2:941737)
2024-10-14 15:44:51.088 [error] Error: No such branch: main.
	at N.getBranch (/usr/share/code/resources/app/extensions/git/dist/main.js:2:937115)
	at process.processTicksAndRejections (node:internal/process/task_queues:95:5)
	at async T.retryRun (/usr/share/code/resources/app/extensions/git/dist/main.js:2:1032816)
	at async T.run (/usr/share/code/resources/app/extensions/git/dist/main.js:2:1032420)
	at async T.getBranch (/usr/share/code/resources/app/extensions/git/dist/main.js:2:1020563)
	at async T.getBranchBase (/usr/share/code/resources/app/extensions/git/dist/main.js:2:1020849)
	at async t.GitHistoryProvider.resolveHEADMergeBase (/usr/share/code/resources/app/extensions/git/dist/main.js:2:948410)
	at async t.GitHistoryProvider.onDidRunGitStatus (/usr/share/code/resources/app/extensions/git/dist/main.js:2:941737)
2024-10-14 15:45:14.864 [error] Error: No such branch: main.
	at N.getBranch (/usr/share/code/resources/app/extensions/git/dist/main.js:2:937115)
	at async T.retryRun (/usr/share/code/resources/app/extensions/git/dist/main.js:2:1032816)
	at async T.run (/usr/share/code/resources/app/extensions/git/dist/main.js:2:1032420)
	at async T.getBranch (/usr/share/code/resources/app/extensions/git/dist/main.js:2:1020563)
	at async T.getBranchBase (/usr/share/code/resources/app/extensions/git/dist/main.js:2:1020849)
	at async t.GitHistoryProvider.resolveHEADMergeBase (/usr/share/code/resources/app/extensions/git/dist/main.js:2:948410)
	at async t.GitHistoryProvider.onDidRunGitStatus (/usr/share/code/resources/app/extensions/git/dist/main.js:2:941737)
2024-10-14 15:45:24.075 [error] Error: No such branch: main.
	at N.getBranch (/usr/share/code/resources/app/extensions/git/dist/main.js:2:937115)
	at process.processTicksAndRejections (node:internal/process/task_queues:95:5)
	at async T.retryRun (/usr/share/code/resources/app/extensions/git/dist/main.js:2:1032816)
	at async T.run (/usr/share/code/resources/app/extensions/git/dist/main.js:2:1032420)
	at async T.getBranch (/usr/share/code/resources/app/extensions/git/dist/main.js:2:1020563)
	at async T.getBranchBase (/usr/share/code/resources/app/extensions/git/dist/main.js:2:1020849)
	at async t.GitHistoryProvider.resolveHEADMergeBase (/usr/share/code/resources/app/extensions/git/dist/main.js:2:948410)
	at async t.GitHistoryProvider.onDidRunGitStatus (/usr/share/code/resources/app/extensions/git/dist/main.js:2:941737)
2024-10-14 15:45:29.109 [error] Error: No such branch: main.
	at N.getBranch (/usr/share/code/resources/app/extensions/git/dist/main.js:2:937115)
	at process.processTicksAndRejections (node:internal/process/task_queues:95:5)
	at async T.retryRun (/usr/share/code/resources/app/extensions/git/dist/main.js:2:1032816)
	at async T.run (/usr/share/code/resources/app/extensions/git/dist/main.js:2:1032420)
	at async T.getBranch (/usr/share/code/resources/app/extensions/git/dist/main.js:2:1020563)
	at async T.getBranchBase (/usr/share/code/resources/app/extensions/git/dist/main.js:2:1020849)
	at async t.GitHistoryProvider.resolveHEADMergeBase (/usr/share/code/resources/app/extensions/git/dist/main.js:2:948410)
	at async t.GitHistoryProvider.onDidRunGitStatus (/usr/share/code/resources/app/extensions/git/dist/main.js:2:941737)
2024-10-14 15:45:54.446 [error] Error: No such branch: main.
	at N.getBranch (/usr/share/code/resources/app/extensions/git/dist/main.js:2:937115)
	at process.processTicksAndRejections (node:internal/process/task_queues:95:5)
	at async T.retryRun (/usr/share/code/resources/app/extensions/git/dist/main.js:2:1032816)
	at async T.run (/usr/share/code/resources/app/extensions/git/dist/main.js:2:1032420)
	at async T.getBranch (/usr/share/code/resources/app/extensions/git/dist/main.js:2:1020563)
	at async T.getBranchBase (/usr/share/code/resources/app/extensions/git/dist/main.js:2:1020849)
	at async t.GitHistoryProvider.resolveHEADMergeBase (/usr/share/code/resources/app/extensions/git/dist/main.js:2:948410)
	at async t.GitHistoryProvider.onDidRunGitStatus (/usr/share/code/resources/app/extensions/git/dist/main.js:2:941737)
2024-10-14 15:45:59.503 [error] Error: No such branch: main.
	at N.getBranch (/usr/share/code/resources/app/extensions/git/dist/main.js:2:937115)
	at async T.retryRun (/usr/share/code/resources/app/extensions/git/dist/main.js:2:1032816)
	at async T.run (/usr/share/code/resources/app/extensions/git/dist/main.js:2:1032420)
	at async T.getBranch (/usr/share/code/resources/app/extensions/git/dist/main.js:2:1020563)
	at async T.getBranchBase (/usr/share/code/resources/app/extensions/git/dist/main.js:2:1020849)
	at async t.GitHistoryProvider.resolveHEADMergeBase (/usr/share/code/resources/app/extensions/git/dist/main.js:2:948410)
	at async t.GitHistoryProvider.onDidRunGitStatus (/usr/share/code/resources/app/extensions/git/dist/main.js:2:941737)
2024-10-14 15:46:08.088 [error] Error: No such branch: main.
	at N.getBranch (/usr/share/code/resources/app/extensions/git/dist/main.js:2:937115)
	at async T.retryRun (/usr/share/code/resources/app/extensions/git/dist/main.js:2:1032816)
	at async T.run (/usr/share/code/resources/app/extensions/git/dist/main.js:2:1032420)
	at async T.getBranch (/usr/share/code/resources/app/extensions/git/dist/main.js:2:1020563)
	at async T.getBranchBase (/usr/share/code/resources/app/extensions/git/dist/main.js:2:1020849)
	at async t.GitHistoryProvider.resolveHEADMergeBase (/usr/share/code/resources/app/extensions/git/dist/main.js:2:948410)
	at async t.GitHistoryProvider.onDidRunGitStatus (/usr/share/code/resources/app/extensions/git/dist/main.js:2:941737)
2024-10-14 15:46:14.408 [error] Error: No such branch: main.
	at N.getBranch (/usr/share/code/resources/app/extensions/git/dist/main.js:2:937115)
	at async T.retryRun (/usr/share/code/resources/app/extensions/git/dist/main.js:2:1032816)
	at async T.run (/usr/share/code/resources/app/extensions/git/dist/main.js:2:1032420)
	at async T.getBranch (/usr/share/code/resources/app/extensions/git/dist/main.js:2:1020563)
	at async T.getBranchBase (/usr/share/code/resources/app/extensions/git/dist/main.js:2:1020849)
	at async t.GitHistoryProvider.resolveHEADMergeBase (/usr/share/code/resources/app/extensions/git/dist/main.js:2:948410)
	at async t.GitHistoryProvider.onDidRunGitStatus (/usr/share/code/resources/app/extensions/git/dist/main.js:2:941737)
2024-10-14 15:46:19.464 [error] Error: No such branch: main.
	at N.getBranch (/usr/share/code/resources/app/extensions/git/dist/main.js:2:937115)
	at process.processTicksAndRejections (node:internal/process/task_queues:95:5)
	at async T.retryRun (/usr/share/code/resources/app/extensions/git/dist/main.js:2:1032816)
	at async T.run (/usr/share/code/resources/app/extensions/git/dist/main.js:2:1032420)
	at async T.getBranch (/usr/share/code/resources/app/extensions/git/dist/main.js:2:1020563)
	at async T.getBranchBase (/usr/share/code/resources/app/extensions/git/dist/main.js:2:1020849)
	at async t.GitHistoryProvider.resolveHEADMergeBase (/usr/share/code/resources/app/extensions/git/dist/main.js:2:948410)
	at async t.GitHistoryProvider.onDidRunGitStatus (/usr/share/code/resources/app/extensions/git/dist/main.js:2:941737)
2024-10-14 15:47:18.955 [error] Error: No such branch: main.
	at N.getBranch (/usr/share/code/resources/app/extensions/git/dist/main.js:2:937115)
	at async T.retryRun (/usr/share/code/resources/app/extensions/git/dist/main.js:2:1032816)
	at async T.run (/usr/share/code/resources/app/extensions/git/dist/main.js:2:1032420)
	at async T.getBranch (/usr/share/code/resources/app/extensions/git/dist/main.js:2:1020563)
	at async T.getBranchBase (/usr/share/code/resources/app/extensions/git/dist/main.js:2:1020849)
	at async t.GitHistoryProvider.resolveHEADMergeBase (/usr/share/code/resources/app/extensions/git/dist/main.js:2:948410)
	at async t.GitHistoryProvider.onDidRunGitStatus (/usr/share/code/resources/app/extensions/git/dist/main.js:2:941737)
2024-10-14 15:47:23.976 [error] Error: No such branch: main.
	at N.getBranch (/usr/share/code/resources/app/extensions/git/dist/main.js:2:937115)
	at async T.retryRun (/usr/share/code/resources/app/extensions/git/dist/main.js:2:1032816)
	at async T.run (/usr/share/code/resources/app/extensions/git/dist/main.js:2:1032420)
	at async T.getBranch (/usr/share/code/resources/app/extensions/git/dist/main.js:2:1020563)
	at async T.getBranchBase (/usr/share/code/resources/app/extensions/git/dist/main.js:2:1020849)
	at async t.GitHistoryProvider.resolveHEADMergeBase (/usr/share/code/resources/app/extensions/git/dist/main.js:2:948410)
	at async t.GitHistoryProvider.onDidRunGitStatus (/usr/share/code/resources/app/extensions/git/dist/main.js:2:941737)
2024-10-14 15:47:29.080 [error] Error: No such branch: main.
	at N.getBranch (/usr/share/code/resources/app/extensions/git/dist/main.js:2:937115)
	at async T.retryRun (/usr/share/code/resources/app/extensions/git/dist/main.js:2:1032816)
	at async T.run (/usr/share/code/resources/app/extensions/git/dist/main.js:2:1032420)
	at async T.getBranch (/usr/share/code/resources/app/extensions/git/dist/main.js:2:1020563)
	at async T.getBranchBase (/usr/share/code/resources/app/extensions/git/dist/main.js:2:1020849)
	at async t.GitHistoryProvider.resolveHEADMergeBase (/usr/share/code/resources/app/extensions/git/dist/main.js:2:948410)
	at async t.GitHistoryProvider.onDidRunGitStatus (/usr/share/code/resources/app/extensions/git/dist/main.js:2:941737)
2024-10-14 15:47:36.494 [error] Error: No such branch: main.
	at N.getBranch (/usr/share/code/resources/app/extensions/git/dist/main.js:2:937115)
	at process.processTicksAndRejections (node:internal/process/task_queues:95:5)
	at async T.retryRun (/usr/share/code/resources/app/extensions/git/dist/main.js:2:1032816)
	at async T.run (/usr/share/code/resources/app/extensions/git/dist/main.js:2:1032420)
	at async T.getBranch (/usr/share/code/resources/app/extensions/git/dist/main.js:2:1020563)
	at async T.getBranchBase (/usr/share/code/resources/app/extensions/git/dist/main.js:2:1020849)
	at async t.GitHistoryProvider.resolveHEADMergeBase (/usr/share/code/resources/app/extensions/git/dist/main.js:2:948410)
	at async t.GitHistoryProvider.onDidRunGitStatus (/usr/share/code/resources/app/extensions/git/dist/main.js:2:941737)
2024-10-14 15:47:44.252 [error] Error: No such branch: main.
	at N.getBranch (/usr/share/code/resources/app/extensions/git/dist/main.js:2:937115)
	at async T.retryRun (/usr/share/code/resources/app/extensions/git/dist/main.js:2:1032816)
	at async T.run (/usr/share/code/resources/app/extensions/git/dist/main.js:2:1032420)
	at async T.getBranch (/usr/share/code/resources/app/extensions/git/dist/main.js:2:1020563)
	at async T.getBranchBase (/usr/share/code/resources/app/extensions/git/dist/main.js:2:1020849)
	at async t.GitHistoryProvider.resolveHEADMergeBase (/usr/share/code/resources/app/extensions/git/dist/main.js:2:948410)
	at async t.GitHistoryProvider.onDidRunGitStatus (/usr/share/code/resources/app/extensions/git/dist/main.js:2:941737)
2024-10-14 15:47:49.281 [error] Error: No such branch: main.
	at N.getBranch (/usr/share/code/resources/app/extensions/git/dist/main.js:2:937115)
	at process.processTicksAndRejections (node:internal/process/task_queues:95:5)
	at async T.retryRun (/usr/share/code/resources/app/extensions/git/dist/main.js:2:1032816)
	at async T.run (/usr/share/code/resources/app/extensions/git/dist/main.js:2:1032420)
	at async T.getBranch (/usr/share/code/resources/app/extensions/git/dist/main.js:2:1020563)
	at async T.getBranchBase (/usr/share/code/resources/app/extensions/git/dist/main.js:2:1020849)
	at async t.GitHistoryProvider.resolveHEADMergeBase (/usr/share/code/resources/app/extensions/git/dist/main.js:2:948410)
	at async t.GitHistoryProvider.onDidRunGitStatus (/usr/share/code/resources/app/extensions/git/dist/main.js:2:941737)
2024-10-14 15:47:54.320 [error] Error: No such branch: main.
	at N.getBranch (/usr/share/code/resources/app/extensions/git/dist/main.js:2:937115)
	at async T.retryRun (/usr/share/code/resources/app/extensions/git/dist/main.js:2:1032816)
	at async T.run (/usr/share/code/resources/app/extensions/git/dist/main.js:2:1032420)
	at async T.getBranch (/usr/share/code/resources/app/extensions/git/dist/main.js:2:1020563)
	at async T.getBranchBase (/usr/share/code/resources/app/extensions/git/dist/main.js:2:1020849)
	at async t.GitHistoryProvider.resolveHEADMergeBase (/usr/share/code/resources/app/extensions/git/dist/main.js:2:948410)
	at async t.GitHistoryProvider.onDidRunGitStatus (/usr/share/code/resources/app/extensions/git/dist/main.js:2:941737)
2024-10-14 15:47:59.366 [error] Error: No such branch: main.
	at N.getBranch (/usr/share/code/resources/app/extensions/git/dist/main.js:2:937115)
	at process.processTicksAndRejections (node:internal/process/task_queues:95:5)
	at async T.retryRun (/usr/share/code/resources/app/extensions/git/dist/main.js:2:1032816)
	at async T.run (/usr/share/code/resources/app/extensions/git/dist/main.js:2:1032420)
	at async T.getBranch (/usr/share/code/resources/app/extensions/git/dist/main.js:2:1020563)
	at async T.getBranchBase (/usr/share/code/resources/app/extensions/git/dist/main.js:2:1020849)
	at async t.GitHistoryProvider.resolveHEADMergeBase (/usr/share/code/resources/app/extensions/git/dist/main.js:2:948410)
	at async t.GitHistoryProvider.onDidRunGitStatus (/usr/share/code/resources/app/extensions/git/dist/main.js:2:941737)
2024-10-14 15:48:08.113 [info] ExtensionService#_doActivateExtension vscode.npm, startup: false, activationEvent: 'onTerminalQuickFixRequest:ms-vscode.npm-command'
2024-10-14 15:50:33.934 [error] Error: No such branch: main.
	at N.getBranch (/usr/share/code/resources/app/extensions/git/dist/main.js:2:937115)
	at async T.retryRun (/usr/share/code/resources/app/extensions/git/dist/main.js:2:1032816)
	at async T.run (/usr/share/code/resources/app/extensions/git/dist/main.js:2:1032420)
	at async T.getBranch (/usr/share/code/resources/app/extensions/git/dist/main.js:2:1020563)
	at async T.getBranchBase (/usr/share/code/resources/app/extensions/git/dist/main.js:2:1020849)
	at async t.GitHistoryProvider.resolveHEADMergeBase (/usr/share/code/resources/app/extensions/git/dist/main.js:2:948410)
	at async t.GitHistoryProvider.onDidRunGitStatus (/usr/share/code/resources/app/extensions/git/dist/main.js:2:941737)
2024-10-14 15:50:34.961 [error] Error: No such branch: main.
	at N.getBranch (/usr/share/code/resources/app/extensions/git/dist/main.js:2:937115)
	at async T.retryRun (/usr/share/code/resources/app/extensions/git/dist/main.js:2:1032816)
	at async T.run (/usr/share/code/resources/app/extensions/git/dist/main.js:2:1032420)
	at async T.getBranch (/usr/share/code/resources/app/extensions/git/dist/main.js:2:1020563)
	at async T.getBranchBase (/usr/share/code/resources/app/extensions/git/dist/main.js:2:1020849)
	at async t.GitHistoryProvider.resolveHEADMergeBase (/usr/share/code/resources/app/extensions/git/dist/main.js:2:948410)
	at async t.GitHistoryProvider.onDidRunGitStatus (/usr/share/code/resources/app/extensions/git/dist/main.js:2:941737)
2024-10-14 15:51:14.825 [error] Error: No such branch: main.
	at N.getBranch (/usr/share/code/resources/app/extensions/git/dist/main.js:2:937115)
	at process.processTicksAndRejections (node:internal/process/task_queues:95:5)
	at async T.retryRun (/usr/share/code/resources/app/extensions/git/dist/main.js:2:1032816)
	at async T.run (/usr/share/code/resources/app/extensions/git/dist/main.js:2:1032420)
	at async T.getBranch (/usr/share/code/resources/app/extensions/git/dist/main.js:2:1020563)
	at async T.getBranchBase (/usr/share/code/resources/app/extensions/git/dist/main.js:2:1020849)
	at async t.GitHistoryProvider.resolveHEADMergeBase (/usr/share/code/resources/app/extensions/git/dist/main.js:2:948410)
	at async t.GitHistoryProvider.onDidRunGitStatus (/usr/share/code/resources/app/extensions/git/dist/main.js:2:941737)
2024-10-14 15:51:19.872 [error] Error: No such branch: main.
	at N.getBranch (/usr/share/code/resources/app/extensions/git/dist/main.js:2:937115)
	at async T.retryRun (/usr/share/code/resources/app/extensions/git/dist/main.js:2:1032816)
	at async T.run (/usr/share/code/resources/app/extensions/git/dist/main.js:2:1032420)
	at async T.getBranch (/usr/share/code/resources/app/extensions/git/dist/main.js:2:1020563)
	at async T.getBranchBase (/usr/share/code/resources/app/extensions/git/dist/main.js:2:1020849)
	at async t.GitHistoryProvider.resolveHEADMergeBase (/usr/share/code/resources/app/extensions/git/dist/main.js:2:948410)
	at async t.GitHistoryProvider.onDidRunGitStatus (/usr/share/code/resources/app/extensions/git/dist/main.js:2:941737)
2024-10-14 15:51:24.936 [error] Error: No such branch: main.
	at N.getBranch (/usr/share/code/resources/app/extensions/git/dist/main.js:2:937115)
	at async T.retryRun (/usr/share/code/resources/app/extensions/git/dist/main.js:2:1032816)
	at async T.run (/usr/share/code/resources/app/extensions/git/dist/main.js:2:1032420)
	at async T.getBranch (/usr/share/code/resources/app/extensions/git/dist/main.js:2:1020563)
	at async T.getBranchBase (/usr/share/code/resources/app/extensions/git/dist/main.js:2:1020849)
	at async t.GitHistoryProvider.resolveHEADMergeBase (/usr/share/code/resources/app/extensions/git/dist/main.js:2:948410)
	at async t.GitHistoryProvider.onDidRunGitStatus (/usr/share/code/resources/app/extensions/git/dist/main.js:2:941737)
2024-10-14 15:51:29.956 [error] Error: No such branch: main.
	at N.getBranch (/usr/share/code/resources/app/extensions/git/dist/main.js:2:937115)
	at async T.retryRun (/usr/share/code/resources/app/extensions/git/dist/main.js:2:1032816)
	at async T.run (/usr/share/code/resources/app/extensions/git/dist/main.js:2:1032420)
	at async T.getBranch (/usr/share/code/resources/app/extensions/git/dist/main.js:2:1020563)
	at async T.getBranchBase (/usr/share/code/resources/app/extensions/git/dist/main.js:2:1020849)
	at async t.GitHistoryProvider.resolveHEADMergeBase (/usr/share/code/resources/app/extensions/git/dist/main.js:2:948410)
	at async t.GitHistoryProvider.onDidRunGitStatus (/usr/share/code/resources/app/extensions/git/dist/main.js:2:941737)
2024-10-14 15:51:35.008 [error] Error: No such branch: main.
	at N.getBranch (/usr/share/code/resources/app/extensions/git/dist/main.js:2:937115)
	at async T.retryRun (/usr/share/code/resources/app/extensions/git/dist/main.js:2:1032816)
	at async T.run (/usr/share/code/resources/app/extensions/git/dist/main.js:2:1032420)
	at async T.getBranch (/usr/share/code/resources/app/extensions/git/dist/main.js:2:1020563)
	at async T.getBranchBase (/usr/share/code/resources/app/extensions/git/dist/main.js:2:1020849)
	at async t.GitHistoryProvider.resolveHEADMergeBase (/usr/share/code/resources/app/extensions/git/dist/main.js:2:948410)
	at async t.GitHistoryProvider.onDidRunGitStatus (/usr/share/code/resources/app/extensions/git/dist/main.js:2:941737)
2024-10-14 15:51:40.038 [error] Error: No such branch: main.
	at N.getBranch (/usr/share/code/resources/app/extensions/git/dist/main.js:2:937115)
	at process.processTicksAndRejections (node:internal/process/task_queues:95:5)
	at async T.retryRun (/usr/share/code/resources/app/extensions/git/dist/main.js:2:1032816)
	at async T.run (/usr/share/code/resources/app/extensions/git/dist/main.js:2:1032420)
	at async T.getBranch (/usr/share/code/resources/app/extensions/git/dist/main.js:2:1020563)
	at async T.getBranchBase (/usr/share/code/resources/app/extensions/git/dist/main.js:2:1020849)
	at async t.GitHistoryProvider.resolveHEADMergeBase (/usr/share/code/resources/app/extensions/git/dist/main.js:2:948410)
	at async t.GitHistoryProvider.onDidRunGitStatus (/usr/share/code/resources/app/extensions/git/dist/main.js:2:941737)
2024-10-14 15:51:45.071 [error] Error: No such branch: main.
	at N.getBranch (/usr/share/code/resources/app/extensions/git/dist/main.js:2:937115)
	at async T.retryRun (/usr/share/code/resources/app/extensions/git/dist/main.js:2:1032816)
	at async T.run (/usr/share/code/resources/app/extensions/git/dist/main.js:2:1032420)
	at async T.getBranch (/usr/share/code/resources/app/extensions/git/dist/main.js:2:1020563)
	at async T.getBranchBase (/usr/share/code/resources/app/extensions/git/dist/main.js:2:1020849)
	at async t.GitHistoryProvider.resolveHEADMergeBase (/usr/share/code/resources/app/extensions/git/dist/main.js:2:948410)
	at async t.GitHistoryProvider.onDidRunGitStatus (/usr/share/code/resources/app/extensions/git/dist/main.js:2:941737)
2024-10-14 15:51:50.358 [error] Error: No such branch: main.
	at N.getBranch (/usr/share/code/resources/app/extensions/git/dist/main.js:2:937115)
	at process.processTicksAndRejections (node:internal/process/task_queues:95:5)
	at async T.retryRun (/usr/share/code/resources/app/extensions/git/dist/main.js:2:1032816)
	at async T.run (/usr/share/code/resources/app/extensions/git/dist/main.js:2:1032420)
	at async T.getBranch (/usr/share/code/resources/app/extensions/git/dist/main.js:2:1020563)
	at async T.getBranchBase (/usr/share/code/resources/app/extensions/git/dist/main.js:2:1020849)
	at async t.GitHistoryProvider.resolveHEADMergeBase (/usr/share/code/resources/app/extensions/git/dist/main.js:2:948410)
	at async t.GitHistoryProvider.onDidRunGitStatus (/usr/share/code/resources/app/extensions/git/dist/main.js:2:941737)
2024-10-14 15:52:05.140 [error] Error: No such branch: main.
	at N.getBranch (/usr/share/code/resources/app/extensions/git/dist/main.js:2:937115)
	at async T.retryRun (/usr/share/code/resources/app/extensions/git/dist/main.js:2:1032816)
	at async T.run (/usr/share/code/resources/app/extensions/git/dist/main.js:2:1032420)
	at async T.getBranch (/usr/share/code/resources/app/extensions/git/dist/main.js:2:1020563)
	at async T.getBranchBase (/usr/share/code/resources/app/extensions/git/dist/main.js:2:1020849)
	at async t.GitHistoryProvider.resolveHEADMergeBase (/usr/share/code/resources/app/extensions/git/dist/main.js:2:948410)
	at async t.GitHistoryProvider.onDidRunGitStatus (/usr/share/code/resources/app/extensions/git/dist/main.js:2:941737)
2024-10-14 15:52:33.643 [error] Error: No such branch: main.
	at N.getBranch (/usr/share/code/resources/app/extensions/git/dist/main.js:2:937115)
	at async T.retryRun (/usr/share/code/resources/app/extensions/git/dist/main.js:2:1032816)
	at async T.run (/usr/share/code/resources/app/extensions/git/dist/main.js:2:1032420)
	at async T.getBranch (/usr/share/code/resources/app/extensions/git/dist/main.js:2:1020563)
	at async T.getBranchBase (/usr/share/code/resources/app/extensions/git/dist/main.js:2:1020849)
	at async t.GitHistoryProvider.resolveHEADMergeBase (/usr/share/code/resources/app/extensions/git/dist/main.js:2:948410)
	at async t.GitHistoryProvider.onDidRunGitStatus (/usr/share/code/resources/app/extensions/git/dist/main.js:2:941737)
2024-10-14 15:52:45.163 [error] Error: No such branch: main.
	at N.getBranch (/usr/share/code/resources/app/extensions/git/dist/main.js:2:937115)
	at async T.retryRun (/usr/share/code/resources/app/extensions/git/dist/main.js:2:1032816)
	at async T.run (/usr/share/code/resources/app/extensions/git/dist/main.js:2:1032420)
	at async T.getBranch (/usr/share/code/resources/app/extensions/git/dist/main.js:2:1020563)
	at async T.getBranchBase (/usr/share/code/resources/app/extensions/git/dist/main.js:2:1020849)
	at async t.GitHistoryProvider.resolveHEADMergeBase (/usr/share/code/resources/app/extensions/git/dist/main.js:2:948410)
	at async t.GitHistoryProvider.onDidRunGitStatus (/usr/share/code/resources/app/extensions/git/dist/main.js:2:941737)
2024-10-14 15:52:50.185 [error] Error: No such branch: main.
	at N.getBranch (/usr/share/code/resources/app/extensions/git/dist/main.js:2:937115)
	at async T.retryRun (/usr/share/code/resources/app/extensions/git/dist/main.js:2:1032816)
	at async T.run (/usr/share/code/resources/app/extensions/git/dist/main.js:2:1032420)
	at async T.getBranch (/usr/share/code/resources/app/extensions/git/dist/main.js:2:1020563)
	at async T.getBranchBase (/usr/share/code/resources/app/extensions/git/dist/main.js:2:1020849)
	at async t.GitHistoryProvider.resolveHEADMergeBase (/usr/share/code/resources/app/extensions/git/dist/main.js:2:948410)
	at async t.GitHistoryProvider.onDidRunGitStatus (/usr/share/code/resources/app/extensions/git/dist/main.js:2:941737)
2024-10-14 15:53:34.161 [error] Error: No such branch: main.
	at N.getBranch (/usr/share/code/resources/app/extensions/git/dist/main.js:2:937115)
	at async T.retryRun (/usr/share/code/resources/app/extensions/git/dist/main.js:2:1032816)
	at async T.run (/usr/share/code/resources/app/extensions/git/dist/main.js:2:1032420)
	at async T.getBranch (/usr/share/code/resources/app/extensions/git/dist/main.js:2:1020563)
	at async T.getBranchBase (/usr/share/code/resources/app/extensions/git/dist/main.js:2:1020849)
	at async t.GitHistoryProvider.resolveHEADMergeBase (/usr/share/code/resources/app/extensions/git/dist/main.js:2:948410)
	at async t.GitHistoryProvider.onDidRunGitStatus (/usr/share/code/resources/app/extensions/git/dist/main.js:2:941737)
2024-10-14 15:53:39.406 [error] Error: No such branch: main.
	at N.getBranch (/usr/share/code/resources/app/extensions/git/dist/main.js:2:937115)
	at process.processTicksAndRejections (node:internal/process/task_queues:95:5)
	at async T.retryRun (/usr/share/code/resources/app/extensions/git/dist/main.js:2:1032816)
	at async T.run (/usr/share/code/resources/app/extensions/git/dist/main.js:2:1032420)
	at async T.getBranch (/usr/share/code/resources/app/extensions/git/dist/main.js:2:1020563)
	at async T.getBranchBase (/usr/share/code/resources/app/extensions/git/dist/main.js:2:1020849)
	at async t.GitHistoryProvider.resolveHEADMergeBase (/usr/share/code/resources/app/extensions/git/dist/main.js:2:948410)
	at async t.GitHistoryProvider.onDidRunGitStatus (/usr/share/code/resources/app/extensions/git/dist/main.js:2:941737)
2024-10-14 15:53:44.456 [error] Error: No such branch: main.
	at N.getBranch (/usr/share/code/resources/app/extensions/git/dist/main.js:2:937115)
	at process.processTicksAndRejections (node:internal/process/task_queues:95:5)
	at async T.retryRun (/usr/share/code/resources/app/extensions/git/dist/main.js:2:1032816)
	at async T.run (/usr/share/code/resources/app/extensions/git/dist/main.js:2:1032420)
	at async T.getBranch (/usr/share/code/resources/app/extensions/git/dist/main.js:2:1020563)
	at async T.getBranchBase (/usr/share/code/resources/app/extensions/git/dist/main.js:2:1020849)
	at async t.GitHistoryProvider.resolveHEADMergeBase (/usr/share/code/resources/app/extensions/git/dist/main.js:2:948410)
	at async t.GitHistoryProvider.onDidRunGitStatus (/usr/share/code/resources/app/extensions/git/dist/main.js:2:941737)
2024-10-14 15:54:01.408 [error] Error: No such branch: main.
	at N.getBranch (/usr/share/code/resources/app/extensions/git/dist/main.js:2:937115)
	at async T.retryRun (/usr/share/code/resources/app/extensions/git/dist/main.js:2:1032816)
	at async T.run (/usr/share/code/resources/app/extensions/git/dist/main.js:2:1032420)
	at async T.getBranch (/usr/share/code/resources/app/extensions/git/dist/main.js:2:1020563)
	at async T.getBranchBase (/usr/share/code/resources/app/extensions/git/dist/main.js:2:1020849)
	at async t.GitHistoryProvider.resolveHEADMergeBase (/usr/share/code/resources/app/extensions/git/dist/main.js:2:948410)
	at async t.GitHistoryProvider.onDidRunGitStatus (/usr/share/code/resources/app/extensions/git/dist/main.js:2:941737)
2024-10-14 15:54:08.452 [error] Error: No such branch: main.
	at N.getBranch (/usr/share/code/resources/app/extensions/git/dist/main.js:2:937115)
	at process.processTicksAndRejections (node:internal/process/task_queues:95:5)
	at async T.retryRun (/usr/share/code/resources/app/extensions/git/dist/main.js:2:1032816)
	at async T.run (/usr/share/code/resources/app/extensions/git/dist/main.js:2:1032420)
	at async T.getBranch (/usr/share/code/resources/app/extensions/git/dist/main.js:2:1020563)
	at async T.getBranchBase (/usr/share/code/resources/app/extensions/git/dist/main.js:2:1020849)
	at async t.GitHistoryProvider.resolveHEADMergeBase (/usr/share/code/resources/app/extensions/git/dist/main.js:2:948410)
	at async t.GitHistoryProvider.onDidRunGitStatus (/usr/share/code/resources/app/extensions/git/dist/main.js:2:941737)
2024-10-14 15:54:13.537 [error] Error: No such branch: main.
	at N.getBranch (/usr/share/code/resources/app/extensions/git/dist/main.js:2:937115)
	at process.processTicksAndRejections (node:internal/process/task_queues:95:5)
	at async T.retryRun (/usr/share/code/resources/app/extensions/git/dist/main.js:2:1032816)
	at async T.run (/usr/share/code/resources/app/extensions/git/dist/main.js:2:1032420)
	at async T.getBranch (/usr/share/code/resources/app/extensions/git/dist/main.js:2:1020563)
	at async T.getBranchBase (/usr/share/code/resources/app/extensions/git/dist/main.js:2:1020849)
	at async t.GitHistoryProvider.resolveHEADMergeBase (/usr/share/code/resources/app/extensions/git/dist/main.js:2:948410)
	at async t.GitHistoryProvider.onDidRunGitStatus (/usr/share/code/resources/app/extensions/git/dist/main.js:2:941737)
2024-10-14 15:54:18.579 [error] Error: No such branch: main.
	at N.getBranch (/usr/share/code/resources/app/extensions/git/dist/main.js:2:937115)
	at async T.retryRun (/usr/share/code/resources/app/extensions/git/dist/main.js:2:1032816)
	at async T.run (/usr/share/code/resources/app/extensions/git/dist/main.js:2:1032420)
	at async T.getBranch (/usr/share/code/resources/app/extensions/git/dist/main.js:2:1020563)
	at async T.getBranchBase (/usr/share/code/resources/app/extensions/git/dist/main.js:2:1020849)
	at async t.GitHistoryProvider.resolveHEADMergeBase (/usr/share/code/resources/app/extensions/git/dist/main.js:2:948410)
	at async t.GitHistoryProvider.onDidRunGitStatus (/usr/share/code/resources/app/extensions/git/dist/main.js:2:941737)
2024-10-14 15:54:23.603 [error] Error: No such branch: main.
	at N.getBranch (/usr/share/code/resources/app/extensions/git/dist/main.js:2:937115)
	at async T.retryRun (/usr/share/code/resources/app/extensions/git/dist/main.js:2:1032816)
	at async T.run (/usr/share/code/resources/app/extensions/git/dist/main.js:2:1032420)
	at async T.getBranch (/usr/share/code/resources/app/extensions/git/dist/main.js:2:1020563)
	at async T.getBranchBase (/usr/share/code/resources/app/extensions/git/dist/main.js:2:1020849)
	at async t.GitHistoryProvider.resolveHEADMergeBase (/usr/share/code/resources/app/extensions/git/dist/main.js:2:948410)
	at async t.GitHistoryProvider.onDidRunGitStatus (/usr/share/code/resources/app/extensions/git/dist/main.js:2:941737)
2024-10-14 15:54:28.632 [error] Error: No such branch: main.
	at N.getBranch (/usr/share/code/resources/app/extensions/git/dist/main.js:2:937115)
	at process.processTicksAndRejections (node:internal/process/task_queues:95:5)
	at async T.retryRun (/usr/share/code/resources/app/extensions/git/dist/main.js:2:1032816)
	at async T.run (/usr/share/code/resources/app/extensions/git/dist/main.js:2:1032420)
	at async T.getBranch (/usr/share/code/resources/app/extensions/git/dist/main.js:2:1020563)
	at async T.getBranchBase (/usr/share/code/resources/app/extensions/git/dist/main.js:2:1020849)
	at async t.GitHistoryProvider.resolveHEADMergeBase (/usr/share/code/resources/app/extensions/git/dist/main.js:2:948410)
	at async t.GitHistoryProvider.onDidRunGitStatus (/usr/share/code/resources/app/extensions/git/dist/main.js:2:941737)
2024-10-14 15:54:33.690 [error] Error: No such branch: main.
	at N.getBranch (/usr/share/code/resources/app/extensions/git/dist/main.js:2:937115)
	at async T.retryRun (/usr/share/code/resources/app/extensions/git/dist/main.js:2:1032816)
	at async T.run (/usr/share/code/resources/app/extensions/git/dist/main.js:2:1032420)
	at async T.getBranch (/usr/share/code/resources/app/extensions/git/dist/main.js:2:1020563)
	at async T.getBranchBase (/usr/share/code/resources/app/extensions/git/dist/main.js:2:1020849)
	at async t.GitHistoryProvider.resolveHEADMergeBase (/usr/share/code/resources/app/extensions/git/dist/main.js:2:948410)
	at async t.GitHistoryProvider.onDidRunGitStatus (/usr/share/code/resources/app/extensions/git/dist/main.js:2:941737)
2024-10-14 15:54:59.992 [error] Error: No such branch: main.
	at N.getBranch (/usr/share/code/resources/app/extensions/git/dist/main.js:2:937115)
	at process.processTicksAndRejections (node:internal/process/task_queues:95:5)
	at async T.retryRun (/usr/share/code/resources/app/extensions/git/dist/main.js:2:1032816)
	at async T.run (/usr/share/code/resources/app/extensions/git/dist/main.js:2:1032420)
	at async T.getBranch (/usr/share/code/resources/app/extensions/git/dist/main.js:2:1020563)
	at async T.getBranchBase (/usr/share/code/resources/app/extensions/git/dist/main.js:2:1020849)
	at async t.GitHistoryProvider.resolveHEADMergeBase (/usr/share/code/resources/app/extensions/git/dist/main.js:2:948410)
	at async t.GitHistoryProvider.onDidRunGitStatus (/usr/share/code/resources/app/extensions/git/dist/main.js:2:941737)
2024-10-14 15:56:05.002 [error] Error: No such branch: main.
	at N.getBranch (/usr/share/code/resources/app/extensions/git/dist/main.js:2:937115)
	at process.processTicksAndRejections (node:internal/process/task_queues:95:5)
	at async T.retryRun (/usr/share/code/resources/app/extensions/git/dist/main.js:2:1032816)
	at async T.run (/usr/share/code/resources/app/extensions/git/dist/main.js:2:1032420)
	at async T.getBranch (/usr/share/code/resources/app/extensions/git/dist/main.js:2:1020563)
	at async T.getBranchBase (/usr/share/code/resources/app/extensions/git/dist/main.js:2:1020849)
	at async t.GitHistoryProvider.resolveHEADMergeBase (/usr/share/code/resources/app/extensions/git/dist/main.js:2:948410)
	at async t.GitHistoryProvider.onDidRunGitStatus (/usr/share/code/resources/app/extensions/git/dist/main.js:2:941737)
2024-10-14 15:56:10.044 [error] Error: No such branch: main.
	at N.getBranch (/usr/share/code/resources/app/extensions/git/dist/main.js:2:937115)
	at async T.retryRun (/usr/share/code/resources/app/extensions/git/dist/main.js:2:1032816)
	at async T.run (/usr/share/code/resources/app/extensions/git/dist/main.js:2:1032420)
	at async T.getBranch (/usr/share/code/resources/app/extensions/git/dist/main.js:2:1020563)
	at async T.getBranchBase (/usr/share/code/resources/app/extensions/git/dist/main.js:2:1020849)
	at async t.GitHistoryProvider.resolveHEADMergeBase (/usr/share/code/resources/app/extensions/git/dist/main.js:2:948410)
	at async t.GitHistoryProvider.onDidRunGitStatus (/usr/share/code/resources/app/extensions/git/dist/main.js:2:941737)
2024-10-14 15:56:55.594 [error] Error: No such branch: main.
	at N.getBranch (/usr/share/code/resources/app/extensions/git/dist/main.js:2:937115)
	at async T.retryRun (/usr/share/code/resources/app/extensions/git/dist/main.js:2:1032816)
	at async T.run (/usr/share/code/resources/app/extensions/git/dist/main.js:2:1032420)
	at async T.getBranch (/usr/share/code/resources/app/extensions/git/dist/main.js:2:1020563)
	at async T.getBranchBase (/usr/share/code/resources/app/extensions/git/dist/main.js:2:1020849)
	at async t.GitHistoryProvider.resolveHEADMergeBase (/usr/share/code/resources/app/extensions/git/dist/main.js:2:948410)
	at async t.GitHistoryProvider.onDidRunGitStatus (/usr/share/code/resources/app/extensions/git/dist/main.js:2:941737)
2024-10-14 15:57:00.620 [error] Error: No such branch: main.
	at N.getBranch (/usr/share/code/resources/app/extensions/git/dist/main.js:2:937115)
	at process.processTicksAndRejections (node:internal/process/task_queues:95:5)
	at async T.retryRun (/usr/share/code/resources/app/extensions/git/dist/main.js:2:1032816)
	at async T.run (/usr/share/code/resources/app/extensions/git/dist/main.js:2:1032420)
	at async T.getBranch (/usr/share/code/resources/app/extensions/git/dist/main.js:2:1020563)
	at async T.getBranchBase (/usr/share/code/resources/app/extensions/git/dist/main.js:2:1020849)
	at async t.GitHistoryProvider.resolveHEADMergeBase (/usr/share/code/resources/app/extensions/git/dist/main.js:2:948410)
	at async t.GitHistoryProvider.onDidRunGitStatus (/usr/share/code/resources/app/extensions/git/dist/main.js:2:941737)
2024-10-14 15:57:58.106 [error] Error: No such branch: main.
	at N.getBranch (/usr/share/code/resources/app/extensions/git/dist/main.js:2:937115)
	at async T.retryRun (/usr/share/code/resources/app/extensions/git/dist/main.js:2:1032816)
	at async T.run (/usr/share/code/resources/app/extensions/git/dist/main.js:2:1032420)
	at async T.getBranch (/usr/share/code/resources/app/extensions/git/dist/main.js:2:1020563)
	at async T.getBranchBase (/usr/share/code/resources/app/extensions/git/dist/main.js:2:1020849)
	at async t.GitHistoryProvider.resolveHEADMergeBase (/usr/share/code/resources/app/extensions/git/dist/main.js:2:948410)
	at async t.GitHistoryProvider.onDidRunGitStatus (/usr/share/code/resources/app/extensions/git/dist/main.js:2:941737)
2024-10-14 15:58:06.286 [error] Error: No such branch: main.
	at N.getBranch (/usr/share/code/resources/app/extensions/git/dist/main.js:2:937115)
	at process.processTicksAndRejections (node:internal/process/task_queues:95:5)
	at async T.retryRun (/usr/share/code/resources/app/extensions/git/dist/main.js:2:1032816)
	at async T.run (/usr/share/code/resources/app/extensions/git/dist/main.js:2:1032420)
	at async T.getBranch (/usr/share/code/resources/app/extensions/git/dist/main.js:2:1020563)
	at async T.getBranchBase (/usr/share/code/resources/app/extensions/git/dist/main.js:2:1020849)
	at async t.GitHistoryProvider.resolveHEADMergeBase (/usr/share/code/resources/app/extensions/git/dist/main.js:2:948410)
	at async t.GitHistoryProvider.onDidRunGitStatus (/usr/share/code/resources/app/extensions/git/dist/main.js:2:941737)
2024-10-14 15:58:17.289 [error] Error: No such branch: main.
	at N.getBranch (/usr/share/code/resources/app/extensions/git/dist/main.js:2:937115)
	at async T.retryRun (/usr/share/code/resources/app/extensions/git/dist/main.js:2:1032816)
	at async T.run (/usr/share/code/resources/app/extensions/git/dist/main.js:2:1032420)
	at async T.getBranch (/usr/share/code/resources/app/extensions/git/dist/main.js:2:1020563)
	at async T.getBranchBase (/usr/share/code/resources/app/extensions/git/dist/main.js:2:1020849)
	at async t.GitHistoryProvider.resolveHEADMergeBase (/usr/share/code/resources/app/extensions/git/dist/main.js:2:948410)
	at async t.GitHistoryProvider.onDidRunGitStatus (/usr/share/code/resources/app/extensions/git/dist/main.js:2:941737)
2024-10-14 15:58:22.308 [error] Error: No such branch: main.
	at N.getBranch (/usr/share/code/resources/app/extensions/git/dist/main.js:2:937115)
	at process.processTicksAndRejections (node:internal/process/task_queues:95:5)
	at async T.retryRun (/usr/share/code/resources/app/extensions/git/dist/main.js:2:1032816)
	at async T.run (/usr/share/code/resources/app/extensions/git/dist/main.js:2:1032420)
	at async T.getBranch (/usr/share/code/resources/app/extensions/git/dist/main.js:2:1020563)
	at async T.getBranchBase (/usr/share/code/resources/app/extensions/git/dist/main.js:2:1020849)
	at async t.GitHistoryProvider.resolveHEADMergeBase (/usr/share/code/resources/app/extensions/git/dist/main.js:2:948410)
	at async t.GitHistoryProvider.onDidRunGitStatus (/usr/share/code/resources/app/extensions/git/dist/main.js:2:941737)
2024-10-14 15:58:27.348 [error] Error: No such branch: main.
	at N.getBranch (/usr/share/code/resources/app/extensions/git/dist/main.js:2:937115)
	at async T.retryRun (/usr/share/code/resources/app/extensions/git/dist/main.js:2:1032816)
	at async T.run (/usr/share/code/resources/app/extensions/git/dist/main.js:2:1032420)
	at async T.getBranch (/usr/share/code/resources/app/extensions/git/dist/main.js:2:1020563)
	at async T.getBranchBase (/usr/share/code/resources/app/extensions/git/dist/main.js:2:1020849)
	at async t.GitHistoryProvider.resolveHEADMergeBase (/usr/share/code/resources/app/extensions/git/dist/main.js:2:948410)
	at async t.GitHistoryProvider.onDidRunGitStatus (/usr/share/code/resources/app/extensions/git/dist/main.js:2:941737)
2024-10-14 15:58:55.844 [error] Error: No such branch: main.
	at N.getBranch (/usr/share/code/resources/app/extensions/git/dist/main.js:2:937115)
	at process.processTicksAndRejections (node:internal/process/task_queues:95:5)
	at async T.retryRun (/usr/share/code/resources/app/extensions/git/dist/main.js:2:1032816)
	at async T.run (/usr/share/code/resources/app/extensions/git/dist/main.js:2:1032420)
	at async T.getBranch (/usr/share/code/resources/app/extensions/git/dist/main.js:2:1020563)
	at async T.getBranchBase (/usr/share/code/resources/app/extensions/git/dist/main.js:2:1020849)
	at async t.GitHistoryProvider.resolveHEADMergeBase (/usr/share/code/resources/app/extensions/git/dist/main.js:2:948410)
	at async t.GitHistoryProvider.onDidRunGitStatus (/usr/share/code/resources/app/extensions/git/dist/main.js:2:941737)
2024-10-14 16:00:09.270 [error] Error: No such branch: main.
	at N.getBranch (/usr/share/code/resources/app/extensions/git/dist/main.js:2:937115)
	at process.processTicksAndRejections (node:internal/process/task_queues:95:5)
	at async T.retryRun (/usr/share/code/resources/app/extensions/git/dist/main.js:2:1032816)
	at async T.run (/usr/share/code/resources/app/extensions/git/dist/main.js:2:1032420)
	at async T.getBranch (/usr/share/code/resources/app/extensions/git/dist/main.js:2:1020563)
	at async T.getBranchBase (/usr/share/code/resources/app/extensions/git/dist/main.js:2:1020849)
	at async t.GitHistoryProvider.resolveHEADMergeBase (/usr/share/code/resources/app/extensions/git/dist/main.js:2:948410)
	at async t.GitHistoryProvider.onDidRunGitStatus (/usr/share/code/resources/app/extensions/git/dist/main.js:2:941737)
2024-10-14 16:02:23.443 [error] Error: No such branch: main.
	at N.getBranch (/usr/share/code/resources/app/extensions/git/dist/main.js:2:937115)
	at async T.retryRun (/usr/share/code/resources/app/extensions/git/dist/main.js:2:1032816)
	at async T.run (/usr/share/code/resources/app/extensions/git/dist/main.js:2:1032420)
	at async T.getBranch (/usr/share/code/resources/app/extensions/git/dist/main.js:2:1020563)
	at async T.getBranchBase (/usr/share/code/resources/app/extensions/git/dist/main.js:2:1020849)
	at async t.GitHistoryProvider.resolveHEADMergeBase (/usr/share/code/resources/app/extensions/git/dist/main.js:2:948410)
	at async t.GitHistoryProvider.onDidRunGitStatus (/usr/share/code/resources/app/extensions/git/dist/main.js:2:941737)
2024-10-14 16:02:28.504 [error] Error: No such branch: main.
	at N.getBranch (/usr/share/code/resources/app/extensions/git/dist/main.js:2:937115)
	at async T.retryRun (/usr/share/code/resources/app/extensions/git/dist/main.js:2:1032816)
	at async T.run (/usr/share/code/resources/app/extensions/git/dist/main.js:2:1032420)
	at async T.getBranch (/usr/share/code/resources/app/extensions/git/dist/main.js:2:1020563)
	at async T.getBranchBase (/usr/share/code/resources/app/extensions/git/dist/main.js:2:1020849)
	at async t.GitHistoryProvider.resolveHEADMergeBase (/usr/share/code/resources/app/extensions/git/dist/main.js:2:948410)
	at async t.GitHistoryProvider.onDidRunGitStatus (/usr/share/code/resources/app/extensions/git/dist/main.js:2:941737)
2024-10-14 16:02:33.553 [error] Error: No such branch: main.
	at N.getBranch (/usr/share/code/resources/app/extensions/git/dist/main.js:2:937115)
	at async T.retryRun (/usr/share/code/resources/app/extensions/git/dist/main.js:2:1032816)
	at async T.run (/usr/share/code/resources/app/extensions/git/dist/main.js:2:1032420)
	at async T.getBranch (/usr/share/code/resources/app/extensions/git/dist/main.js:2:1020563)
	at async T.getBranchBase (/usr/share/code/resources/app/extensions/git/dist/main.js:2:1020849)
	at async t.GitHistoryProvider.resolveHEADMergeBase (/usr/share/code/resources/app/extensions/git/dist/main.js:2:948410)
	at async t.GitHistoryProvider.onDidRunGitStatus (/usr/share/code/resources/app/extensions/git/dist/main.js:2:941737)
2024-10-14 16:02:38.570 [error] Error: No such branch: main.
	at N.getBranch (/usr/share/code/resources/app/extensions/git/dist/main.js:2:937115)
	at process.processTicksAndRejections (node:internal/process/task_queues:95:5)
	at async T.retryRun (/usr/share/code/resources/app/extensions/git/dist/main.js:2:1032816)
	at async T.run (/usr/share/code/resources/app/extensions/git/dist/main.js:2:1032420)
	at async T.getBranch (/usr/share/code/resources/app/extensions/git/dist/main.js:2:1020563)
	at async T.getBranchBase (/usr/share/code/resources/app/extensions/git/dist/main.js:2:1020849)
	at async t.GitHistoryProvider.resolveHEADMergeBase (/usr/share/code/resources/app/extensions/git/dist/main.js:2:948410)
	at async t.GitHistoryProvider.onDidRunGitStatus (/usr/share/code/resources/app/extensions/git/dist/main.js:2:941737)
2024-10-14 16:02:43.587 [error] Error: No such branch: main.
	at N.getBranch (/usr/share/code/resources/app/extensions/git/dist/main.js:2:937115)
	at async T.retryRun (/usr/share/code/resources/app/extensions/git/dist/main.js:2:1032816)
	at async T.run (/usr/share/code/resources/app/extensions/git/dist/main.js:2:1032420)
	at async T.getBranch (/usr/share/code/resources/app/extensions/git/dist/main.js:2:1020563)
	at async T.getBranchBase (/usr/share/code/resources/app/extensions/git/dist/main.js:2:1020849)
	at async t.GitHistoryProvider.resolveHEADMergeBase (/usr/share/code/resources/app/extensions/git/dist/main.js:2:948410)
	at async t.GitHistoryProvider.onDidRunGitStatus (/usr/share/code/resources/app/extensions/git/dist/main.js:2:941737)
2024-10-14 16:02:48.647 [error] Error: No such branch: main.
	at N.getBranch (/usr/share/code/resources/app/extensions/git/dist/main.js:2:937115)
	at async T.retryRun (/usr/share/code/resources/app/extensions/git/dist/main.js:2:1032816)
	at async T.run (/usr/share/code/resources/app/extensions/git/dist/main.js:2:1032420)
	at async T.getBranch (/usr/share/code/resources/app/extensions/git/dist/main.js:2:1020563)
	at async T.getBranchBase (/usr/share/code/resources/app/extensions/git/dist/main.js:2:1020849)
	at async t.GitHistoryProvider.resolveHEADMergeBase (/usr/share/code/resources/app/extensions/git/dist/main.js:2:948410)
	at async t.GitHistoryProvider.onDidRunGitStatus (/usr/share/code/resources/app/extensions/git/dist/main.js:2:941737)
2024-10-14 16:02:53.875 [error] Error: No such branch: main.
	at N.getBranch (/usr/share/code/resources/app/extensions/git/dist/main.js:2:937115)
	at async T.retryRun (/usr/share/code/resources/app/extensions/git/dist/main.js:2:1032816)
	at async T.run (/usr/share/code/resources/app/extensions/git/dist/main.js:2:1032420)
	at async T.getBranch (/usr/share/code/resources/app/extensions/git/dist/main.js:2:1020563)
	at async T.getBranchBase (/usr/share/code/resources/app/extensions/git/dist/main.js:2:1020849)
	at async t.GitHistoryProvider.resolveHEADMergeBase (/usr/share/code/resources/app/extensions/git/dist/main.js:2:948410)
	at async t.GitHistoryProvider.onDidRunGitStatus (/usr/share/code/resources/app/extensions/git/dist/main.js:2:941737)
2024-10-14 16:02:58.903 [error] Error: No such branch: main.
	at N.getBranch (/usr/share/code/resources/app/extensions/git/dist/main.js:2:937115)
	at async T.retryRun (/usr/share/code/resources/app/extensions/git/dist/main.js:2:1032816)
	at async T.run (/usr/share/code/resources/app/extensions/git/dist/main.js:2:1032420)
	at async T.getBranch (/usr/share/code/resources/app/extensions/git/dist/main.js:2:1020563)
	at async T.getBranchBase (/usr/share/code/resources/app/extensions/git/dist/main.js:2:1020849)
	at async t.GitHistoryProvider.resolveHEADMergeBase (/usr/share/code/resources/app/extensions/git/dist/main.js:2:948410)
	at async t.GitHistoryProvider.onDidRunGitStatus (/usr/share/code/resources/app/extensions/git/dist/main.js:2:941737)
2024-10-14 16:03:15.880 [error] Error: No such branch: main.
	at N.getBranch (/usr/share/code/resources/app/extensions/git/dist/main.js:2:937115)
	at async T.retryRun (/usr/share/code/resources/app/extensions/git/dist/main.js:2:1032816)
	at async T.run (/usr/share/code/resources/app/extensions/git/dist/main.js:2:1032420)
	at async T.getBranch (/usr/share/code/resources/app/extensions/git/dist/main.js:2:1020563)
	at async T.getBranchBase (/usr/share/code/resources/app/extensions/git/dist/main.js:2:1020849)
	at async t.GitHistoryProvider.resolveHEADMergeBase (/usr/share/code/resources/app/extensions/git/dist/main.js:2:948410)
	at async t.GitHistoryProvider.onDidRunGitStatus (/usr/share/code/resources/app/extensions/git/dist/main.js:2:941737)
2024-10-14 16:03:23.413 [error] Error: No such branch: main.
	at N.getBranch (/usr/share/code/resources/app/extensions/git/dist/main.js:2:937115)
	at async T.retryRun (/usr/share/code/resources/app/extensions/git/dist/main.js:2:1032816)
	at async T.run (/usr/share/code/resources/app/extensions/git/dist/main.js:2:1032420)
	at async T.getBranch (/usr/share/code/resources/app/extensions/git/dist/main.js:2:1020563)
	at async T.getBranchBase (/usr/share/code/resources/app/extensions/git/dist/main.js:2:1020849)
	at async t.GitHistoryProvider.resolveHEADMergeBase (/usr/share/code/resources/app/extensions/git/dist/main.js:2:948410)
	at async t.GitHistoryProvider.onDidRunGitStatus (/usr/share/code/resources/app/extensions/git/dist/main.js:2:941737)
2024-10-14 16:03:28.436 [error] Error: No such branch: main.
	at N.getBranch (/usr/share/code/resources/app/extensions/git/dist/main.js:2:937115)
	at process.processTicksAndRejections (node:internal/process/task_queues:95:5)
	at async T.retryRun (/usr/share/code/resources/app/extensions/git/dist/main.js:2:1032816)
	at async T.run (/usr/share/code/resources/app/extensions/git/dist/main.js:2:1032420)
	at async T.getBranch (/usr/share/code/resources/app/extensions/git/dist/main.js:2:1020563)
	at async T.getBranchBase (/usr/share/code/resources/app/extensions/git/dist/main.js:2:1020849)
	at async t.GitHistoryProvider.resolveHEADMergeBase (/usr/share/code/resources/app/extensions/git/dist/main.js:2:948410)
	at async t.GitHistoryProvider.onDidRunGitStatus (/usr/share/code/resources/app/extensions/git/dist/main.js:2:941737)
