Executing /usr/lib/jvm/java-17-openjdk-amd64/bin/java -jar /home/pro/.vscode/extensions/sonarsource.sonarlint-vscode-4.11.1/server/sonarlint-ls.jar -stdio -analyzers /home/pro/.vscode/extensions/sonarsource.sonarlint-vscode-4.11.1/analyzers/sonargo.jar /home/pro/.vscode/extensions/sonarsource.sonarlint-vscode-4.11.1/analyzers/sonarjava.jar /home/pro/.vscode/extensions/sonarsource.sonarlint-vscode-4.11.1/analyzers/sonarjs.jar /home/pro/.vscode/extensions/sonarsource.sonarlint-vscode-4.11.1/analyzers/sonarphp.jar /home/pro/.vscode/extensions/sonarsource.sonarlint-vscode-4.11.1/analyzers/sonarpython.jar /home/pro/.vscode/extensions/sonarsource.sonarlint-vscode-4.11.1/analyzers/sonarhtml.jar /home/pro/.vscode/extensions/sonarsource.sonarlint-vscode-4.11.1/analyzers/sonarxml.jar /home/pro/.vscode/extensions/sonarsource.sonarlint-vscode-4.11.1/analyzers/sonarcfamily.jar /home/pro/.vscode/extensions/sonarsource.sonarlint-vscode-4.11.1/analyzers/sonartext.jar /home/pro/.vscode/extensions/sonarsource.sonarlint-vscode-4.11.1/analyzers/sonariac.jar /home/pro/.vscode/extensions/sonarsource.sonarlint-vscode-4.11.1/analyzers/sonarlintomnisharp.jar
[Info - 16:34:32.223] SonarLint backend started, instance=org.sonarsource.sonarlint.core.rpc.impl.SonarLintRpcServerImpl@2d52216b
[Info - 16:34:37.705] Started embedded server on port 64120
[Warn - 16:34:39.354] Node.js could not be automatically detected, has to be configured manually in the SonarLint preferences!
[Info - 16:34:46.097] .gitignore file was not found for /home/pro/Escritorio/libro
[Info - 16:34:46.105] Triggering analysis with configuration: [
  baseDir: /home/pro/Escritorio/libro
  extraProperties: {sonar.cfamily.compile-commands=}
  activeRules: [14 kubernetes, 214 python, 425 cpp, 189 c, 23 go, 210 ipython, 90 secrets, 26 docker, 455 java, 46 Web, 15 xml, 314 csharpsquid, 155 php, 7 terraform, 18 azureresourcemanager, 7 cloudformation]
  inputFiles: [
    file:///home/pro/Escritorio/libro/ejercicio-git-libro/README.md (UTF-8)
  ]
]

[Info - 16:34:47.915] .gitignore file was not found for /home/pro/Escritorio/libro
[Info - 16:34:47.922] Triggering analysis with configuration: [
  baseDir: /home/pro/Escritorio/libro
  extraProperties: {sonar.cfamily.compile-commands=}
  activeRules: [14 kubernetes, 214 python, 425 cpp, 189 c, 23 go, 210 ipython, 90 secrets, 26 docker, 455 java, 46 Web, 15 xml, 314 csharpsquid, 155 php, 7 terraform, 18 azureresourcemanager, 7 cloudformation]
  inputFiles: [
    file:///home/pro/Escritorio/libro/ejercicio-git-libro/README.md (UTF-8)
  ]
]

[Info - 16:34:48.209] .gitignore file was not found for /home/pro/Escritorio/libro
[Info - 16:34:48.223] Triggering analysis with configuration: [
  baseDir: /home/pro/Escritorio/libro
  extraProperties: {sonar.cfamily.compile-commands=}
  activeRules: [14 kubernetes, 214 python, 425 cpp, 189 c, 23 go, 210 ipython, 90 secrets, 26 docker, 455 java, 46 Web, 15 xml, 314 csharpsquid, 155 php, 7 terraform, 18 azureresourcemanager, 7 cloudformation]
  inputFiles: [
    file:///home/pro/Escritorio/libro/ejercicio-git-libro/README.md (UTF-8)
  ]
]

[Info - 16:34:48.226] Index files
[Info - 16:34:48.235] 1 file indexed
[Info - 16:34:48.464] .gitignore file was not found for /home/pro/Escritorio/libro
[Info - 16:34:48.476] Triggering analysis with configuration: [
  baseDir: /home/pro/Escritorio/libro
  extraProperties: {sonar.cfamily.compile-commands=}
  activeRules: [14 kubernetes, 214 python, 425 cpp, 189 c, 23 go, 210 ipython, 90 secrets, 26 docker, 455 java, 46 Web, 15 xml, 314 csharpsquid, 155 php, 7 terraform, 18 azureresourcemanager, 7 cloudformation]
  inputFiles: [
    file:///home/pro/Escritorio/libro/ejercicio-git-libro/README.md (UTF-8)
  ]
]

[Info - 16:34:50.139] 0 source files to be analyzed
[Info - 16:34:50.146] 0/0 source files have been analyzed
[Info - 16:34:50.454] 0 source files to be analyzed
[Info - 16:34:50.454] 0/0 source files have been analyzed
[Info - 16:34:50.456] Available processors: 2
[Info - 16:34:50.456] Using 2 threads for analysis.
[Info - 16:34:51.707] The property "sonar.tests" is not set. To improve the analysis accuracy, we categorize a file as a test file if any of the following is true:
  * The filename starts with "test"
  * The filename contains "test." or "tests."
  * Any directory in the file path is named: "doc", "docs", "test" or "tests"
  * Any directory in the file path has a name ending in "test" or "tests"

[Info - 16:34:51.742] Analyzing all except non binary files
[Info - 16:34:51.774] 1 source file to be analyzed
[Info - 16:34:52.007] 1/1 source file has been analyzed
[Info - 16:34:52.013] Analysis detected 0 issues and 0 Security Hotspots in 11264ms
[Info - 16:34:52.527] Index files
[Info - 16:34:52.528] 1 file indexed
[Info - 16:34:52.747] 0 source files to be analyzed
[Info - 16:34:52.747] 0/0 source files have been analyzed
[Info - 16:34:52.767] 0 source files to be analyzed
[Info - 16:34:52.768] 0/0 source files have been analyzed
[Info - 16:34:52.781] Available processors: 2
[Info - 16:34:52.782] Using 2 threads for analysis.
[Info - 16:34:53.159] The property "sonar.tests" is not set. To improve the analysis accuracy, we categorize a file as a test file if any of the following is true:
  * The filename starts with "test"
  * The filename contains "test." or "tests."
  * Any directory in the file path is named: "doc", "docs", "test" or "tests"
  * Any directory in the file path has a name ending in "test" or "tests"

[Info - 16:34:53.183] Analyzing all except non binary files
[Info - 16:34:53.227] 1 source file to be analyzed
[Info - 16:34:53.343] 1/1 source file has been analyzed
[Info - 16:34:53.345] Analysis detected 0 issues and 0 Security Hotspots in 5468ms
[Info - 16:34:54.097] Index files
[Info - 16:34:54.108] 1 file indexed
[Info - 16:34:54.325] 0 source files to be analyzed
[Info - 16:34:54.326] 0/0 source files have been analyzed
[Info - 16:34:54.344] 0 source files to be analyzed
[Info - 16:34:54.344] 0/0 source files have been analyzed
[Info - 16:34:54.345] Available processors: 2
[Info - 16:34:54.345] Using 2 threads for analysis.
[Info - 16:34:54.535] The property "sonar.tests" is not set. To improve the analysis accuracy, we categorize a file as a test file if any of the following is true:
  * The filename starts with "test"
  * The filename contains "test." or "tests."
  * Any directory in the file path is named: "doc", "docs", "test" or "tests"
  * Any directory in the file path has a name ending in "test" or "tests"

[Info - 16:34:54.546] Analyzing all except non binary files
[Info - 16:34:54.569] 1 source file to be analyzed
[Info - 16:34:54.627] 1/1 source file has been analyzed
[Info - 16:34:54.629] Analysis detected 0 issues and 0 Security Hotspots in 6455ms
[Info - 16:34:55.276] Index files
[Info - 16:34:55.278] 1 file indexed
[Info - 16:34:55.443] 0 source files to be analyzed
[Info - 16:34:55.443] 0/0 source files have been analyzed
[Info - 16:34:55.454] 0 source files to be analyzed
[Info - 16:34:55.454] 0/0 source files have been analyzed
[Info - 16:34:55.454] Available processors: 2
[Info - 16:34:55.455] Using 2 threads for analysis.
[Info - 16:34:55.557] The property "sonar.tests" is not set. To improve the analysis accuracy, we categorize a file as a test file if any of the following is true:
  * The filename starts with "test"
  * The filename contains "test." or "tests."
  * Any directory in the file path is named: "doc", "docs", "test" or "tests"
  * Any directory in the file path has a name ending in "test" or "tests"

[Info - 16:34:55.563] Analyzing all except non binary files
[Info - 16:34:55.578] 1 source file to be analyzed
[Info - 16:34:55.606] 1/1 source file has been analyzed
[Info - 16:34:55.608] Analysis detected 0 issues and 0 Security Hotspots in 7155ms
[Info - 16:37:04.110] Module file event for MODIFIED for file [uri=file:///home/pro/Escritorio/libro/ejercicio-git-libro/README.md] has been ignored because it's not a Kubernetes file.
[Info - 16:37:04.131] .gitignore file was not found for /home/pro/Escritorio/libro
[Info - 16:37:04.137] Triggering analysis with configuration: [
  baseDir: /home/pro/Escritorio/libro
  extraProperties: {sonar.cfamily.compile-commands=}
  activeRules: [14 kubernetes, 214 python, 425 cpp, 189 c, 23 go, 210 ipython, 90 secrets, 26 docker, 455 java, 46 Web, 15 xml, 314 csharpsquid, 155 php, 7 terraform, 18 azureresourcemanager, 7 cloudformation]
  inputFiles: [
    file:///home/pro/Escritorio/libro/ejercicio-git-libro/README.md (UTF-8)
  ]
]

[Info - 16:37:04.657] Index files
[Info - 16:37:04.675] 1 file indexed
[Info - 16:37:05.074] 0 source files to be analyzed
[Info - 16:37:05.074] 0/0 source files have been analyzed
[Info - 16:37:05.092] 0 source files to be analyzed
[Info - 16:37:05.092] 0/0 source files have been analyzed
[Info - 16:37:05.094] Available processors: 2
[Info - 16:37:05.094] Using 2 threads for analysis.
[Info - 16:37:05.267] The property "sonar.tests" is not set. To improve the analysis accuracy, we categorize a file as a test file if any of the following is true:
  * The filename starts with "test"
  * The filename contains "test." or "tests."
  * Any directory in the file path is named: "doc", "docs", "test" or "tests"
  * Any directory in the file path has a name ending in "test" or "tests"

[Info - 16:37:05.279] Analyzing all except non binary files
[Info - 16:37:05.318] 1 source file to be analyzed
[Info - 16:37:05.373] 1/1 source file has been analyzed
[Info - 16:37:05.377] Analysis detected 0 issues and 0 Security Hotspots in 1254ms
[Info - 16:37:26.554] Module file event for MODIFIED for file [uri=file:///home/pro/Escritorio/libro/ejercicio-git-libro/README.md] has been ignored because it's not a Kubernetes file.
[Info - 16:37:26.564] .gitignore file was not found for /home/pro/Escritorio/libro
[Info - 16:37:26.571] Triggering analysis with configuration: [
  baseDir: /home/pro/Escritorio/libro
  extraProperties: {sonar.cfamily.compile-commands=}
  activeRules: [14 kubernetes, 214 python, 425 cpp, 189 c, 23 go, 210 ipython, 90 secrets, 26 docker, 455 java, 46 Web, 15 xml, 314 csharpsquid, 155 php, 7 terraform, 18 azureresourcemanager, 7 cloudformation]
  inputFiles: [
    file:///home/pro/Escritorio/libro/ejercicio-git-libro/README.md (UTF-8)
  ]
]

[Info - 16:37:27.031] Index files
[Info - 16:37:27.039] 1 file indexed
[Info - 16:37:27.419] 0 source files to be analyzed
[Info - 16:37:27.419] 0/0 source files have been analyzed
[Info - 16:37:27.458] 0 source files to be analyzed
[Info - 16:37:27.459] 0/0 source files have been analyzed
[Info - 16:37:27.461] Available processors: 2
[Info - 16:37:27.461] Using 2 threads for analysis.
[Info - 16:37:27.647] The property "sonar.tests" is not set. To improve the analysis accuracy, we categorize a file as a test file if any of the following is true:
  * The filename starts with "test"
  * The filename contains "test." or "tests."
  * Any directory in the file path is named: "doc", "docs", "test" or "tests"
  * Any directory in the file path has a name ending in "test" or "tests"

[Info - 16:37:27.655] Analyzing all except non binary files
[Info - 16:37:27.671] 1 source file to be analyzed
[Info - 16:37:27.726] 1/1 source file has been analyzed
[Info - 16:37:27.730] Analysis detected 0 issues and 0 Security Hotspots in 1170ms
[Info - 16:41:18.952] Module file event for MODIFIED for file [uri=file:///home/pro/Escritorio/libro/ejercicio-git-libro/README.md] has been ignored because it's not a Kubernetes file.
[Info - 16:41:18.986] Module file event for MODIFIED for file [uri=file:///home/pro/Escritorio/libro/ejercicio-git-libro/README.md] has been ignored because it's not a Kubernetes file.
[Info - 16:41:18.987] .gitignore file was not found for /home/pro/Escritorio/libro
[Info - 16:41:19.003] Triggering analysis with configuration: [
  baseDir: /home/pro/Escritorio/libro
  extraProperties: {sonar.cfamily.compile-commands=}
  activeRules: [14 kubernetes, 214 python, 425 cpp, 189 c, 23 go, 210 ipython, 90 secrets, 26 docker, 455 java, 46 Web, 15 xml, 314 csharpsquid, 155 php, 7 terraform, 18 azureresourcemanager, 7 cloudformation]
  inputFiles: [
    file:///home/pro/Escritorio/libro/ejercicio-git-libro/README.md (UTF-8)
  ]
]

[Info - 16:41:27.355] .gitignore file was not found for /home/pro/Escritorio/libro
[Info - 16:41:27.361] Triggering analysis with configuration: [
  baseDir: /home/pro/Escritorio/libro
  extraProperties: {sonar.cfamily.compile-commands=}
  activeRules: [14 kubernetes, 214 python, 425 cpp, 189 c, 23 go, 210 ipython, 90 secrets, 26 docker, 455 java, 46 Web, 15 xml, 314 csharpsquid, 155 php, 7 terraform, 18 azureresourcemanager, 7 cloudformation]
  inputFiles: [
    file:///home/pro/Escritorio/libro/ejercicio-git-libro/README.md (UTF-8)
  ]
]

[Info - 16:41:27.437] Index files
[Info - 16:41:27.450] 1 file indexed
[Info - 16:41:27.705] 0 source files to be analyzed
[Info - 16:41:27.705] 0/0 source files have been analyzed
[Info - 16:41:27.712] 0 source files to be analyzed
[Info - 16:41:27.713] 0/0 source files have been analyzed
[Info - 16:41:27.713] Available processors: 2
[Info - 16:41:27.713] Using 2 threads for analysis.
[Info - 16:41:27.822] The property "sonar.tests" is not set. To improve the analysis accuracy, we categorize a file as a test file if any of the following is true:
  * The filename starts with "test"
  * The filename contains "test." or "tests."
  * Any directory in the file path is named: "doc", "docs", "test" or "tests"
  * Any directory in the file path has a name ending in "test" or "tests"

[Info - 16:41:27.827] Analyzing all except non binary files
[Info - 16:41:27.831] 1 source file to be analyzed
[Info - 16:41:27.903] 1/1 source file has been analyzed
[Info - 16:41:27.905] Analysis detected 0 issues and 0 Security Hotspots in 8924ms
[Info - 16:41:28.243] Index files
[Info - 16:41:28.244] 1 file indexed
[Info - 16:41:28.351] 0 source files to be analyzed
[Info - 16:41:28.351] 0/0 source files have been analyzed
[Info - 16:41:28.357] 0 source files to be analyzed
[Info - 16:41:28.357] 0/0 source files have been analyzed
[Info - 16:41:28.362] Available processors: 2
[Info - 16:41:28.362] Using 2 threads for analysis.
[Info - 16:41:28.392] The property "sonar.tests" is not set. To improve the analysis accuracy, we categorize a file as a test file if any of the following is true:
  * The filename starts with "test"
  * The filename contains "test." or "tests."
  * Any directory in the file path is named: "doc", "docs", "test" or "tests"
  * Any directory in the file path has a name ending in "test" or "tests"

[Info - 16:41:28.395] Analyzing all except non binary files
[Info - 16:41:28.398] 1 source file to be analyzed
[Info - 16:41:28.415] 1/1 source file has been analyzed
[Info - 16:41:28.417] Analysis detected 0 issues and 0 Security Hotspots in 1075ms
