
[Start translate]: Use 'Google' translate source
[Google]:
drwxrwxr-x 7 pro pro 4096 oct 14 15:41 .git
[<============================>]:
drwxrwxr-x 7 pro pro 4096 14 de octubre 15:41 .git

[Start translate]: Use 'Google' translate source
[Start translate]: Use 'Google' translate source
[Google]:
drwxrwxr-x 3 pro pro 4096 oct 14 15:39 ..
[<============================>]:
drwxrwxr-x 3 pro pro 4096 14 de octubre 15:39 ..

[Google]:
drwxrwxr-x 3 pro pro 4096 oct 14 15:40 .
[<============================>]:
drwxrwxr-x 3 pro pro 4096 14 de octubre a las 15:40.

[Start translate]: Use 'Google' translate source
[Start translate]: Use 'Google' translate source
[Google]:
MD026/no-trailing-punctuation: Trailing punctuation in heading [Punctuation: &#39;.&#39;]
[<============================>]:
MD026/no-trailing-puntuation: Puntuación final en el encabezado [Puntuación: '.']

[Google]:
MD026/no-trailing-punctuation: Trailing punctuation in heading [Punctuation: &#39;.&#39;]
[<============================>]:
MD026/no-trailing-puntuation: Puntuación final en el encabezado [Puntuación: '.']
