2024-10-14 17:52:10.723 [info] [main] Nivel de registro: Info
2024-10-14 17:52:10.723 [info] [main] Validando git encontrado en: "git"
2024-10-14 17:52:10.723 [info] [main] Usando git "2.34.1" de "git"
2024-10-14 17:52:10.723 [info] [Model][doInitialScan] Initial repository scan started
2024-10-14 17:52:10.770 [info] > git rev-parse --show-toplevel [75ms]
2024-10-14 17:52:10.774 [info] [Model][doInitialScan] Initial repository scan completed - repositories (0), closed repositories (0), parent repositories (1), unsafe repositories (0)
2024-10-14 17:52:28.663 [info] [main] Nivel de registro: Info
2024-10-14 17:52:28.663 [info] [main] Validando git encontrado en: "git"
2024-10-14 17:52:28.663 [info] [main] Usando git "2.34.1" de "git"
2024-10-14 17:52:28.663 [info] [Model][doInitialScan] Initial repository scan started
2024-10-14 17:52:28.969 [info] > git rev-parse --show-toplevel [314ms]
2024-10-14 17:52:28.987 [info] > git rev-parse --git-dir --git-common-dir [7ms]
2024-10-14 17:52:29.029 [info] [Model][openRepository] Opened repository: /home/pro/Escritorio/libro/ejercicio-git-libro
2024-10-14 17:52:29.063 [info] > git config --get commit.template [14ms]
2024-10-14 17:52:29.074 [info] > git rev-parse --show-toplevel [18ms]
2024-10-14 17:52:29.076 [info] [Model][doInitialScan] Initial repository scan completed - repositories (1), closed repositories (0), parent repositories (0), unsafe repositories (0)
2024-10-14 17:52:29.862 [info] > git ls-files --stage -- /home/pro/Escritorio/libro/ejercicio-git-libro/README.md [14ms]
2024-10-14 17:52:30.095 [info] > git check-ignore -v -z --stdin [375ms]
2024-10-14 17:52:30.754 [info] > git cat-file -s 3fc05180f5a260338ac9a57ad3ec4fdaa84d7276 [884ms]
2024-10-14 17:52:30.869 [info] > git for-each-ref --format=%(refname)%00%(upstream:short)%00%(objectname)%00%(upstream:track)%00%(upstream:remotename)%00%(upstream:remoteref) refs/heads/main refs/remotes/main [1797ms]
2024-10-14 17:52:31.386 [info] > git show --textconv :README.md [1566ms]
2024-10-14 17:52:31.957 [info] > git status -z -uall [1079ms]
2024-10-14 17:52:32.168 [info] > git for-each-ref --format=%(refname)%00%(upstream:short)%00%(objectname)%00%(upstream:track)%00%(upstream:remotename)%00%(upstream:remoteref) refs/heads/main refs/remotes/main [156ms]
2024-10-14 17:52:32.298 [info] > git config --local branch.main.vscode-merge-base [117ms]
2024-10-14 17:52:32.300 [warning] [Git][config] git config failed: Failed to execute git
2024-10-14 17:52:32.312 [info] > git config --get commit.template [146ms]
2024-10-14 17:52:32.369 [info] > git for-each-ref --format=%(refname)%00%(upstream:short)%00%(objectname)%00%(upstream:track)%00%(upstream:remotename)%00%(upstream:remoteref) refs/heads/main refs/remotes/main [4ms]
2024-10-14 17:52:32.429 [info] > git status -z -uall [17ms]
2024-10-14 17:52:32.460 [info] > git for-each-ref --format=%(refname)%00%(upstream:short)%00%(objectname)%00%(upstream:track)%00%(upstream:remotename)%00%(upstream:remoteref) refs/heads/main refs/remotes/main [12ms]
2024-10-14 17:52:32.469 [info] > git config --local branch.main.vscode-merge-base [2ms]
2024-10-14 17:52:32.469 [warning] [Git][config] git config failed: Failed to execute git
2024-10-14 17:52:33.633 [info] > git reflog main --grep-reflog=branch: Created from *. [1157ms]
2024-10-14 17:52:33.648 [info] > git reflog main --grep-reflog=branch: Created from *. [1336ms]
2024-10-14 17:52:33.688 [info] > git symbolic-ref --short refs/remotes/origin/HEAD [34ms]
2024-10-14 17:52:33.688 [info] fatal: ref refs/remotes/origin/HEAD is not a symbolic ref
2024-10-14 17:52:33.703 [info] > git symbolic-ref --short refs/remotes/origin/HEAD [55ms]
2024-10-14 17:52:33.703 [info] fatal: ref refs/remotes/origin/HEAD is not a symbolic ref
2024-10-14 17:52:33.711 [info] > git merge-base refs/heads/main refs/remotes/origin/main [9ms]
2024-10-14 17:52:33.722 [info] > git rev-list --count --left-right refs/heads/main...refs/remotes/origin/main [6ms]
2024-10-14 17:52:33.767 [info] > git diff --name-status -z --diff-filter=ADMR 2b09558d4c4ce19c27342baa63c3cde3b4392741...refs/remotes/origin/main [17ms]
2024-10-14 17:52:49.509 [info] > git for-each-ref --format=%(refname)%00%(upstream:short)%00%(objectname)%00%(upstream:track)%00%(upstream:remotename)%00%(upstream:remoteref) refs/heads/main refs/remotes/main [13ms]
2024-10-14 17:52:49.512 [info] > git config --get commit.template [24ms]
2024-10-14 17:52:49.527 [info] > git status -z -uall [5ms]
2024-10-14 17:52:49.542 [info] > git for-each-ref --format=%(refname)%00%(upstream:short)%00%(objectname)%00%(upstream:track)%00%(upstream:remotename)%00%(upstream:remoteref) refs/heads/main refs/remotes/main [5ms]
2024-10-14 17:52:49.565 [info] > git config --local branch.main.vscode-merge-base [1ms]
2024-10-14 17:52:49.565 [warning] [Git][config] git config failed: Failed to execute git
2024-10-14 17:52:49.587 [info] > git reflog main --grep-reflog=branch: Created from *. [5ms]
2024-10-14 17:52:49.603 [info] > git symbolic-ref --short refs/remotes/origin/HEAD [0ms]
2024-10-14 17:52:49.603 [info] fatal: ref refs/remotes/origin/HEAD is not a symbolic ref
2024-10-14 17:52:49.627 [info] > git merge-base refs/heads/main refs/remotes/origin/main [2ms]
2024-10-14 17:52:49.640 [info] > git rev-list --count --left-right refs/heads/main...refs/remotes/origin/main [7ms]
2024-10-14 17:52:49.647 [info] > git diff --name-status -z --diff-filter=ADMR 2b09558d4c4ce19c27342baa63c3cde3b4392741...refs/remotes/origin/main [2ms]
2024-10-14 17:52:50.455 [info] > git config --get commit.template [16ms]
2024-10-14 17:52:50.456 [info] > git for-each-ref --format=%(refname)%00%(upstream:short)%00%(objectname)%00%(upstream:track)%00%(upstream:remotename)%00%(upstream:remoteref) refs/heads/main refs/remotes/main [2ms]
2024-10-14 17:52:50.477 [info] > git status -z -uall [12ms]
2024-10-14 17:52:50.497 [info] > git for-each-ref --format=%(refname)%00%(upstream:short)%00%(objectname)%00%(upstream:track)%00%(upstream:remotename)%00%(upstream:remoteref) refs/heads/main refs/remotes/main [8ms]
2024-10-14 17:52:50.516 [info] > git config --local branch.main.vscode-merge-base [3ms]
2024-10-14 17:52:50.516 [warning] [Git][config] git config failed: Failed to execute git
2024-10-14 17:52:50.524 [info] > git reflog main --grep-reflog=branch: Created from *. [4ms]
2024-10-14 17:52:50.531 [info] > git symbolic-ref --short refs/remotes/origin/HEAD [5ms]
2024-10-14 17:52:50.531 [info] fatal: ref refs/remotes/origin/HEAD is not a symbolic ref
2024-10-14 17:52:50.545 [info] > git ls-files --stage -- /home/pro/Escritorio/libro/ejercicio-git-libro/README.md [2ms]
2024-10-14 17:52:50.551 [info] > git cat-file -s e8d148b35cdcf8898f6c3dd4671fa7f0951af45a [3ms]
2024-10-14 17:52:50.558 [info] > git show --textconv :README.md [2ms]
2024-10-14 17:52:57.573 [info] > git config --get commit.template [11ms]
2024-10-14 17:52:57.582 [info] > git for-each-ref --format=%(refname)%00%(upstream:short)%00%(objectname)%00%(upstream:track)%00%(upstream:remotename)%00%(upstream:remoteref) refs/heads/main refs/remotes/main [10ms]
2024-10-14 17:52:57.609 [info] > git status -z -uall [7ms]
2024-10-14 17:52:57.636 [info] > git for-each-ref --format=%(refname)%00%(upstream:short)%00%(objectname)%00%(upstream:track)%00%(upstream:remotename)%00%(upstream:remoteref) refs/heads/main refs/remotes/main [8ms]
2024-10-14 17:52:57.665 [info] > git config --local branch.main.vscode-merge-base [6ms]
2024-10-14 17:52:57.665 [warning] [Git][config] git config failed: Failed to execute git
2024-10-14 17:52:57.699 [info] > git reflog main --grep-reflog=branch: Created from *. [20ms]
2024-10-14 17:52:57.713 [info] > git symbolic-ref --short refs/remotes/origin/HEAD [8ms]
2024-10-14 17:52:57.713 [info] fatal: ref refs/remotes/origin/HEAD is not a symbolic ref
2024-10-14 17:53:02.671 [info] > git config --get commit.template [22ms]
2024-10-14 17:53:02.676 [info] > git for-each-ref --format=%(refname)%00%(upstream:short)%00%(objectname)%00%(upstream:track)%00%(upstream:remotename)%00%(upstream:remoteref) refs/heads/main refs/remotes/main [5ms]
2024-10-14 17:53:02.702 [info] > git status -z -uall [5ms]
2024-10-14 17:53:02.727 [info] > git for-each-ref --format=%(refname)%00%(upstream:short)%00%(objectname)%00%(upstream:track)%00%(upstream:remotename)%00%(upstream:remoteref) refs/heads/main refs/remotes/main [12ms]
2024-10-14 17:53:02.749 [info] > git config --local branch.main.vscode-merge-base [16ms]
2024-10-14 17:53:02.749 [warning] [Git][config] git config failed: Failed to execute git
2024-10-14 17:53:02.775 [info] > git reflog main --grep-reflog=branch: Created from *. [6ms]
2024-10-14 17:53:02.787 [info] > git symbolic-ref --short refs/remotes/origin/HEAD [3ms]
2024-10-14 17:53:02.787 [info] fatal: ref refs/remotes/origin/HEAD is not a symbolic ref
2024-10-14 17:53:27.374 [info] > git config --get commit.template [5ms]
2024-10-14 17:53:27.377 [info] > git for-each-ref --format=%(refname)%00%(upstream:short)%00%(objectname)%00%(upstream:track)%00%(upstream:remotename)%00%(upstream:remoteref) refs/heads/main refs/remotes/main [4ms]
2024-10-14 17:53:27.392 [info] > git status -z -uall [9ms]
2024-10-14 17:53:27.405 [info] > git for-each-ref --format=%(refname)%00%(upstream:short)%00%(objectname)%00%(upstream:track)%00%(upstream:remotename)%00%(upstream:remoteref) refs/heads/main refs/remotes/main [9ms]
2024-10-14 17:53:27.410 [info] > git config --local branch.main.vscode-merge-base [2ms]
2024-10-14 17:53:27.410 [warning] [Git][config] git config failed: Failed to execute git
2024-10-14 17:53:27.418 [info] > git reflog main --grep-reflog=branch: Created from *. [3ms]
2024-10-14 17:53:27.423 [info] > git symbolic-ref --short refs/remotes/origin/HEAD [1ms]
2024-10-14 17:53:27.423 [info] fatal: ref refs/remotes/origin/HEAD is not a symbolic ref
2024-10-14 17:53:28.420 [info] > git config --get commit.template [4ms]
2024-10-14 17:53:28.433 [info] > git for-each-ref --format=%(refname)%00%(upstream:short)%00%(objectname)%00%(upstream:track)%00%(upstream:remotename)%00%(upstream:remoteref) refs/heads/main refs/remotes/main [5ms]
2024-10-14 17:53:28.447 [info] > git status -z -uall [4ms]
2024-10-14 17:53:28.459 [info] > git for-each-ref --format=%(refname)%00%(upstream:short)%00%(objectname)%00%(upstream:track)%00%(upstream:remotename)%00%(upstream:remoteref) refs/heads/main refs/remotes/main [5ms]
2024-10-14 17:53:28.466 [info] > git config --local branch.main.vscode-merge-base [3ms]
2024-10-14 17:53:28.466 [warning] [Git][config] git config failed: Failed to execute git
2024-10-14 17:53:28.471 [info] > git reflog main --grep-reflog=branch: Created from *. [2ms]
2024-10-14 17:53:28.475 [info] > git symbolic-ref --short refs/remotes/origin/HEAD [1ms]
2024-10-14 17:53:28.475 [info] fatal: ref refs/remotes/origin/HEAD is not a symbolic ref
2024-10-14 17:53:28.510 [info] > git ls-files --stage -- /home/pro/Escritorio/libro/ejercicio-git-libro/README.md [1ms]
2024-10-14 17:53:28.515 [info] > git cat-file -s e8d148b35cdcf8898f6c3dd4671fa7f0951af45a [2ms]
2024-10-14 17:53:28.523 [info] > git show --textconv :README.md [2ms]
2024-10-14 17:53:36.623 [info] > git config --get commit.template [10ms]
2024-10-14 17:53:36.624 [info] > git for-each-ref --format=%(refname)%00%(upstream:short)%00%(objectname)%00%(upstream:track)%00%(upstream:remotename)%00%(upstream:remoteref) refs/heads/main refs/remotes/main [2ms]
2024-10-14 17:53:36.632 [info] > git status -z -uall [4ms]
2024-10-14 17:53:36.646 [info] > git for-each-ref --format=%(refname)%00%(upstream:short)%00%(objectname)%00%(upstream:track)%00%(upstream:remotename)%00%(upstream:remoteref) refs/heads/main refs/remotes/main [4ms]
2024-10-14 17:53:36.656 [info] > git config --local branch.main.vscode-merge-base [1ms]
2024-10-14 17:53:36.656 [warning] [Git][config] git config failed: Failed to execute git
2024-10-14 17:53:36.662 [info] > git reflog main --grep-reflog=branch: Created from *. [2ms]
2024-10-14 17:53:36.666 [info] > git symbolic-ref --short refs/remotes/origin/HEAD [2ms]
2024-10-14 17:53:36.666 [info] fatal: ref refs/remotes/origin/HEAD is not a symbolic ref
2024-10-14 17:53:41.656 [info] > git config --get commit.template [3ms]
2024-10-14 17:53:41.658 [info] > git for-each-ref --format=%(refname)%00%(upstream:short)%00%(objectname)%00%(upstream:track)%00%(upstream:remotename)%00%(upstream:remoteref) refs/heads/main refs/remotes/main [2ms]
2024-10-14 17:53:41.663 [info] > git status -z -uall [2ms]
2024-10-14 17:53:41.671 [info] > git for-each-ref --format=%(refname)%00%(upstream:short)%00%(objectname)%00%(upstream:track)%00%(upstream:remotename)%00%(upstream:remoteref) refs/heads/main refs/remotes/main [4ms]
2024-10-14 17:53:41.677 [info] > git config --local branch.main.vscode-merge-base [2ms]
2024-10-14 17:53:41.677 [warning] [Git][config] git config failed: Failed to execute git
2024-10-14 17:53:41.682 [info] > git reflog main --grep-reflog=branch: Created from *. [2ms]
2024-10-14 17:53:41.686 [info] > git symbolic-ref --short refs/remotes/origin/HEAD [1ms]
2024-10-14 17:53:41.686 [info] fatal: ref refs/remotes/origin/HEAD is not a symbolic ref
2024-10-14 17:55:33.063 [info] > git config --get commit.template [16ms]
2024-10-14 17:55:33.076 [info] > git for-each-ref --format=%(refname)%00%(upstream:short)%00%(objectname)%00%(upstream:track)%00%(upstream:remotename)%00%(upstream:remoteref) refs/heads/main refs/remotes/main [14ms]
2024-10-14 17:55:33.082 [info] > git status -z -uall [2ms]
2024-10-14 17:55:33.090 [info] > git for-each-ref --format=%(refname)%00%(upstream:short)%00%(objectname)%00%(upstream:track)%00%(upstream:remotename)%00%(upstream:remoteref) refs/heads/main refs/remotes/main [4ms]
2024-10-14 17:55:33.110 [info] > git config --local branch.main.vscode-merge-base [6ms]
2024-10-14 17:55:33.110 [warning] [Git][config] git config failed: Failed to execute git
2024-10-14 17:55:33.153 [info] > git reflog main --grep-reflog=branch: Created from *. [25ms]
2024-10-14 17:55:33.165 [info] > git symbolic-ref --short refs/remotes/origin/HEAD [4ms]
2024-10-14 17:55:33.165 [info] fatal: ref refs/remotes/origin/HEAD is not a symbolic ref
2024-10-14 17:55:38.126 [info] > git config --get commit.template [26ms]
2024-10-14 17:55:38.138 [info] > git for-each-ref --format=%(refname)%00%(upstream:short)%00%(objectname)%00%(upstream:track)%00%(upstream:remotename)%00%(upstream:remoteref) refs/heads/main refs/remotes/main [8ms]
2024-10-14 17:55:38.145 [info] > git status -z -uall [3ms]
2024-10-14 17:55:38.171 [info] > git for-each-ref --format=%(refname)%00%(upstream:short)%00%(objectname)%00%(upstream:track)%00%(upstream:remotename)%00%(upstream:remoteref) refs/heads/main refs/remotes/main [22ms]
2024-10-14 17:55:38.195 [info] > git config --local branch.main.vscode-merge-base [4ms]
2024-10-14 17:55:38.195 [warning] [Git][config] git config failed: Failed to execute git
2024-10-14 17:55:38.220 [info] > git reflog main --grep-reflog=branch: Created from *. [5ms]
2024-10-14 17:55:38.241 [info] > git symbolic-ref --short refs/remotes/origin/HEAD [4ms]
2024-10-14 17:55:38.242 [info] fatal: ref refs/remotes/origin/HEAD is not a symbolic ref
2024-10-14 17:55:43.174 [info] > git config --get commit.template [11ms]
2024-10-14 17:55:43.180 [info] > git for-each-ref --format=%(refname)%00%(upstream:short)%00%(objectname)%00%(upstream:track)%00%(upstream:remotename)%00%(upstream:remoteref) refs/heads/main refs/remotes/main [6ms]
2024-10-14 17:55:43.211 [info] > git status -z -uall [21ms]
2024-10-14 17:55:43.234 [info] > git for-each-ref --format=%(refname)%00%(upstream:short)%00%(objectname)%00%(upstream:track)%00%(upstream:remotename)%00%(upstream:remoteref) refs/heads/main refs/remotes/main [12ms]
2024-10-14 17:55:43.249 [info] > git config --local branch.main.vscode-merge-base [1ms]
2024-10-14 17:55:43.249 [warning] [Git][config] git config failed: Failed to execute git
2024-10-14 17:55:43.255 [info] > git reflog main --grep-reflog=branch: Created from *. [2ms]
2024-10-14 17:55:43.259 [info] > git symbolic-ref --short refs/remotes/origin/HEAD [1ms]
2024-10-14 17:55:43.259 [info] fatal: ref refs/remotes/origin/HEAD is not a symbolic ref
2024-10-14 17:55:50.284 [info] > git config --get commit.template [5ms]
2024-10-14 17:55:50.286 [info] > git for-each-ref --format=%(refname)%00%(upstream:short)%00%(objectname)%00%(upstream:track)%00%(upstream:remotename)%00%(upstream:remoteref) refs/heads/main refs/remotes/main [2ms]
2024-10-14 17:55:50.292 [info] > git status -z -uall [2ms]
2024-10-14 17:55:50.299 [info] > git for-each-ref --format=%(refname)%00%(upstream:short)%00%(objectname)%00%(upstream:track)%00%(upstream:remotename)%00%(upstream:remoteref) refs/heads/main refs/remotes/main [4ms]
2024-10-14 17:55:50.304 [info] > git config --local branch.main.vscode-merge-base [1ms]
2024-10-14 17:55:50.304 [warning] [Git][config] git config failed: Failed to execute git
2024-10-14 17:55:50.309 [info] > git reflog main --grep-reflog=branch: Created from *. [2ms]
2024-10-14 17:55:50.313 [info] > git symbolic-ref --short refs/remotes/origin/HEAD [1ms]
2024-10-14 17:55:50.313 [info] fatal: ref refs/remotes/origin/HEAD is not a symbolic ref
2024-10-14 17:55:55.313 [info] > git config --get commit.template [8ms]
2024-10-14 17:55:55.333 [info] > git for-each-ref --format=%(refname)%00%(upstream:short)%00%(objectname)%00%(upstream:track)%00%(upstream:remotename)%00%(upstream:remoteref) refs/heads/main refs/remotes/main [19ms]
2024-10-14 17:55:55.346 [info] > git status -z -uall [1ms]
2024-10-14 17:55:55.360 [info] > git for-each-ref --format=%(refname)%00%(upstream:short)%00%(objectname)%00%(upstream:track)%00%(upstream:remotename)%00%(upstream:remoteref) refs/heads/main refs/remotes/main [4ms]
2024-10-14 17:55:55.389 [info] > git config --local branch.main.vscode-merge-base [22ms]
2024-10-14 17:55:55.389 [warning] [Git][config] git config failed: Failed to execute git
2024-10-14 17:55:55.406 [info] > git reflog main --grep-reflog=branch: Created from *. [2ms]
2024-10-14 17:55:55.422 [info] > git symbolic-ref --short refs/remotes/origin/HEAD [6ms]
2024-10-14 17:55:55.422 [info] fatal: ref refs/remotes/origin/HEAD is not a symbolic ref
2024-10-14 17:56:00.381 [info] > git config --get commit.template [11ms]
2024-10-14 17:56:00.388 [info] > git for-each-ref --format=%(refname)%00%(upstream:short)%00%(objectname)%00%(upstream:track)%00%(upstream:remotename)%00%(upstream:remoteref) refs/heads/main refs/remotes/main [8ms]
2024-10-14 17:56:00.403 [info] > git status -z -uall [5ms]
2024-10-14 17:56:00.417 [info] > git for-each-ref --format=%(refname)%00%(upstream:short)%00%(objectname)%00%(upstream:track)%00%(upstream:remotename)%00%(upstream:remoteref) refs/heads/main refs/remotes/main [7ms]
2024-10-14 17:56:00.423 [info] > git config --local branch.main.vscode-merge-base [2ms]
2024-10-14 17:56:00.423 [warning] [Git][config] git config failed: Failed to execute git
2024-10-14 17:56:00.428 [info] > git reflog main --grep-reflog=branch: Created from *. [2ms]
2024-10-14 17:56:00.432 [info] > git symbolic-ref --short refs/remotes/origin/HEAD [1ms]
2024-10-14 17:56:00.432 [info] fatal: ref refs/remotes/origin/HEAD is not a symbolic ref
2024-10-14 17:57:22.991 [info] > git show --textconv :bibliografia.txt [19ms]
2024-10-14 17:57:22.996 [info] > git ls-files --stage -- /home/pro/Escritorio/libro/ejercicio-git-libro/bibliografia.txt [6ms]
2024-10-14 17:57:23.007 [info] > git cat-file -s eb70002139e5bbf68eb04c85c809aed70b28abd4 [2ms]
2024-10-14 17:57:52.675 [info] > git config --get commit.template [8ms]
2024-10-14 17:57:52.681 [info] > git for-each-ref --format=%(refname)%00%(upstream:short)%00%(objectname)%00%(upstream:track)%00%(upstream:remotename)%00%(upstream:remoteref) refs/heads/main refs/remotes/main [6ms]
2024-10-14 17:57:52.688 [info] > git status -z -uall [2ms]
2024-10-14 17:57:52.703 [info] > git for-each-ref --format=%(refname)%00%(upstream:short)%00%(objectname)%00%(upstream:track)%00%(upstream:remotename)%00%(upstream:remoteref) refs/heads/main refs/remotes/main [9ms]
2024-10-14 17:57:52.713 [info] > git config --local branch.main.vscode-merge-base [1ms]
2024-10-14 17:57:52.713 [warning] [Git][config] git config failed: Failed to execute git
2024-10-14 17:57:52.718 [info] > git reflog main --grep-reflog=branch: Created from *. [2ms]
2024-10-14 17:57:52.736 [info] > git symbolic-ref --short refs/remotes/origin/HEAD [14ms]
2024-10-14 17:57:52.736 [info] fatal: ref refs/remotes/origin/HEAD is not a symbolic ref
2024-10-14 17:57:57.704 [info] > git config --get commit.template [5ms]
2024-10-14 17:57:57.707 [info] > git for-each-ref --format=%(refname)%00%(upstream:short)%00%(objectname)%00%(upstream:track)%00%(upstream:remotename)%00%(upstream:remoteref) refs/heads/main refs/remotes/main [3ms]
2024-10-14 17:57:57.713 [info] > git status -z -uall [2ms]
2024-10-14 17:57:57.720 [info] > git for-each-ref --format=%(refname)%00%(upstream:short)%00%(objectname)%00%(upstream:track)%00%(upstream:remotename)%00%(upstream:remoteref) refs/heads/main refs/remotes/main [3ms]
2024-10-14 17:57:57.728 [info] > git config --local branch.main.vscode-merge-base [3ms]
2024-10-14 17:57:57.728 [warning] [Git][config] git config failed: Failed to execute git
2024-10-14 17:57:57.735 [info] > git reflog main --grep-reflog=branch: Created from *. [2ms]
2024-10-14 17:57:57.742 [info] > git symbolic-ref --short refs/remotes/origin/HEAD [2ms]
2024-10-14 17:57:57.742 [info] fatal: ref refs/remotes/origin/HEAD is not a symbolic ref
2024-10-14 17:57:59.846 [info] > git show --textconv :README.md [7ms]
2024-10-14 17:57:59.854 [info] > git ls-files --stage -- /home/pro/Escritorio/libro/ejercicio-git-libro/README.md [9ms]
2024-10-14 17:57:59.869 [info] > git cat-file -s e8d148b35cdcf8898f6c3dd4671fa7f0951af45a [2ms]
2024-10-14 17:58:01.952 [info] > git show --textconv :bibliografia.txt [10ms]
2024-10-14 17:58:01.966 [info] > git ls-files --stage -- /home/pro/Escritorio/libro/ejercicio-git-libro/bibliografia.txt [14ms]
2024-10-14 17:58:01.983 [info] > git cat-file -s eb70002139e5bbf68eb04c85c809aed70b28abd4 [4ms]
2024-10-14 17:58:04.262 [info] > git config --get commit.template [11ms]
2024-10-14 17:58:04.266 [info] > git for-each-ref --format=%(refname)%00%(upstream:short)%00%(objectname)%00%(upstream:track)%00%(upstream:remotename)%00%(upstream:remoteref) refs/heads/main refs/remotes/main [5ms]
2024-10-14 17:58:04.281 [info] > git status -z -uall [5ms]
2024-10-14 17:58:04.300 [info] > git for-each-ref --format=%(refname)%00%(upstream:short)%00%(objectname)%00%(upstream:track)%00%(upstream:remotename)%00%(upstream:remoteref) refs/heads/main refs/remotes/main [7ms]
2024-10-14 17:58:04.308 [info] > git config --local branch.main.vscode-merge-base [2ms]
2024-10-14 17:58:04.308 [warning] [Git][config] git config failed: Failed to execute git
2024-10-14 17:58:04.314 [info] > git reflog main --grep-reflog=branch: Created from *. [2ms]
2024-10-14 17:58:04.318 [info] > git symbolic-ref --short refs/remotes/origin/HEAD [1ms]
2024-10-14 17:58:04.318 [info] fatal: ref refs/remotes/origin/HEAD is not a symbolic ref
2024-10-14 17:58:08.236 [info] > git show --textconv :README.md [4ms]
2024-10-14 17:58:08.238 [info] > git ls-files --stage -- /home/pro/Escritorio/libro/ejercicio-git-libro/README.md [1ms]
2024-10-14 17:58:08.244 [info] > git cat-file -s e8d148b35cdcf8898f6c3dd4671fa7f0951af45a [0ms]
2024-10-14 17:58:14.873 [info] > git config --get commit.template [6ms]
2024-10-14 17:58:14.874 [info] > git for-each-ref --format=%(refname)%00%(upstream:short)%00%(objectname)%00%(upstream:track)%00%(upstream:remotename)%00%(upstream:remoteref) refs/heads/main refs/remotes/main [2ms]
2024-10-14 17:58:14.879 [info] > git status -z -uall [2ms]
2024-10-14 17:58:14.888 [info] > git for-each-ref --format=%(refname)%00%(upstream:short)%00%(objectname)%00%(upstream:track)%00%(upstream:remotename)%00%(upstream:remoteref) refs/heads/main refs/remotes/main [4ms]
2024-10-14 17:58:14.898 [info] > git config --local branch.main.vscode-merge-base [3ms]
2024-10-14 17:58:14.898 [warning] [Git][config] git config failed: Failed to execute git
2024-10-14 17:58:14.903 [info] > git reflog main --grep-reflog=branch: Created from *. [1ms]
2024-10-14 17:58:14.907 [info] > git symbolic-ref --short refs/remotes/origin/HEAD [1ms]
2024-10-14 17:58:14.907 [info] fatal: ref refs/remotes/origin/HEAD is not a symbolic ref
2024-10-14 17:58:15.904 [info] > git config --get commit.template [1ms]
2024-10-14 17:58:15.910 [info] > git for-each-ref --format=%(refname)%00%(upstream:short)%00%(objectname)%00%(upstream:track)%00%(upstream:remotename)%00%(upstream:remoteref) refs/heads/main refs/remotes/main [2ms]
2024-10-14 17:58:15.915 [info] > git status -z -uall [1ms]
2024-10-14 17:58:15.924 [info] > git for-each-ref --format=%(refname)%00%(upstream:short)%00%(objectname)%00%(upstream:track)%00%(upstream:remotename)%00%(upstream:remoteref) refs/heads/main refs/remotes/main [3ms]
2024-10-14 17:58:15.930 [info] > git config --local branch.main.vscode-merge-base [2ms]
2024-10-14 17:58:15.930 [warning] [Git][config] git config failed: Failed to execute git
2024-10-14 17:58:15.935 [info] > git reflog main --grep-reflog=branch: Created from *. [2ms]
2024-10-14 17:58:15.939 [info] > git symbolic-ref --short refs/remotes/origin/HEAD [1ms]
2024-10-14 17:58:15.939 [info] fatal: ref refs/remotes/origin/HEAD is not a symbolic ref
2024-10-14 17:58:16.012 [info] > git ls-files --stage -- /home/pro/Escritorio/libro/ejercicio-git-libro/README.md [4ms]
2024-10-14 17:58:16.021 [info] > git cat-file -s 557792d43392902cfdaa953c673cb8093bc1e269 [3ms]
2024-10-14 17:58:16.039 [info] > git show --textconv :README.md [4ms]
2024-10-14 17:58:18.137 [info] > git show --textconv :bibliografia.txt [5ms]
2024-10-14 17:58:18.141 [info] > git ls-files --stage -- /home/pro/Escritorio/libro/ejercicio-git-libro/bibliografia.txt [4ms]
2024-10-14 17:58:18.146 [info] > git cat-file -s 051226c4acc6f4c9cc2d7479b6794612336b72f1 [1ms]
2024-10-14 17:58:23.998 [info] > git show --textconv :README.md [14ms]
2024-10-14 17:58:24.000 [info] > git ls-files --stage -- /home/pro/Escritorio/libro/ejercicio-git-libro/README.md [2ms]
2024-10-14 17:58:24.012 [info] > git cat-file -s 557792d43392902cfdaa953c673cb8093bc1e269 [2ms]
2024-10-14 17:58:27.940 [info] > git config --get commit.template [12ms]
2024-10-14 17:58:27.942 [info] > git for-each-ref --format=%(refname)%00%(upstream:short)%00%(objectname)%00%(upstream:track)%00%(upstream:remotename)%00%(upstream:remoteref) refs/heads/main refs/remotes/main [3ms]
2024-10-14 17:58:27.955 [info] > git status -z -uall [4ms]
2024-10-14 17:58:27.981 [info] > git for-each-ref --format=%(refname)%00%(upstream:short)%00%(objectname)%00%(upstream:track)%00%(upstream:remotename)%00%(upstream:remoteref) refs/heads/main refs/remotes/main [10ms]
2024-10-14 17:58:28.006 [info] > git config --local branch.main.vscode-merge-base [0ms]
2024-10-14 17:58:28.006 [warning] [Git][config] git config failed: Failed to execute git
2024-10-14 17:58:28.025 [info] > git reflog main --grep-reflog=branch: Created from *. [3ms]
2024-10-14 17:58:28.040 [info] > git symbolic-ref --short refs/remotes/origin/HEAD [3ms]
2024-10-14 17:58:28.040 [info] fatal: ref refs/remotes/origin/HEAD is not a symbolic ref
2024-10-14 17:58:32.981 [info] > git config --get commit.template [4ms]
2024-10-14 17:58:32.982 [info] > git for-each-ref --format=%(refname)%00%(upstream:short)%00%(objectname)%00%(upstream:track)%00%(upstream:remotename)%00%(upstream:remoteref) refs/heads/main refs/remotes/main [2ms]
2024-10-14 17:58:32.987 [info] > git status -z -uall [2ms]
2024-10-14 17:58:32.994 [info] > git for-each-ref --format=%(refname)%00%(upstream:short)%00%(objectname)%00%(upstream:track)%00%(upstream:remotename)%00%(upstream:remoteref) refs/heads/main refs/remotes/main [3ms]
2024-10-14 17:58:33.000 [info] > git config --local branch.main.vscode-merge-base [2ms]
2024-10-14 17:58:33.000 [warning] [Git][config] git config failed: Failed to execute git
2024-10-14 17:58:33.005 [info] > git reflog main --grep-reflog=branch: Created from *. [2ms]
2024-10-14 17:58:33.009 [info] > git symbolic-ref --short refs/remotes/origin/HEAD [1ms]
2024-10-14 17:58:33.009 [info] fatal: ref refs/remotes/origin/HEAD is not a symbolic ref
2024-10-14 18:00:13.375 [info] > git config --get commit.template [4ms]
2024-10-14 18:00:13.385 [info] > git for-each-ref --format=%(refname)%00%(upstream:short)%00%(objectname)%00%(upstream:track)%00%(upstream:remotename)%00%(upstream:remoteref) refs/heads/main refs/remotes/main [10ms]
2024-10-14 18:00:13.396 [info] > git status -z -uall [6ms]
2024-10-14 18:00:13.406 [info] > git for-each-ref --format=%(refname)%00%(upstream:short)%00%(objectname)%00%(upstream:track)%00%(upstream:remotename)%00%(upstream:remoteref) refs/heads/main refs/remotes/main [5ms]
2024-10-14 18:00:13.417 [info] > git config --local branch.main.vscode-merge-base [7ms]
2024-10-14 18:00:13.417 [warning] [Git][config] git config failed: Failed to execute git
2024-10-14 18:00:13.432 [info] > git reflog main --grep-reflog=branch: Created from *. [11ms]
2024-10-14 18:00:13.438 [info] > git symbolic-ref --short refs/remotes/origin/HEAD [3ms]
2024-10-14 18:00:13.438 [info] fatal: ref refs/remotes/origin/HEAD is not a symbolic ref
2024-10-14 18:00:13.443 [info] > git merge-base refs/heads/main refs/remotes/origin/main [2ms]
2024-10-14 18:00:13.455 [info] > git rev-list --count --left-right refs/heads/main...refs/remotes/origin/main [8ms]
2024-10-14 18:00:13.469 [info] > git diff --name-status -z --diff-filter=ADMR 2b09558d4c4ce19c27342baa63c3cde3b4392741...refs/remotes/origin/main [2ms]
2024-10-14 18:00:14.382 [info] > git config --get commit.template [5ms]
2024-10-14 18:00:14.383 [info] > git for-each-ref --format=%(refname)%00%(upstream:short)%00%(objectname)%00%(upstream:track)%00%(upstream:remotename)%00%(upstream:remoteref) refs/heads/main refs/remotes/main [2ms]
2024-10-14 18:00:14.388 [info] > git status -z -uall [1ms]
2024-10-14 18:00:14.399 [info] > git for-each-ref --format=%(refname)%00%(upstream:short)%00%(objectname)%00%(upstream:track)%00%(upstream:remotename)%00%(upstream:remoteref) refs/heads/main refs/remotes/main [4ms]
2024-10-14 18:00:14.403 [info] > git config --local branch.main.vscode-merge-base [1ms]
2024-10-14 18:00:14.403 [warning] [Git][config] git config failed: Failed to execute git
2024-10-14 18:00:14.408 [info] > git reflog main --grep-reflog=branch: Created from *. [2ms]
2024-10-14 18:00:14.412 [info] > git symbolic-ref --short refs/remotes/origin/HEAD [0ms]
2024-10-14 18:00:14.412 [info] fatal: ref refs/remotes/origin/HEAD is not a symbolic ref
2024-10-14 18:00:14.475 [info] > git ls-files --stage -- /home/pro/Escritorio/libro/ejercicio-git-libro/README.md [2ms]
2024-10-14 18:00:14.487 [info] > git cat-file -s 00b9138505764707f91efb57e964872efbd5ebbe [2ms]
2024-10-14 18:00:14.498 [info] > git show --textconv :README.md [2ms]
2024-10-14 18:00:29.511 [info] > git config --get commit.template [4ms]
2024-10-14 18:00:29.513 [info] > git for-each-ref --format=%(refname)%00%(upstream:short)%00%(objectname)%00%(upstream:track)%00%(upstream:remotename)%00%(upstream:remoteref) refs/heads/main refs/remotes/main [3ms]
2024-10-14 18:00:29.518 [info] > git status -z -uall [2ms]
2024-10-14 18:00:29.526 [info] > git for-each-ref --format=%(refname)%00%(upstream:short)%00%(objectname)%00%(upstream:track)%00%(upstream:remotename)%00%(upstream:remoteref) refs/heads/main refs/remotes/main [4ms]
2024-10-14 18:00:29.539 [info] > git config --local branch.main.vscode-merge-base [3ms]
2024-10-14 18:00:29.539 [warning] [Git][config] git config failed: Failed to execute git
2024-10-14 18:00:29.550 [info] > git reflog main --grep-reflog=branch: Created from *. [7ms]
2024-10-14 18:00:29.555 [info] > git symbolic-ref --short refs/remotes/origin/HEAD [2ms]
2024-10-14 18:00:29.555 [info] fatal: ref refs/remotes/origin/HEAD is not a symbolic ref
2024-10-14 18:00:34.546 [info] > git config --get commit.template [5ms]
2024-10-14 18:00:34.549 [info] > git for-each-ref --format=%(refname)%00%(upstream:short)%00%(objectname)%00%(upstream:track)%00%(upstream:remotename)%00%(upstream:remoteref) refs/heads/main refs/remotes/main [4ms]
2024-10-14 18:00:34.558 [info] > git status -z -uall [4ms]
2024-10-14 18:00:34.581 [info] > git for-each-ref --format=%(refname)%00%(upstream:short)%00%(objectname)%00%(upstream:track)%00%(upstream:remotename)%00%(upstream:remoteref) refs/heads/main refs/remotes/main [10ms]
2024-10-14 18:00:34.592 [info] > git config --local branch.main.vscode-merge-base [5ms]
2024-10-14 18:00:34.592 [warning] [Git][config] git config failed: Failed to execute git
2024-10-14 18:00:34.603 [info] > git reflog main --grep-reflog=branch: Created from *. [3ms]
2024-10-14 18:00:34.608 [info] > git symbolic-ref --short refs/remotes/origin/HEAD [1ms]
2024-10-14 18:00:34.608 [info] fatal: ref refs/remotes/origin/HEAD is not a symbolic ref
2024-10-14 18:00:39.583 [info] > git config --get commit.template [3ms]
2024-10-14 18:00:39.585 [info] > git for-each-ref --format=%(refname)%00%(upstream:short)%00%(objectname)%00%(upstream:track)%00%(upstream:remotename)%00%(upstream:remoteref) refs/heads/main refs/remotes/main [2ms]
2024-10-14 18:00:39.590 [info] > git status -z -uall [1ms]
2024-10-14 18:00:39.597 [info] > git for-each-ref --format=%(refname)%00%(upstream:short)%00%(objectname)%00%(upstream:track)%00%(upstream:remotename)%00%(upstream:remoteref) refs/heads/main refs/remotes/main [3ms]
2024-10-14 18:00:39.602 [info] > git config --local branch.main.vscode-merge-base [1ms]
2024-10-14 18:00:39.603 [warning] [Git][config] git config failed: Failed to execute git
2024-10-14 18:00:39.608 [info] > git reflog main --grep-reflog=branch: Created from *. [2ms]
2024-10-14 18:00:39.612 [info] > git symbolic-ref --short refs/remotes/origin/HEAD [1ms]
2024-10-14 18:00:39.612 [info] fatal: ref refs/remotes/origin/HEAD is not a symbolic ref
2024-10-14 18:00:52.471 [info] > git config --get commit.template [2ms]
2024-10-14 18:00:52.485 [info] > git for-each-ref --format=%(refname)%00%(upstream:short)%00%(objectname)%00%(upstream:track)%00%(upstream:remotename)%00%(upstream:remoteref) refs/heads/main refs/remotes/main [5ms]
2024-10-14 18:00:52.495 [info] > git status -z -uall [4ms]
2024-10-14 18:00:52.506 [info] > git for-each-ref --format=%(refname)%00%(upstream:short)%00%(objectname)%00%(upstream:track)%00%(upstream:remotename)%00%(upstream:remoteref) refs/heads/main refs/remotes/main [4ms]
2024-10-14 18:00:52.513 [info] > git config --local branch.main.vscode-merge-base [2ms]
2024-10-14 18:00:52.513 [warning] [Git][config] git config failed: Failed to execute git
2024-10-14 18:00:52.520 [info] > git reflog main --grep-reflog=branch: Created from *. [3ms]
2024-10-14 18:00:52.524 [info] > git symbolic-ref --short refs/remotes/origin/HEAD [1ms]
2024-10-14 18:00:52.524 [info] fatal: ref refs/remotes/origin/HEAD is not a symbolic ref
2024-10-14 18:01:02.502 [info] > git config --get commit.template [5ms]
2024-10-14 18:01:02.504 [info] > git for-each-ref --format=%(refname)%00%(upstream:short)%00%(objectname)%00%(upstream:track)%00%(upstream:remotename)%00%(upstream:remoteref) refs/heads/main refs/remotes/main [3ms]
2024-10-14 18:01:02.511 [info] > git status -z -uall [2ms]
2024-10-14 18:01:02.551 [info] > git for-each-ref --format=%(refname)%00%(upstream:short)%00%(objectname)%00%(upstream:track)%00%(upstream:remotename)%00%(upstream:remoteref) refs/heads/main refs/remotes/main [30ms]
2024-10-14 18:01:02.580 [info] > git config --local branch.main.vscode-merge-base [5ms]
2024-10-14 18:01:02.580 [warning] [Git][config] git config failed: Failed to execute git
2024-10-14 18:01:02.594 [info] > git reflog main --grep-reflog=branch: Created from *. [6ms]
2024-10-14 18:01:02.606 [info] > git symbolic-ref --short refs/remotes/origin/HEAD [2ms]
2024-10-14 18:01:02.606 [info] fatal: ref refs/remotes/origin/HEAD is not a symbolic ref
2024-10-14 18:01:07.564 [info] > git config --get commit.template [5ms]
2024-10-14 18:01:07.566 [info] > git for-each-ref --format=%(refname)%00%(upstream:short)%00%(objectname)%00%(upstream:track)%00%(upstream:remotename)%00%(upstream:remoteref) refs/heads/main refs/remotes/main [2ms]
2024-10-14 18:01:07.578 [info] > git status -z -uall [7ms]
2024-10-14 18:01:07.584 [info] > git for-each-ref --format=%(refname)%00%(upstream:short)%00%(objectname)%00%(upstream:track)%00%(upstream:remotename)%00%(upstream:remoteref) refs/heads/main refs/remotes/main [2ms]
2024-10-14 18:01:07.594 [info] > git config --local branch.main.vscode-merge-base [7ms]
2024-10-14 18:01:07.594 [warning] [Git][config] git config failed: Failed to execute git
2024-10-14 18:01:07.600 [info] > git reflog main --grep-reflog=branch: Created from *. [2ms]
2024-10-14 18:01:07.605 [info] > git symbolic-ref --short refs/remotes/origin/HEAD [1ms]
2024-10-14 18:01:07.605 [info] fatal: ref refs/remotes/origin/HEAD is not a symbolic ref
2024-10-14 18:01:13.212 [info] > git config --get commit.template [10ms]
2024-10-14 18:01:13.215 [info] > git for-each-ref --format=%(refname)%00%(upstream:short)%00%(objectname)%00%(upstream:track)%00%(upstream:remotename)%00%(upstream:remoteref) refs/heads/main refs/remotes/main [5ms]
2024-10-14 18:01:13.230 [info] > git status -z -uall [4ms]
2024-10-14 18:01:13.250 [info] > git for-each-ref --format=%(refname)%00%(upstream:short)%00%(objectname)%00%(upstream:track)%00%(upstream:remotename)%00%(upstream:remoteref) refs/heads/main refs/remotes/main [8ms]
2024-10-14 18:01:13.257 [info] > git config --local branch.main.vscode-merge-base [2ms]
2024-10-14 18:01:13.257 [warning] [Git][config] git config failed: Failed to execute git
2024-10-14 18:01:13.263 [info] > git reflog main --grep-reflog=branch: Created from *. [2ms]
2024-10-14 18:01:13.267 [info] > git symbolic-ref --short refs/remotes/origin/HEAD [1ms]
2024-10-14 18:01:13.267 [info] fatal: ref refs/remotes/origin/HEAD is not a symbolic ref
2024-10-14 18:01:42.167 [info] > git config --get commit.template [5ms]
2024-10-14 18:01:42.169 [info] > git for-each-ref --format=%(refname)%00%(upstream:short)%00%(objectname)%00%(upstream:track)%00%(upstream:remotename)%00%(upstream:remoteref) refs/heads/main refs/remotes/main [3ms]
2024-10-14 18:01:42.174 [info] > git status -z -uall [2ms]
2024-10-14 18:01:42.183 [info] > git for-each-ref --format=%(refname)%00%(upstream:short)%00%(objectname)%00%(upstream:track)%00%(upstream:remotename)%00%(upstream:remoteref) refs/heads/main refs/remotes/main [4ms]
2024-10-14 18:01:42.188 [info] > git config --local branch.main.vscode-merge-base [2ms]
2024-10-14 18:01:42.188 [warning] [Git][config] git config failed: Failed to execute git
2024-10-14 18:01:42.204 [info] > git reflog main --grep-reflog=branch: Created from *. [1ms]
2024-10-14 18:01:42.229 [info] > git symbolic-ref --short refs/remotes/origin/HEAD [2ms]
2024-10-14 18:01:42.229 [info] fatal: ref refs/remotes/origin/HEAD is not a symbolic ref
2024-10-14 18:02:15.076 [info] > git config --get commit.template [3ms]
2024-10-14 18:02:15.082 [info] > git for-each-ref --format=%(refname)%00%(upstream:short)%00%(objectname)%00%(upstream:track)%00%(upstream:remotename)%00%(upstream:remoteref) refs/heads/main refs/remotes/main [6ms]
2024-10-14 18:02:15.090 [info] > git status -z -uall [2ms]
2024-10-14 18:02:15.105 [info] > git for-each-ref --format=%(refname)%00%(upstream:short)%00%(objectname)%00%(upstream:track)%00%(upstream:remotename)%00%(upstream:remoteref) refs/heads/main refs/remotes/main [11ms]
2024-10-14 18:02:15.116 [info] > git config --local branch.main.vscode-merge-base [5ms]
2024-10-14 18:02:15.116 [warning] [Git][config] git config failed: Failed to execute git
2024-10-14 18:02:15.122 [info] > git reflog main --grep-reflog=branch: Created from *. [2ms]
2024-10-14 18:02:15.126 [info] > git symbolic-ref --short refs/remotes/origin/HEAD [1ms]
2024-10-14 18:02:15.126 [info] fatal: ref refs/remotes/origin/HEAD is not a symbolic ref
2024-10-14 18:02:16.151 [info] > git config --get commit.template [8ms]
2024-10-14 18:02:16.152 [info] > git for-each-ref --format=%(refname)%00%(upstream:short)%00%(objectname)%00%(upstream:track)%00%(upstream:remotename)%00%(upstream:remoteref) refs/heads/main refs/remotes/main [2ms]
2024-10-14 18:02:16.157 [info] > git status -z -uall [1ms]
2024-10-14 18:02:16.165 [info] > git for-each-ref --format=%(refname)%00%(upstream:short)%00%(objectname)%00%(upstream:track)%00%(upstream:remotename)%00%(upstream:remoteref) refs/heads/main refs/remotes/main [4ms]
2024-10-14 18:02:16.171 [info] > git config --local branch.main.vscode-merge-base [1ms]
2024-10-14 18:02:16.171 [warning] [Git][config] git config failed: Failed to execute git
2024-10-14 18:02:16.176 [info] > git reflog main --grep-reflog=branch: Created from *. [2ms]
2024-10-14 18:02:16.180 [info] > git symbolic-ref --short refs/remotes/origin/HEAD [1ms]
2024-10-14 18:02:16.180 [info] fatal: ref refs/remotes/origin/HEAD is not a symbolic ref
2024-10-14 18:02:16.246 [info] > git ls-files --stage -- /home/pro/Escritorio/libro/ejercicio-git-libro/README.md [2ms]
2024-10-14 18:02:16.250 [info] > git cat-file -s d5d281c62d016c4ea6ba7d1692992777e333149f [1ms]
2024-10-14 18:02:16.258 [info] > git show --textconv :README.md [2ms]
2024-10-14 18:02:28.203 [info] > git config --get commit.template [5ms]
2024-10-14 18:02:28.204 [info] > git for-each-ref --format=%(refname)%00%(upstream:short)%00%(objectname)%00%(upstream:track)%00%(upstream:remotename)%00%(upstream:remoteref) refs/heads/main refs/remotes/main [2ms]
2024-10-14 18:02:28.210 [info] > git status -z -uall [3ms]
2024-10-14 18:02:28.231 [info] > git for-each-ref --format=%(refname)%00%(upstream:short)%00%(objectname)%00%(upstream:track)%00%(upstream:remotename)%00%(upstream:remoteref) refs/heads/main refs/remotes/main [17ms]
2024-10-14 18:02:28.236 [info] > git config --local branch.main.vscode-merge-base [2ms]
2024-10-14 18:02:28.236 [warning] [Git][config] git config failed: Failed to execute git
2024-10-14 18:02:28.243 [info] > git reflog main --grep-reflog=branch: Created from *. [2ms]
2024-10-14 18:02:28.248 [info] > git symbolic-ref --short refs/remotes/origin/HEAD [2ms]
2024-10-14 18:02:28.248 [info] fatal: ref refs/remotes/origin/HEAD is not a symbolic ref
2024-10-14 18:02:28.259 [info] > git merge-base refs/heads/main refs/remotes/origin/main [2ms]
2024-10-14 18:02:28.264 [info] > git rev-list --count --left-right refs/heads/main...refs/remotes/origin/main [1ms]
2024-10-14 18:02:28.270 [info] > git diff --name-status -z --diff-filter=ADMR f92d1f4317cf4a262b734397d1a2ac5947c36a39...refs/remotes/origin/main [2ms]
2024-10-14 18:02:29.316 [info] > git ls-files --stage -- /home/pro/Escritorio/libro/ejercicio-git-libro/README.md [1ms]
2024-10-14 18:02:29.320 [info] > git cat-file -s d5d281c62d016c4ea6ba7d1692992777e333149f [1ms]
2024-10-14 18:02:29.326 [info] > git show --textconv :README.md [2ms]
2024-10-14 18:02:33.983 [info] > git config --get commit.template [9ms]
2024-10-14 18:02:33.984 [info] > git for-each-ref --format=%(refname)%00%(upstream:short)%00%(objectname)%00%(upstream:track)%00%(upstream:remotename)%00%(upstream:remoteref) refs/heads/main refs/remotes/main [1ms]
2024-10-14 18:02:33.993 [info] > git status -z -uall [1ms]
2024-10-14 18:02:34.010 [info] > git for-each-ref --format=%(refname)%00%(upstream:short)%00%(objectname)%00%(upstream:track)%00%(upstream:remotename)%00%(upstream:remoteref) refs/heads/main refs/remotes/main [3ms]
2024-10-14 18:02:34.017 [info] > git config --local branch.main.vscode-merge-base [1ms]
2024-10-14 18:02:34.017 [warning] [Git][config] git config failed: Failed to execute git
2024-10-14 18:02:34.024 [info] > git reflog main --grep-reflog=branch: Created from *. [2ms]
2024-10-14 18:02:34.028 [info] > git symbolic-ref --short refs/remotes/origin/HEAD [1ms]
2024-10-14 18:02:34.029 [info] fatal: ref refs/remotes/origin/HEAD is not a symbolic ref
2024-10-14 18:02:36.623 [info] > git config --get commit.template [11ms]
2024-10-14 18:02:36.627 [info] > git for-each-ref --format=%(refname)%00%(upstream:short)%00%(objectname)%00%(upstream:track)%00%(upstream:remotename)%00%(upstream:remoteref) refs/heads/main refs/remotes/main [5ms]
2024-10-14 18:02:36.655 [info] > git status -z -uall [13ms]
2024-10-14 18:02:36.661 [info] > git for-each-ref --format=%(refname)%00%(upstream:short)%00%(objectname)%00%(upstream:track)%00%(upstream:remotename)%00%(upstream:remoteref) refs/heads/main refs/remotes/main [2ms]
2024-10-14 18:02:36.669 [info] > git config --local branch.main.vscode-merge-base [2ms]
2024-10-14 18:02:36.669 [warning] [Git][config] git config failed: Failed to execute git
2024-10-14 18:02:36.675 [info] > git reflog main --grep-reflog=branch: Created from *. [2ms]
2024-10-14 18:02:36.679 [info] > git symbolic-ref --short refs/remotes/origin/HEAD [1ms]
2024-10-14 18:02:36.679 [info] fatal: ref refs/remotes/origin/HEAD is not a symbolic ref
2024-10-14 18:04:57.188 [info] > git config --get commit.template [5ms]
2024-10-14 18:04:57.190 [info] > git for-each-ref --format=%(refname)%00%(upstream:short)%00%(objectname)%00%(upstream:track)%00%(upstream:remotename)%00%(upstream:remoteref) refs/heads/main refs/remotes/main [3ms]
2024-10-14 18:04:57.196 [info] > git status -z -uall [2ms]
2024-10-14 18:04:57.220 [info] > git for-each-ref --format=%(refname)%00%(upstream:short)%00%(objectname)%00%(upstream:track)%00%(upstream:remotename)%00%(upstream:remoteref) refs/heads/main refs/remotes/main [14ms]
2024-10-14 18:04:57.224 [info] > git config --local branch.main.vscode-merge-base [1ms]
2024-10-14 18:04:57.224 [warning] [Git][config] git config failed: Failed to execute git
2024-10-14 18:04:57.229 [info] > git reflog main --grep-reflog=branch: Created from *. [2ms]
2024-10-14 18:04:57.235 [info] > git symbolic-ref --short refs/remotes/origin/HEAD [1ms]
2024-10-14 18:04:57.235 [info] fatal: ref refs/remotes/origin/HEAD is not a symbolic ref
