2024-10-15 16:42:39.131 [error] [/home/pro/.vscode/extensions/shd101wyy.markdown-preview-enhanced-0.8.14]: No se pudo analizar /home/pro/.vscode/extensions/shd101wyy.markdown-preview-enhanced-0.8.14/package.nls.json: Se esperaba un valor.
2024-10-15 16:42:39.132 [warning] [markdown-preview-enhanced]: No se encontró un mensaje para la clave displayName.
2024-10-15 16:42:39.132 [warning] [markdown-preview-enhanced]: No se encontró un mensaje para la clave description.
2024-10-15 16:42:39.132 [warning] [markdown-preview-enhanced]: No se encontró un mensaje para la clave markdown-preview-enhanced.openPreviewToTheSide.title.
2024-10-15 16:42:39.133 [warning] [markdown-preview-enhanced]: No se encontró un mensaje para la clave markdown-preview-enhanced.openPreview.title.
2024-10-15 16:42:39.133 [warning] [markdown-preview-enhanced]: No se encontró un mensaje para la clave markdown-preview-enhanced.toggleScrollSync.title.
2024-10-15 16:42:39.133 [warning] [markdown-preview-enhanced]: No se encontró un mensaje para la clave markdown-preview-enhanced.toggleLiveUpdate.title.
2024-10-15 16:42:39.140 [warning] [markdown-preview-enhanced]: No se encontró un mensaje para la clave markdown-preview-enhanced.toggleBreakOnSingleNewLine.title.
2024-10-15 16:42:39.140 [warning] [markdown-preview-enhanced]: No se encontró un mensaje para la clave markdown-preview-enhanced.openImageHelper.title.
2024-10-15 16:42:39.141 [warning] [markdown-preview-enhanced]: No se encontró un mensaje para la clave markdown-preview-enhanced.runAllCodeChunks.title.
2024-10-15 16:42:39.141 [warning] [markdown-preview-enhanced]: No se encontró un mensaje para la clave markdown-preview-enhanced.runCodeChunk.title.
2024-10-15 16:42:39.142 [warning] [markdown-preview-enhanced]: No se encontró un mensaje para la clave markdown-preview-enhanced.syncPreview.title.
2024-10-15 16:42:39.142 [warning] [markdown-preview-enhanced]: No se encontró un mensaje para la clave markdown-preview-enhanced.customizeCss.title.
2024-10-15 16:42:39.142 [warning] [markdown-preview-enhanced]: No se encontró un mensaje para la clave markdown-preview-enhanced.customizeCssInWorkspace.title.
2024-10-15 16:42:39.142 [warning] [markdown-preview-enhanced]: No se encontró un mensaje para la clave markdown-preview-enhanced.insertNewSlide.title.
2024-10-15 16:42:39.143 [warning] [markdown-preview-enhanced]: No se encontró un mensaje para la clave markdown-preview-enhanced.insertTable.title.
2024-10-15 16:42:39.143 [warning] [markdown-preview-enhanced]: No se encontró un mensaje para la clave markdown-preview-enhanced.insertPagebreak.title.
2024-10-15 16:42:39.143 [warning] [markdown-preview-enhanced]: No se encontró un mensaje para la clave markdown-preview-enhanced.createTOC.title.
2024-10-15 16:42:39.143 [warning] [markdown-preview-enhanced]: No se encontró un mensaje para la clave markdown-preview-enhanced.openConfigScript.title.
2024-10-15 16:42:39.143 [warning] [markdown-preview-enhanced]: No se encontró un mensaje para la clave markdown-preview-enhanced.extendParser.title.
2024-10-15 16:42:39.143 [warning] [markdown-preview-enhanced]: No se encontró un mensaje para la clave markdown-preview-enhanced.customizePreviewHtmlHead.title.
2024-10-15 16:42:39.144 [warning] [markdown-preview-enhanced]: No se encontró un mensaje para la clave markdown-preview-enhanced.openConfigScriptInWorkspace.title.
2024-10-15 16:42:39.144 [warning] [markdown-preview-enhanced]: No se encontró un mensaje para la clave markdown-preview-enhanced.extendParserInWorkspace.title.
2024-10-15 16:42:39.144 [warning] [markdown-preview-enhanced]: No se encontró un mensaje para la clave markdown-preview-enhanced.customizePreviewHtmlHeadInWorkspace.title.
2024-10-15 16:42:39.144 [warning] [markdown-preview-enhanced]: No se encontró un mensaje para la clave markdown-preview-enhanced.showUploadedImages.title.
2024-10-15 16:42:39.145 [warning] [markdown-preview-enhanced]: No se encontró un mensaje para la clave customEditorPreviewDisplayName.
2024-10-15 16:42:39.198 [error] [/home/pro/.vscode/extensions/shd101wyy.markdown-preview-enhanced-0.8.14]: No se pudo analizar /home/pro/.vscode/extensions/shd101wyy.markdown-preview-enhanced-0.8.14/package.nls.json: Se esperaba un valor.
2024-10-15 16:42:39.198 [warning] [markdown-preview-enhanced]: No se encontró un mensaje para la clave displayName.
2024-10-15 16:42:39.198 [warning] [markdown-preview-enhanced]: No se encontró un mensaje para la clave description.
2024-10-15 16:42:39.199 [warning] [markdown-preview-enhanced]: No se encontró un mensaje para la clave markdown-preview-enhanced.openPreviewToTheSide.title.
2024-10-15 16:42:39.199 [warning] [markdown-preview-enhanced]: No se encontró un mensaje para la clave markdown-preview-enhanced.openPreview.title.
2024-10-15 16:42:39.199 [warning] [markdown-preview-enhanced]: No se encontró un mensaje para la clave markdown-preview-enhanced.toggleScrollSync.title.
2024-10-15 16:42:39.199 [warning] [markdown-preview-enhanced]: No se encontró un mensaje para la clave markdown-preview-enhanced.toggleLiveUpdate.title.
2024-10-15 16:42:39.199 [warning] [markdown-preview-enhanced]: No se encontró un mensaje para la clave markdown-preview-enhanced.toggleBreakOnSingleNewLine.title.
2024-10-15 16:42:39.199 [warning] [markdown-preview-enhanced]: No se encontró un mensaje para la clave markdown-preview-enhanced.openImageHelper.title.
2024-10-15 16:42:39.199 [warning] [markdown-preview-enhanced]: No se encontró un mensaje para la clave markdown-preview-enhanced.runAllCodeChunks.title.
2024-10-15 16:42:39.200 [warning] [markdown-preview-enhanced]: No se encontró un mensaje para la clave markdown-preview-enhanced.runCodeChunk.title.
2024-10-15 16:42:39.200 [warning] [markdown-preview-enhanced]: No se encontró un mensaje para la clave markdown-preview-enhanced.syncPreview.title.
2024-10-15 16:42:39.200 [warning] [markdown-preview-enhanced]: No se encontró un mensaje para la clave markdown-preview-enhanced.customizeCss.title.
2024-10-15 16:42:39.200 [warning] [markdown-preview-enhanced]: No se encontró un mensaje para la clave markdown-preview-enhanced.customizeCssInWorkspace.title.
2024-10-15 16:42:39.200 [warning] [markdown-preview-enhanced]: No se encontró un mensaje para la clave markdown-preview-enhanced.insertNewSlide.title.
2024-10-15 16:42:39.201 [warning] [markdown-preview-enhanced]: No se encontró un mensaje para la clave markdown-preview-enhanced.insertTable.title.
2024-10-15 16:42:39.201 [warning] [markdown-preview-enhanced]: No se encontró un mensaje para la clave markdown-preview-enhanced.insertPagebreak.title.
2024-10-15 16:42:39.201 [warning] [markdown-preview-enhanced]: No se encontró un mensaje para la clave markdown-preview-enhanced.createTOC.title.
2024-10-15 16:42:39.201 [warning] [markdown-preview-enhanced]: No se encontró un mensaje para la clave markdown-preview-enhanced.openConfigScript.title.
2024-10-15 16:42:39.201 [warning] [markdown-preview-enhanced]: No se encontró un mensaje para la clave markdown-preview-enhanced.extendParser.title.
2024-10-15 16:42:39.202 [warning] [markdown-preview-enhanced]: No se encontró un mensaje para la clave markdown-preview-enhanced.customizePreviewHtmlHead.title.
2024-10-15 16:42:39.202 [warning] [markdown-preview-enhanced]: No se encontró un mensaje para la clave markdown-preview-enhanced.openConfigScriptInWorkspace.title.
2024-10-15 16:42:39.202 [warning] [markdown-preview-enhanced]: No se encontró un mensaje para la clave markdown-preview-enhanced.extendParserInWorkspace.title.
2024-10-15 16:42:39.202 [warning] [markdown-preview-enhanced]: No se encontró un mensaje para la clave markdown-preview-enhanced.customizePreviewHtmlHeadInWorkspace.title.
2024-10-15 16:42:39.202 [warning] [markdown-preview-enhanced]: No se encontró un mensaje para la clave markdown-preview-enhanced.showUploadedImages.title.
2024-10-15 16:42:39.208 [warning] [markdown-preview-enhanced]: No se encontró un mensaje para la clave customEditorPreviewDisplayName.
2024-10-15 16:42:39.208 [error] [/home/pro/.vscode/extensions/shd101wyy.markdown-preview-enhanced-0.8.14]: No se pudo analizar /home/pro/.vscode/extensions/shd101wyy.markdown-preview-enhanced-0.8.14/package.nls.json: Se esperaba un valor.
2024-10-15 16:42:39.208 [warning] [markdown-preview-enhanced]: No se encontró un mensaje para la clave displayName.
2024-10-15 16:42:39.209 [warning] [markdown-preview-enhanced]: No se encontró un mensaje para la clave description.
2024-10-15 16:42:39.211 [warning] [markdown-preview-enhanced]: No se encontró un mensaje para la clave markdown-preview-enhanced.openPreviewToTheSide.title.
2024-10-15 16:42:39.212 [warning] [markdown-preview-enhanced]: No se encontró un mensaje para la clave markdown-preview-enhanced.openPreview.title.
2024-10-15 16:42:39.212 [warning] [markdown-preview-enhanced]: No se encontró un mensaje para la clave markdown-preview-enhanced.toggleScrollSync.title.
2024-10-15 16:42:39.212 [warning] [markdown-preview-enhanced]: No se encontró un mensaje para la clave markdown-preview-enhanced.toggleLiveUpdate.title.
2024-10-15 16:42:39.212 [warning] [markdown-preview-enhanced]: No se encontró un mensaje para la clave markdown-preview-enhanced.toggleBreakOnSingleNewLine.title.
2024-10-15 16:42:39.213 [warning] [markdown-preview-enhanced]: No se encontró un mensaje para la clave markdown-preview-enhanced.openImageHelper.title.
2024-10-15 16:42:39.213 [warning] [markdown-preview-enhanced]: No se encontró un mensaje para la clave markdown-preview-enhanced.runAllCodeChunks.title.
2024-10-15 16:42:39.217 [warning] [markdown-preview-enhanced]: No se encontró un mensaje para la clave markdown-preview-enhanced.runCodeChunk.title.
2024-10-15 16:42:39.219 [warning] [markdown-preview-enhanced]: No se encontró un mensaje para la clave markdown-preview-enhanced.syncPreview.title.
2024-10-15 16:42:39.219 [warning] [markdown-preview-enhanced]: No se encontró un mensaje para la clave markdown-preview-enhanced.customizeCss.title.
2024-10-15 16:42:39.219 [warning] [markdown-preview-enhanced]: No se encontró un mensaje para la clave markdown-preview-enhanced.customizeCssInWorkspace.title.
2024-10-15 16:42:39.219 [warning] [markdown-preview-enhanced]: No se encontró un mensaje para la clave markdown-preview-enhanced.insertNewSlide.title.
2024-10-15 16:42:39.220 [warning] [markdown-preview-enhanced]: No se encontró un mensaje para la clave markdown-preview-enhanced.insertTable.title.
2024-10-15 16:42:39.220 [warning] [markdown-preview-enhanced]: No se encontró un mensaje para la clave markdown-preview-enhanced.insertPagebreak.title.
2024-10-15 16:42:39.222 [warning] [markdown-preview-enhanced]: No se encontró un mensaje para la clave markdown-preview-enhanced.createTOC.title.
2024-10-15 16:42:39.225 [warning] [markdown-preview-enhanced]: No se encontró un mensaje para la clave markdown-preview-enhanced.openConfigScript.title.
2024-10-15 16:42:39.226 [warning] [markdown-preview-enhanced]: No se encontró un mensaje para la clave markdown-preview-enhanced.extendParser.title.
2024-10-15 16:42:39.226 [warning] [markdown-preview-enhanced]: No se encontró un mensaje para la clave markdown-preview-enhanced.customizePreviewHtmlHead.title.
2024-10-15 16:42:39.226 [warning] [markdown-preview-enhanced]: No se encontró un mensaje para la clave markdown-preview-enhanced.openConfigScriptInWorkspace.title.
2024-10-15 16:42:39.226 [warning] [markdown-preview-enhanced]: No se encontró un mensaje para la clave markdown-preview-enhanced.extendParserInWorkspace.title.
2024-10-15 16:42:39.229 [warning] [markdown-preview-enhanced]: No se encontró un mensaje para la clave markdown-preview-enhanced.customizePreviewHtmlHeadInWorkspace.title.
2024-10-15 16:42:39.229 [warning] [markdown-preview-enhanced]: No se encontró un mensaje para la clave markdown-preview-enhanced.showUploadedImages.title.
2024-10-15 16:42:39.230 [warning] [markdown-preview-enhanced]: No se encontró un mensaje para la clave customEditorPreviewDisplayName.
2024-10-15 16:42:40.887 [error] [/home/pro/.vscode/extensions/shd101wyy.markdown-preview-enhanced-0.8.14]: No se pudo analizar /home/pro/.vscode/extensions/shd101wyy.markdown-preview-enhanced-0.8.14/package.nls.json: Se esperaba un valor.
2024-10-15 16:42:40.888 [warning] [markdown-preview-enhanced]: No se encontró un mensaje para la clave displayName.
2024-10-15 16:42:40.888 [warning] [markdown-preview-enhanced]: No se encontró un mensaje para la clave description.
2024-10-15 16:42:40.888 [warning] [markdown-preview-enhanced]: No se encontró un mensaje para la clave markdown-preview-enhanced.openPreviewToTheSide.title.
2024-10-15 16:42:40.889 [warning] [markdown-preview-enhanced]: No se encontró un mensaje para la clave markdown-preview-enhanced.openPreview.title.
2024-10-15 16:42:40.889 [warning] [markdown-preview-enhanced]: No se encontró un mensaje para la clave markdown-preview-enhanced.toggleScrollSync.title.
2024-10-15 16:42:40.890 [warning] [markdown-preview-enhanced]: No se encontró un mensaje para la clave markdown-preview-enhanced.toggleLiveUpdate.title.
2024-10-15 16:42:40.890 [warning] [markdown-preview-enhanced]: No se encontró un mensaje para la clave markdown-preview-enhanced.toggleBreakOnSingleNewLine.title.
2024-10-15 16:42:40.890 [warning] [markdown-preview-enhanced]: No se encontró un mensaje para la clave markdown-preview-enhanced.openImageHelper.title.
2024-10-15 16:42:40.890 [warning] [markdown-preview-enhanced]: No se encontró un mensaje para la clave markdown-preview-enhanced.runAllCodeChunks.title.
2024-10-15 16:42:40.891 [warning] [markdown-preview-enhanced]: No se encontró un mensaje para la clave markdown-preview-enhanced.runCodeChunk.title.
2024-10-15 16:42:40.891 [warning] [markdown-preview-enhanced]: No se encontró un mensaje para la clave markdown-preview-enhanced.syncPreview.title.
2024-10-15 16:42:40.892 [warning] [markdown-preview-enhanced]: No se encontró un mensaje para la clave markdown-preview-enhanced.customizeCss.title.
2024-10-15 16:42:40.892 [warning] [markdown-preview-enhanced]: No se encontró un mensaje para la clave markdown-preview-enhanced.customizeCssInWorkspace.title.
2024-10-15 16:42:40.893 [warning] [markdown-preview-enhanced]: No se encontró un mensaje para la clave markdown-preview-enhanced.insertNewSlide.title.
2024-10-15 16:42:40.894 [warning] [markdown-preview-enhanced]: No se encontró un mensaje para la clave markdown-preview-enhanced.insertTable.title.
2024-10-15 16:42:40.894 [warning] [markdown-preview-enhanced]: No se encontró un mensaje para la clave markdown-preview-enhanced.insertPagebreak.title.
2024-10-15 16:42:40.894 [warning] [markdown-preview-enhanced]: No se encontró un mensaje para la clave markdown-preview-enhanced.createTOC.title.
2024-10-15 16:42:40.895 [warning] [markdown-preview-enhanced]: No se encontró un mensaje para la clave markdown-preview-enhanced.openConfigScript.title.
2024-10-15 16:42:40.895 [warning] [markdown-preview-enhanced]: No se encontró un mensaje para la clave markdown-preview-enhanced.extendParser.title.
2024-10-15 16:42:40.895 [warning] [markdown-preview-enhanced]: No se encontró un mensaje para la clave markdown-preview-enhanced.customizePreviewHtmlHead.title.
2024-10-15 16:42:40.895 [warning] [markdown-preview-enhanced]: No se encontró un mensaje para la clave markdown-preview-enhanced.openConfigScriptInWorkspace.title.
2024-10-15 16:42:40.896 [warning] [markdown-preview-enhanced]: No se encontró un mensaje para la clave markdown-preview-enhanced.extendParserInWorkspace.title.
2024-10-15 16:42:40.896 [warning] [markdown-preview-enhanced]: No se encontró un mensaje para la clave markdown-preview-enhanced.customizePreviewHtmlHeadInWorkspace.title.
2024-10-15 16:42:40.896 [warning] [markdown-preview-enhanced]: No se encontró un mensaje para la clave markdown-preview-enhanced.showUploadedImages.title.
2024-10-15 16:42:40.897 [warning] [markdown-preview-enhanced]: No se encontró un mensaje para la clave customEditorPreviewDisplayName.
2024-10-15 16:42:43.396 [error] [/home/pro/.vscode/extensions/shd101wyy.markdown-preview-enhanced-0.8.14]: No se pudo analizar /home/pro/.vscode/extensions/shd101wyy.markdown-preview-enhanced-0.8.14/package.nls.json: Se esperaba un valor.
2024-10-15 16:42:43.396 [warning] [markdown-preview-enhanced]: No se encontró un mensaje para la clave displayName.
2024-10-15 16:42:43.396 [warning] [markdown-preview-enhanced]: No se encontró un mensaje para la clave description.
2024-10-15 16:42:43.396 [warning] [markdown-preview-enhanced]: No se encontró un mensaje para la clave markdown-preview-enhanced.openPreviewToTheSide.title.
2024-10-15 16:42:43.397 [warning] [markdown-preview-enhanced]: No se encontró un mensaje para la clave markdown-preview-enhanced.openPreview.title.
2024-10-15 16:42:43.397 [warning] [markdown-preview-enhanced]: No se encontró un mensaje para la clave markdown-preview-enhanced.toggleScrollSync.title.
2024-10-15 16:42:43.397 [warning] [markdown-preview-enhanced]: No se encontró un mensaje para la clave markdown-preview-enhanced.toggleLiveUpdate.title.
2024-10-15 16:42:43.397 [warning] [markdown-preview-enhanced]: No se encontró un mensaje para la clave markdown-preview-enhanced.toggleBreakOnSingleNewLine.title.
2024-10-15 16:42:43.397 [warning] [markdown-preview-enhanced]: No se encontró un mensaje para la clave markdown-preview-enhanced.openImageHelper.title.
2024-10-15 16:42:43.397 [warning] [markdown-preview-enhanced]: No se encontró un mensaje para la clave markdown-preview-enhanced.runAllCodeChunks.title.
2024-10-15 16:42:43.397 [warning] [markdown-preview-enhanced]: No se encontró un mensaje para la clave markdown-preview-enhanced.runCodeChunk.title.
2024-10-15 16:42:43.397 [warning] [markdown-preview-enhanced]: No se encontró un mensaje para la clave markdown-preview-enhanced.syncPreview.title.
2024-10-15 16:42:43.398 [warning] [markdown-preview-enhanced]: No se encontró un mensaje para la clave markdown-preview-enhanced.customizeCss.title.
2024-10-15 16:42:43.398 [warning] [markdown-preview-enhanced]: No se encontró un mensaje para la clave markdown-preview-enhanced.customizeCssInWorkspace.title.
2024-10-15 16:42:43.398 [warning] [markdown-preview-enhanced]: No se encontró un mensaje para la clave markdown-preview-enhanced.insertNewSlide.title.
2024-10-15 16:42:43.398 [warning] [markdown-preview-enhanced]: No se encontró un mensaje para la clave markdown-preview-enhanced.insertTable.title.
2024-10-15 16:42:43.398 [warning] [markdown-preview-enhanced]: No se encontró un mensaje para la clave markdown-preview-enhanced.insertPagebreak.title.
2024-10-15 16:42:43.398 [warning] [markdown-preview-enhanced]: No se encontró un mensaje para la clave markdown-preview-enhanced.createTOC.title.
2024-10-15 16:42:43.398 [warning] [markdown-preview-enhanced]: No se encontró un mensaje para la clave markdown-preview-enhanced.openConfigScript.title.
2024-10-15 16:42:43.399 [warning] [markdown-preview-enhanced]: No se encontró un mensaje para la clave markdown-preview-enhanced.extendParser.title.
2024-10-15 16:42:43.399 [warning] [markdown-preview-enhanced]: No se encontró un mensaje para la clave markdown-preview-enhanced.customizePreviewHtmlHead.title.
2024-10-15 16:42:43.399 [warning] [markdown-preview-enhanced]: No se encontró un mensaje para la clave markdown-preview-enhanced.openConfigScriptInWorkspace.title.
2024-10-15 16:42:43.399 [warning] [markdown-preview-enhanced]: No se encontró un mensaje para la clave markdown-preview-enhanced.extendParserInWorkspace.title.
2024-10-15 16:42:43.399 [warning] [markdown-preview-enhanced]: No se encontró un mensaje para la clave markdown-preview-enhanced.customizePreviewHtmlHeadInWorkspace.title.
2024-10-15 16:42:43.399 [warning] [markdown-preview-enhanced]: No se encontró un mensaje para la clave markdown-preview-enhanced.showUploadedImages.title.
2024-10-15 16:42:43.400 [warning] [markdown-preview-enhanced]: No se encontró un mensaje para la clave customEditorPreviewDisplayName.
2024-10-15 16:42:43.672 [error] [/home/pro/.vscode/extensions/shd101wyy.markdown-preview-enhanced-0.8.14]: No se pudo analizar /home/pro/.vscode/extensions/shd101wyy.markdown-preview-enhanced-0.8.14/package.nls.json: Se esperaba un valor.
2024-10-15 16:42:43.672 [warning] [markdown-preview-enhanced]: No se encontró un mensaje para la clave displayName.
2024-10-15 16:42:43.673 [warning] [markdown-preview-enhanced]: No se encontró un mensaje para la clave description.
2024-10-15 16:42:43.673 [warning] [markdown-preview-enhanced]: No se encontró un mensaje para la clave markdown-preview-enhanced.openPreviewToTheSide.title.
2024-10-15 16:42:43.673 [warning] [markdown-preview-enhanced]: No se encontró un mensaje para la clave markdown-preview-enhanced.openPreview.title.
2024-10-15 16:42:43.673 [warning] [markdown-preview-enhanced]: No se encontró un mensaje para la clave markdown-preview-enhanced.toggleScrollSync.title.
2024-10-15 16:42:43.678 [warning] [markdown-preview-enhanced]: No se encontró un mensaje para la clave markdown-preview-enhanced.toggleLiveUpdate.title.
2024-10-15 16:42:43.679 [warning] [markdown-preview-enhanced]: No se encontró un mensaje para la clave markdown-preview-enhanced.toggleBreakOnSingleNewLine.title.
2024-10-15 16:42:43.679 [warning] [markdown-preview-enhanced]: No se encontró un mensaje para la clave markdown-preview-enhanced.openImageHelper.title.
2024-10-15 16:42:43.679 [warning] [markdown-preview-enhanced]: No se encontró un mensaje para la clave markdown-preview-enhanced.runAllCodeChunks.title.
2024-10-15 16:42:43.679 [warning] [markdown-preview-enhanced]: No se encontró un mensaje para la clave markdown-preview-enhanced.runCodeChunk.title.
2024-10-15 16:42:43.679 [warning] [markdown-preview-enhanced]: No se encontró un mensaje para la clave markdown-preview-enhanced.syncPreview.title.
2024-10-15 16:42:43.679 [warning] [markdown-preview-enhanced]: No se encontró un mensaje para la clave markdown-preview-enhanced.customizeCss.title.
2024-10-15 16:42:43.680 [warning] [markdown-preview-enhanced]: No se encontró un mensaje para la clave markdown-preview-enhanced.customizeCssInWorkspace.title.
2024-10-15 16:42:43.680 [warning] [markdown-preview-enhanced]: No se encontró un mensaje para la clave markdown-preview-enhanced.insertNewSlide.title.
2024-10-15 16:42:43.680 [warning] [markdown-preview-enhanced]: No se encontró un mensaje para la clave markdown-preview-enhanced.insertTable.title.
2024-10-15 16:42:43.680 [warning] [markdown-preview-enhanced]: No se encontró un mensaje para la clave markdown-preview-enhanced.insertPagebreak.title.
2024-10-15 16:42:43.681 [warning] [markdown-preview-enhanced]: No se encontró un mensaje para la clave markdown-preview-enhanced.createTOC.title.
2024-10-15 16:42:43.681 [warning] [markdown-preview-enhanced]: No se encontró un mensaje para la clave markdown-preview-enhanced.openConfigScript.title.
2024-10-15 16:42:43.681 [warning] [markdown-preview-enhanced]: No se encontró un mensaje para la clave markdown-preview-enhanced.extendParser.title.
2024-10-15 16:42:43.681 [warning] [markdown-preview-enhanced]: No se encontró un mensaje para la clave markdown-preview-enhanced.customizePreviewHtmlHead.title.
2024-10-15 16:42:43.681 [warning] [markdown-preview-enhanced]: No se encontró un mensaje para la clave markdown-preview-enhanced.openConfigScriptInWorkspace.title.
2024-10-15 16:42:43.681 [warning] [markdown-preview-enhanced]: No se encontró un mensaje para la clave markdown-preview-enhanced.extendParserInWorkspace.title.
2024-10-15 16:42:43.681 [warning] [markdown-preview-enhanced]: No se encontró un mensaje para la clave markdown-preview-enhanced.customizePreviewHtmlHeadInWorkspace.title.
2024-10-15 16:42:43.682 [warning] [markdown-preview-enhanced]: No se encontró un mensaje para la clave markdown-preview-enhanced.showUploadedImages.title.
2024-10-15 16:42:43.682 [warning] [markdown-preview-enhanced]: No se encontró un mensaje para la clave customEditorPreviewDisplayName.
2024-10-15 16:42:43.844 [error] [/home/pro/.vscode/extensions/shd101wyy.markdown-preview-enhanced-0.8.14]: No se pudo analizar /home/pro/.vscode/extensions/shd101wyy.markdown-preview-enhanced-0.8.14/package.nls.json: Se esperaba un valor.
2024-10-15 16:42:43.844 [warning] [markdown-preview-enhanced]: No se encontró un mensaje para la clave displayName.
2024-10-15 16:42:43.844 [warning] [markdown-preview-enhanced]: No se encontró un mensaje para la clave description.
2024-10-15 16:42:43.845 [warning] [markdown-preview-enhanced]: No se encontró un mensaje para la clave markdown-preview-enhanced.openPreviewToTheSide.title.
2024-10-15 16:42:43.846 [warning] [markdown-preview-enhanced]: No se encontró un mensaje para la clave markdown-preview-enhanced.openPreview.title.
2024-10-15 16:42:43.846 [warning] [markdown-preview-enhanced]: No se encontró un mensaje para la clave markdown-preview-enhanced.toggleScrollSync.title.
2024-10-15 16:42:43.846 [warning] [markdown-preview-enhanced]: No se encontró un mensaje para la clave markdown-preview-enhanced.toggleLiveUpdate.title.
2024-10-15 16:42:43.846 [warning] [markdown-preview-enhanced]: No se encontró un mensaje para la clave markdown-preview-enhanced.toggleBreakOnSingleNewLine.title.
2024-10-15 16:42:43.848 [warning] [markdown-preview-enhanced]: No se encontró un mensaje para la clave markdown-preview-enhanced.openImageHelper.title.
2024-10-15 16:42:43.848 [warning] [markdown-preview-enhanced]: No se encontró un mensaje para la clave markdown-preview-enhanced.runAllCodeChunks.title.
2024-10-15 16:42:43.851 [warning] [markdown-preview-enhanced]: No se encontró un mensaje para la clave markdown-preview-enhanced.runCodeChunk.title.
2024-10-15 16:42:43.851 [warning] [markdown-preview-enhanced]: No se encontró un mensaje para la clave markdown-preview-enhanced.syncPreview.title.
2024-10-15 16:42:43.852 [warning] [markdown-preview-enhanced]: No se encontró un mensaje para la clave markdown-preview-enhanced.customizeCss.title.
2024-10-15 16:42:43.852 [warning] [markdown-preview-enhanced]: No se encontró un mensaje para la clave markdown-preview-enhanced.customizeCssInWorkspace.title.
2024-10-15 16:42:43.852 [warning] [markdown-preview-enhanced]: No se encontró un mensaje para la clave markdown-preview-enhanced.insertNewSlide.title.
2024-10-15 16:42:43.853 [warning] [markdown-preview-enhanced]: No se encontró un mensaje para la clave markdown-preview-enhanced.insertTable.title.
2024-10-15 16:42:43.853 [warning] [markdown-preview-enhanced]: No se encontró un mensaje para la clave markdown-preview-enhanced.insertPagebreak.title.
2024-10-15 16:42:43.853 [warning] [markdown-preview-enhanced]: No se encontró un mensaje para la clave markdown-preview-enhanced.createTOC.title.
2024-10-15 16:42:43.853 [warning] [markdown-preview-enhanced]: No se encontró un mensaje para la clave markdown-preview-enhanced.openConfigScript.title.
2024-10-15 16:42:43.854 [warning] [markdown-preview-enhanced]: No se encontró un mensaje para la clave markdown-preview-enhanced.extendParser.title.
2024-10-15 16:42:43.854 [warning] [markdown-preview-enhanced]: No se encontró un mensaje para la clave markdown-preview-enhanced.customizePreviewHtmlHead.title.
2024-10-15 16:42:43.854 [warning] [markdown-preview-enhanced]: No se encontró un mensaje para la clave markdown-preview-enhanced.openConfigScriptInWorkspace.title.
2024-10-15 16:42:43.854 [warning] [markdown-preview-enhanced]: No se encontró un mensaje para la clave markdown-preview-enhanced.extendParserInWorkspace.title.
2024-10-15 16:42:43.855 [warning] [markdown-preview-enhanced]: No se encontró un mensaje para la clave markdown-preview-enhanced.customizePreviewHtmlHeadInWorkspace.title.
2024-10-15 16:42:43.855 [warning] [markdown-preview-enhanced]: No se encontró un mensaje para la clave markdown-preview-enhanced.showUploadedImages.title.
2024-10-15 16:42:43.857 [warning] [markdown-preview-enhanced]: No se encontró un mensaje para la clave customEditorPreviewDisplayName.
2024-10-15 16:42:44.103 [error] [/home/pro/.vscode/extensions/shd101wyy.markdown-preview-enhanced-0.8.14]: No se pudo analizar /home/pro/.vscode/extensions/shd101wyy.markdown-preview-enhanced-0.8.14/package.nls.json: Se esperaba un valor.
2024-10-15 16:42:44.104 [warning] [markdown-preview-enhanced]: No se encontró un mensaje para la clave displayName.
2024-10-15 16:42:44.104 [warning] [markdown-preview-enhanced]: No se encontró un mensaje para la clave description.
2024-10-15 16:42:44.104 [warning] [markdown-preview-enhanced]: No se encontró un mensaje para la clave markdown-preview-enhanced.openPreviewToTheSide.title.
2024-10-15 16:42:44.104 [warning] [markdown-preview-enhanced]: No se encontró un mensaje para la clave markdown-preview-enhanced.openPreview.title.
2024-10-15 16:42:44.104 [warning] [markdown-preview-enhanced]: No se encontró un mensaje para la clave markdown-preview-enhanced.toggleScrollSync.title.
2024-10-15 16:42:44.104 [warning] [markdown-preview-enhanced]: No se encontró un mensaje para la clave markdown-preview-enhanced.toggleLiveUpdate.title.
2024-10-15 16:42:44.106 [warning] [markdown-preview-enhanced]: No se encontró un mensaje para la clave markdown-preview-enhanced.toggleBreakOnSingleNewLine.title.
2024-10-15 16:42:44.106 [warning] [markdown-preview-enhanced]: No se encontró un mensaje para la clave markdown-preview-enhanced.openImageHelper.title.
2024-10-15 16:42:44.107 [warning] [markdown-preview-enhanced]: No se encontró un mensaje para la clave markdown-preview-enhanced.runAllCodeChunks.title.
2024-10-15 16:42:44.107 [warning] [markdown-preview-enhanced]: No se encontró un mensaje para la clave markdown-preview-enhanced.runCodeChunk.title.
2024-10-15 16:42:44.107 [warning] [markdown-preview-enhanced]: No se encontró un mensaje para la clave markdown-preview-enhanced.syncPreview.title.
2024-10-15 16:42:44.107 [warning] [markdown-preview-enhanced]: No se encontró un mensaje para la clave markdown-preview-enhanced.customizeCss.title.
2024-10-15 16:42:44.107 [warning] [markdown-preview-enhanced]: No se encontró un mensaje para la clave markdown-preview-enhanced.customizeCssInWorkspace.title.
2024-10-15 16:42:44.107 [warning] [markdown-preview-enhanced]: No se encontró un mensaje para la clave markdown-preview-enhanced.insertNewSlide.title.
2024-10-15 16:42:44.107 [warning] [markdown-preview-enhanced]: No se encontró un mensaje para la clave markdown-preview-enhanced.insertTable.title.
2024-10-15 16:42:44.107 [warning] [markdown-preview-enhanced]: No se encontró un mensaje para la clave markdown-preview-enhanced.insertPagebreak.title.
2024-10-15 16:42:44.107 [warning] [markdown-preview-enhanced]: No se encontró un mensaje para la clave markdown-preview-enhanced.createTOC.title.
2024-10-15 16:42:44.107 [warning] [markdown-preview-enhanced]: No se encontró un mensaje para la clave markdown-preview-enhanced.openConfigScript.title.
2024-10-15 16:42:44.108 [warning] [markdown-preview-enhanced]: No se encontró un mensaje para la clave markdown-preview-enhanced.extendParser.title.
2024-10-15 16:42:44.108 [warning] [markdown-preview-enhanced]: No se encontró un mensaje para la clave markdown-preview-enhanced.customizePreviewHtmlHead.title.
2024-10-15 16:42:44.108 [warning] [markdown-preview-enhanced]: No se encontró un mensaje para la clave markdown-preview-enhanced.openConfigScriptInWorkspace.title.
2024-10-15 16:42:44.108 [warning] [markdown-preview-enhanced]: No se encontró un mensaje para la clave markdown-preview-enhanced.extendParserInWorkspace.title.
2024-10-15 16:42:44.108 [warning] [markdown-preview-enhanced]: No se encontró un mensaje para la clave markdown-preview-enhanced.customizePreviewHtmlHeadInWorkspace.title.
2024-10-15 16:42:44.108 [warning] [markdown-preview-enhanced]: No se encontró un mensaje para la clave markdown-preview-enhanced.showUploadedImages.title.
2024-10-15 16:42:44.108 [warning] [markdown-preview-enhanced]: No se encontró un mensaje para la clave customEditorPreviewDisplayName.
2024-10-15 16:42:44.485 [error] [/home/pro/.vscode/extensions/shd101wyy.markdown-preview-enhanced-0.8.14]: No se pudo analizar /home/pro/.vscode/extensions/shd101wyy.markdown-preview-enhanced-0.8.14/package.nls.json: Se esperaba un valor.
2024-10-15 16:42:44.485 [warning] [markdown-preview-enhanced]: No se encontró un mensaje para la clave displayName.
2024-10-15 16:42:44.486 [warning] [markdown-preview-enhanced]: No se encontró un mensaje para la clave description.
2024-10-15 16:42:44.486 [warning] [markdown-preview-enhanced]: No se encontró un mensaje para la clave markdown-preview-enhanced.openPreviewToTheSide.title.
2024-10-15 16:42:44.486 [warning] [markdown-preview-enhanced]: No se encontró un mensaje para la clave markdown-preview-enhanced.openPreview.title.
2024-10-15 16:42:44.503 [warning] [markdown-preview-enhanced]: No se encontró un mensaje para la clave markdown-preview-enhanced.toggleScrollSync.title.
2024-10-15 16:42:44.503 [warning] [markdown-preview-enhanced]: No se encontró un mensaje para la clave markdown-preview-enhanced.toggleLiveUpdate.title.
2024-10-15 16:42:44.503 [warning] [markdown-preview-enhanced]: No se encontró un mensaje para la clave markdown-preview-enhanced.toggleBreakOnSingleNewLine.title.
2024-10-15 16:42:44.513 [warning] [markdown-preview-enhanced]: No se encontró un mensaje para la clave markdown-preview-enhanced.openImageHelper.title.
2024-10-15 16:42:44.513 [warning] [markdown-preview-enhanced]: No se encontró un mensaje para la clave markdown-preview-enhanced.runAllCodeChunks.title.
2024-10-15 16:42:44.513 [warning] [markdown-preview-enhanced]: No se encontró un mensaje para la clave markdown-preview-enhanced.runCodeChunk.title.
2024-10-15 16:42:44.514 [warning] [markdown-preview-enhanced]: No se encontró un mensaje para la clave markdown-preview-enhanced.syncPreview.title.
2024-10-15 16:42:44.514 [warning] [markdown-preview-enhanced]: No se encontró un mensaje para la clave markdown-preview-enhanced.customizeCss.title.
2024-10-15 16:42:44.514 [warning] [markdown-preview-enhanced]: No se encontró un mensaje para la clave markdown-preview-enhanced.customizeCssInWorkspace.title.
2024-10-15 16:42:44.514 [warning] [markdown-preview-enhanced]: No se encontró un mensaje para la clave markdown-preview-enhanced.insertNewSlide.title.
2024-10-15 16:42:44.514 [warning] [markdown-preview-enhanced]: No se encontró un mensaje para la clave markdown-preview-enhanced.insertTable.title.
2024-10-15 16:42:44.514 [warning] [markdown-preview-enhanced]: No se encontró un mensaje para la clave markdown-preview-enhanced.insertPagebreak.title.
2024-10-15 16:42:44.514 [warning] [markdown-preview-enhanced]: No se encontró un mensaje para la clave markdown-preview-enhanced.createTOC.title.
2024-10-15 16:42:44.514 [warning] [markdown-preview-enhanced]: No se encontró un mensaje para la clave markdown-preview-enhanced.openConfigScript.title.
2024-10-15 16:42:44.515 [warning] [markdown-preview-enhanced]: No se encontró un mensaje para la clave markdown-preview-enhanced.extendParser.title.
2024-10-15 16:42:44.515 [warning] [markdown-preview-enhanced]: No se encontró un mensaje para la clave markdown-preview-enhanced.customizePreviewHtmlHead.title.
2024-10-15 16:42:44.515 [warning] [markdown-preview-enhanced]: No se encontró un mensaje para la clave markdown-preview-enhanced.openConfigScriptInWorkspace.title.
2024-10-15 16:42:44.515 [warning] [markdown-preview-enhanced]: No se encontró un mensaje para la clave markdown-preview-enhanced.extendParserInWorkspace.title.
2024-10-15 16:42:44.515 [warning] [markdown-preview-enhanced]: No se encontró un mensaje para la clave markdown-preview-enhanced.customizePreviewHtmlHeadInWorkspace.title.
2024-10-15 16:42:44.515 [warning] [markdown-preview-enhanced]: No se encontró un mensaje para la clave markdown-preview-enhanced.showUploadedImages.title.
2024-10-15 16:42:44.515 [warning] [markdown-preview-enhanced]: No se encontró un mensaje para la clave customEditorPreviewDisplayName.
2024-10-15 16:42:44.918 [error] [/home/pro/.vscode/extensions/shd101wyy.markdown-preview-enhanced-0.8.14]: No se pudo analizar /home/pro/.vscode/extensions/shd101wyy.markdown-preview-enhanced-0.8.14/package.nls.json: Se esperaba un valor.
2024-10-15 16:42:44.918 [warning] [markdown-preview-enhanced]: No se encontró un mensaje para la clave displayName.
2024-10-15 16:42:44.918 [warning] [markdown-preview-enhanced]: No se encontró un mensaje para la clave description.
2024-10-15 16:42:44.918 [warning] [markdown-preview-enhanced]: No se encontró un mensaje para la clave markdown-preview-enhanced.openPreviewToTheSide.title.
2024-10-15 16:42:44.918 [warning] [markdown-preview-enhanced]: No se encontró un mensaje para la clave markdown-preview-enhanced.openPreview.title.
2024-10-15 16:42:44.918 [warning] [markdown-preview-enhanced]: No se encontró un mensaje para la clave markdown-preview-enhanced.toggleScrollSync.title.
2024-10-15 16:42:44.930 [warning] [markdown-preview-enhanced]: No se encontró un mensaje para la clave markdown-preview-enhanced.toggleLiveUpdate.title.
2024-10-15 16:42:44.930 [warning] [markdown-preview-enhanced]: No se encontró un mensaje para la clave markdown-preview-enhanced.toggleBreakOnSingleNewLine.title.
2024-10-15 16:42:44.930 [warning] [markdown-preview-enhanced]: No se encontró un mensaje para la clave markdown-preview-enhanced.openImageHelper.title.
2024-10-15 16:42:44.930 [warning] [markdown-preview-enhanced]: No se encontró un mensaje para la clave markdown-preview-enhanced.runAllCodeChunks.title.
2024-10-15 16:42:44.931 [warning] [markdown-preview-enhanced]: No se encontró un mensaje para la clave markdown-preview-enhanced.runCodeChunk.title.
2024-10-15 16:42:44.931 [warning] [markdown-preview-enhanced]: No se encontró un mensaje para la clave markdown-preview-enhanced.syncPreview.title.
2024-10-15 16:42:44.931 [warning] [markdown-preview-enhanced]: No se encontró un mensaje para la clave markdown-preview-enhanced.customizeCss.title.
2024-10-15 16:42:44.932 [warning] [markdown-preview-enhanced]: No se encontró un mensaje para la clave markdown-preview-enhanced.customizeCssInWorkspace.title.
2024-10-15 16:42:44.932 [warning] [markdown-preview-enhanced]: No se encontró un mensaje para la clave markdown-preview-enhanced.insertNewSlide.title.
2024-10-15 16:42:44.932 [warning] [markdown-preview-enhanced]: No se encontró un mensaje para la clave markdown-preview-enhanced.insertTable.title.
2024-10-15 16:42:44.932 [warning] [markdown-preview-enhanced]: No se encontró un mensaje para la clave markdown-preview-enhanced.insertPagebreak.title.
2024-10-15 16:42:44.932 [warning] [markdown-preview-enhanced]: No se encontró un mensaje para la clave markdown-preview-enhanced.createTOC.title.
2024-10-15 16:42:44.932 [warning] [markdown-preview-enhanced]: No se encontró un mensaje para la clave markdown-preview-enhanced.openConfigScript.title.
2024-10-15 16:42:44.932 [warning] [markdown-preview-enhanced]: No se encontró un mensaje para la clave markdown-preview-enhanced.extendParser.title.
2024-10-15 16:42:44.932 [warning] [markdown-preview-enhanced]: No se encontró un mensaje para la clave markdown-preview-enhanced.customizePreviewHtmlHead.title.
2024-10-15 16:42:44.933 [warning] [markdown-preview-enhanced]: No se encontró un mensaje para la clave markdown-preview-enhanced.openConfigScriptInWorkspace.title.
2024-10-15 16:42:44.933 [warning] [markdown-preview-enhanced]: No se encontró un mensaje para la clave markdown-preview-enhanced.extendParserInWorkspace.title.
2024-10-15 16:42:44.933 [warning] [markdown-preview-enhanced]: No se encontró un mensaje para la clave markdown-preview-enhanced.customizePreviewHtmlHeadInWorkspace.title.
2024-10-15 16:42:44.933 [warning] [markdown-preview-enhanced]: No se encontró un mensaje para la clave markdown-preview-enhanced.showUploadedImages.title.
2024-10-15 16:42:44.933 [warning] [markdown-preview-enhanced]: No se encontró un mensaje para la clave customEditorPreviewDisplayName.
2024-10-15 16:42:47.499 [error] [/home/pro/.vscode/extensions/shd101wyy.markdown-preview-enhanced-0.8.14]: No se pudo analizar /home/pro/.vscode/extensions/shd101wyy.markdown-preview-enhanced-0.8.14/package.nls.json: Se esperaba un valor.
2024-10-15 16:42:47.500 [warning] [markdown-preview-enhanced]: No se encontró un mensaje para la clave displayName.
2024-10-15 16:42:47.500 [warning] [markdown-preview-enhanced]: No se encontró un mensaje para la clave description.
2024-10-15 16:42:47.500 [warning] [markdown-preview-enhanced]: No se encontró un mensaje para la clave markdown-preview-enhanced.openPreviewToTheSide.title.
2024-10-15 16:42:47.501 [warning] [markdown-preview-enhanced]: No se encontró un mensaje para la clave markdown-preview-enhanced.openPreview.title.
2024-10-15 16:42:47.501 [warning] [markdown-preview-enhanced]: No se encontró un mensaje para la clave markdown-preview-enhanced.toggleScrollSync.title.
2024-10-15 16:42:47.501 [warning] [markdown-preview-enhanced]: No se encontró un mensaje para la clave markdown-preview-enhanced.toggleLiveUpdate.title.
2024-10-15 16:42:47.501 [warning] [markdown-preview-enhanced]: No se encontró un mensaje para la clave markdown-preview-enhanced.toggleBreakOnSingleNewLine.title.
2024-10-15 16:42:47.502 [warning] [markdown-preview-enhanced]: No se encontró un mensaje para la clave markdown-preview-enhanced.openImageHelper.title.
2024-10-15 16:42:47.502 [warning] [markdown-preview-enhanced]: No se encontró un mensaje para la clave markdown-preview-enhanced.runAllCodeChunks.title.
2024-10-15 16:42:47.502 [warning] [markdown-preview-enhanced]: No se encontró un mensaje para la clave markdown-preview-enhanced.runCodeChunk.title.
2024-10-15 16:42:47.502 [warning] [markdown-preview-enhanced]: No se encontró un mensaje para la clave markdown-preview-enhanced.syncPreview.title.
2024-10-15 16:42:47.503 [warning] [markdown-preview-enhanced]: No se encontró un mensaje para la clave markdown-preview-enhanced.customizeCss.title.
2024-10-15 16:42:47.503 [warning] [markdown-preview-enhanced]: No se encontró un mensaje para la clave markdown-preview-enhanced.customizeCssInWorkspace.title.
2024-10-15 16:42:47.503 [warning] [markdown-preview-enhanced]: No se encontró un mensaje para la clave markdown-preview-enhanced.insertNewSlide.title.
2024-10-15 16:42:47.504 [warning] [markdown-preview-enhanced]: No se encontró un mensaje para la clave markdown-preview-enhanced.insertTable.title.
2024-10-15 16:42:47.504 [warning] [markdown-preview-enhanced]: No se encontró un mensaje para la clave markdown-preview-enhanced.insertPagebreak.title.
2024-10-15 16:42:47.505 [warning] [markdown-preview-enhanced]: No se encontró un mensaje para la clave markdown-preview-enhanced.createTOC.title.
2024-10-15 16:42:47.505 [warning] [markdown-preview-enhanced]: No se encontró un mensaje para la clave markdown-preview-enhanced.openConfigScript.title.
2024-10-15 16:42:47.505 [warning] [markdown-preview-enhanced]: No se encontró un mensaje para la clave markdown-preview-enhanced.extendParser.title.
2024-10-15 16:42:47.505 [warning] [markdown-preview-enhanced]: No se encontró un mensaje para la clave markdown-preview-enhanced.customizePreviewHtmlHead.title.
2024-10-15 16:42:47.506 [warning] [markdown-preview-enhanced]: No se encontró un mensaje para la clave markdown-preview-enhanced.openConfigScriptInWorkspace.title.
2024-10-15 16:42:47.506 [warning] [markdown-preview-enhanced]: No se encontró un mensaje para la clave markdown-preview-enhanced.extendParserInWorkspace.title.
2024-10-15 16:42:47.506 [warning] [markdown-preview-enhanced]: No se encontró un mensaje para la clave markdown-preview-enhanced.customizePreviewHtmlHeadInWorkspace.title.
2024-10-15 16:42:47.507 [warning] [markdown-preview-enhanced]: No se encontró un mensaje para la clave markdown-preview-enhanced.showUploadedImages.title.
2024-10-15 16:42:47.507 [warning] [markdown-preview-enhanced]: No se encontró un mensaje para la clave customEditorPreviewDisplayName.
2024-10-15 16:42:47.529 [error] [/home/pro/.vscode/extensions/shd101wyy.markdown-preview-enhanced-0.8.14]: No se pudo analizar /home/pro/.vscode/extensions/shd101wyy.markdown-preview-enhanced-0.8.14/package.nls.json: Se esperaba un valor.
2024-10-15 16:42:47.529 [warning] [markdown-preview-enhanced]: No se encontró un mensaje para la clave displayName.
2024-10-15 16:42:47.530 [warning] [markdown-preview-enhanced]: No se encontró un mensaje para la clave description.
2024-10-15 16:42:47.530 [warning] [markdown-preview-enhanced]: No se encontró un mensaje para la clave markdown-preview-enhanced.openPreviewToTheSide.title.
2024-10-15 16:42:47.530 [warning] [markdown-preview-enhanced]: No se encontró un mensaje para la clave markdown-preview-enhanced.openPreview.title.
2024-10-15 16:42:47.530 [warning] [markdown-preview-enhanced]: No se encontró un mensaje para la clave markdown-preview-enhanced.toggleScrollSync.title.
2024-10-15 16:42:47.531 [warning] [markdown-preview-enhanced]: No se encontró un mensaje para la clave markdown-preview-enhanced.toggleLiveUpdate.title.
2024-10-15 16:42:47.531 [warning] [markdown-preview-enhanced]: No se encontró un mensaje para la clave markdown-preview-enhanced.toggleBreakOnSingleNewLine.title.
2024-10-15 16:42:47.531 [warning] [markdown-preview-enhanced]: No se encontró un mensaje para la clave markdown-preview-enhanced.openImageHelper.title.
2024-10-15 16:42:47.531 [warning] [markdown-preview-enhanced]: No se encontró un mensaje para la clave markdown-preview-enhanced.runAllCodeChunks.title.
2024-10-15 16:42:47.532 [warning] [markdown-preview-enhanced]: No se encontró un mensaje para la clave markdown-preview-enhanced.runCodeChunk.title.
2024-10-15 16:42:47.532 [warning] [markdown-preview-enhanced]: No se encontró un mensaje para la clave markdown-preview-enhanced.syncPreview.title.
2024-10-15 16:42:47.532 [warning] [markdown-preview-enhanced]: No se encontró un mensaje para la clave markdown-preview-enhanced.customizeCss.title.
2024-10-15 16:42:47.533 [warning] [markdown-preview-enhanced]: No se encontró un mensaje para la clave markdown-preview-enhanced.customizeCssInWorkspace.title.
2024-10-15 16:42:47.533 [warning] [markdown-preview-enhanced]: No se encontró un mensaje para la clave markdown-preview-enhanced.insertNewSlide.title.
2024-10-15 16:42:47.534 [warning] [markdown-preview-enhanced]: No se encontró un mensaje para la clave markdown-preview-enhanced.insertTable.title.
2024-10-15 16:42:47.534 [warning] [markdown-preview-enhanced]: No se encontró un mensaje para la clave markdown-preview-enhanced.insertPagebreak.title.
2024-10-15 16:42:47.535 [warning] [markdown-preview-enhanced]: No se encontró un mensaje para la clave markdown-preview-enhanced.createTOC.title.
2024-10-15 16:42:47.535 [warning] [markdown-preview-enhanced]: No se encontró un mensaje para la clave markdown-preview-enhanced.openConfigScript.title.
2024-10-15 16:42:47.535 [warning] [markdown-preview-enhanced]: No se encontró un mensaje para la clave markdown-preview-enhanced.extendParser.title.
2024-10-15 16:42:47.536 [warning] [markdown-preview-enhanced]: No se encontró un mensaje para la clave markdown-preview-enhanced.customizePreviewHtmlHead.title.
2024-10-15 16:42:47.536 [warning] [markdown-preview-enhanced]: No se encontró un mensaje para la clave markdown-preview-enhanced.openConfigScriptInWorkspace.title.
2024-10-15 16:42:47.536 [warning] [markdown-preview-enhanced]: No se encontró un mensaje para la clave markdown-preview-enhanced.extendParserInWorkspace.title.
2024-10-15 16:42:47.537 [warning] [markdown-preview-enhanced]: No se encontró un mensaje para la clave markdown-preview-enhanced.customizePreviewHtmlHeadInWorkspace.title.
2024-10-15 16:42:47.537 [warning] [markdown-preview-enhanced]: No se encontró un mensaje para la clave markdown-preview-enhanced.showUploadedImages.title.
2024-10-15 16:42:47.537 [warning] [markdown-preview-enhanced]: No se encontró un mensaje para la clave customEditorPreviewDisplayName.
2024-10-15 16:42:48.651 [error] [/home/pro/.vscode/extensions/shd101wyy.markdown-preview-enhanced-0.8.14]: No se pudo analizar /home/pro/.vscode/extensions/shd101wyy.markdown-preview-enhanced-0.8.14/package.nls.json: Se esperaba un valor.
2024-10-15 16:42:48.651 [warning] [markdown-preview-enhanced]: No se encontró un mensaje para la clave displayName.
2024-10-15 16:42:48.651 [warning] [markdown-preview-enhanced]: No se encontró un mensaje para la clave description.
2024-10-15 16:42:48.651 [warning] [markdown-preview-enhanced]: No se encontró un mensaje para la clave markdown-preview-enhanced.openPreviewToTheSide.title.
2024-10-15 16:42:48.652 [warning] [markdown-preview-enhanced]: No se encontró un mensaje para la clave markdown-preview-enhanced.openPreview.title.
2024-10-15 16:42:48.652 [warning] [markdown-preview-enhanced]: No se encontró un mensaje para la clave markdown-preview-enhanced.toggleScrollSync.title.
2024-10-15 16:42:48.652 [warning] [markdown-preview-enhanced]: No se encontró un mensaje para la clave markdown-preview-enhanced.toggleLiveUpdate.title.
2024-10-15 16:42:48.652 [warning] [markdown-preview-enhanced]: No se encontró un mensaje para la clave markdown-preview-enhanced.toggleBreakOnSingleNewLine.title.
2024-10-15 16:42:48.653 [warning] [markdown-preview-enhanced]: No se encontró un mensaje para la clave markdown-preview-enhanced.openImageHelper.title.
2024-10-15 16:42:48.653 [warning] [markdown-preview-enhanced]: No se encontró un mensaje para la clave markdown-preview-enhanced.runAllCodeChunks.title.
2024-10-15 16:42:48.653 [warning] [markdown-preview-enhanced]: No se encontró un mensaje para la clave markdown-preview-enhanced.runCodeChunk.title.
2024-10-15 16:42:48.653 [warning] [markdown-preview-enhanced]: No se encontró un mensaje para la clave markdown-preview-enhanced.syncPreview.title.
2024-10-15 16:42:48.654 [warning] [markdown-preview-enhanced]: No se encontró un mensaje para la clave markdown-preview-enhanced.customizeCss.title.
2024-10-15 16:42:48.654 [warning] [markdown-preview-enhanced]: No se encontró un mensaje para la clave markdown-preview-enhanced.customizeCssInWorkspace.title.
2024-10-15 16:42:48.654 [warning] [markdown-preview-enhanced]: No se encontró un mensaje para la clave markdown-preview-enhanced.insertNewSlide.title.
2024-10-15 16:42:48.654 [warning] [markdown-preview-enhanced]: No se encontró un mensaje para la clave markdown-preview-enhanced.insertTable.title.
2024-10-15 16:42:48.655 [warning] [markdown-preview-enhanced]: No se encontró un mensaje para la clave markdown-preview-enhanced.insertPagebreak.title.
2024-10-15 16:42:48.655 [warning] [markdown-preview-enhanced]: No se encontró un mensaje para la clave markdown-preview-enhanced.createTOC.title.
2024-10-15 16:42:48.655 [warning] [markdown-preview-enhanced]: No se encontró un mensaje para la clave markdown-preview-enhanced.openConfigScript.title.
2024-10-15 16:42:48.656 [warning] [markdown-preview-enhanced]: No se encontró un mensaje para la clave markdown-preview-enhanced.extendParser.title.
2024-10-15 16:42:48.657 [warning] [markdown-preview-enhanced]: No se encontró un mensaje para la clave markdown-preview-enhanced.customizePreviewHtmlHead.title.
2024-10-15 16:42:48.658 [warning] [markdown-preview-enhanced]: No se encontró un mensaje para la clave markdown-preview-enhanced.openConfigScriptInWorkspace.title.
2024-10-15 16:42:48.658 [warning] [markdown-preview-enhanced]: No se encontró un mensaje para la clave markdown-preview-enhanced.extendParserInWorkspace.title.
2024-10-15 16:42:48.658 [warning] [markdown-preview-enhanced]: No se encontró un mensaje para la clave markdown-preview-enhanced.customizePreviewHtmlHeadInWorkspace.title.
2024-10-15 16:42:48.659 [warning] [markdown-preview-enhanced]: No se encontró un mensaje para la clave markdown-preview-enhanced.showUploadedImages.title.
2024-10-15 16:42:48.659 [warning] [markdown-preview-enhanced]: No se encontró un mensaje para la clave customEditorPreviewDisplayName.
2024-10-15 16:42:52.076 [error] [/home/pro/.vscode/extensions/shd101wyy.markdown-preview-enhanced-0.8.14]: No se pudo analizar /home/pro/.vscode/extensions/shd101wyy.markdown-preview-enhanced-0.8.14/package.nls.json: Se esperaba un valor.
2024-10-15 16:42:52.077 [warning] [markdown-preview-enhanced]: No se encontró un mensaje para la clave displayName.
2024-10-15 16:42:52.077 [warning] [markdown-preview-enhanced]: No se encontró un mensaje para la clave description.
2024-10-15 16:42:52.084 [warning] [markdown-preview-enhanced]: No se encontró un mensaje para la clave markdown-preview-enhanced.openPreviewToTheSide.title.
2024-10-15 16:42:52.084 [warning] [markdown-preview-enhanced]: No se encontró un mensaje para la clave markdown-preview-enhanced.openPreview.title.
2024-10-15 16:42:52.085 [warning] [markdown-preview-enhanced]: No se encontró un mensaje para la clave markdown-preview-enhanced.toggleScrollSync.title.
2024-10-15 16:42:52.085 [warning] [markdown-preview-enhanced]: No se encontró un mensaje para la clave markdown-preview-enhanced.toggleLiveUpdate.title.
2024-10-15 16:42:52.085 [warning] [markdown-preview-enhanced]: No se encontró un mensaje para la clave markdown-preview-enhanced.toggleBreakOnSingleNewLine.title.
2024-10-15 16:42:52.085 [warning] [markdown-preview-enhanced]: No se encontró un mensaje para la clave markdown-preview-enhanced.openImageHelper.title.
2024-10-15 16:42:52.086 [warning] [markdown-preview-enhanced]: No se encontró un mensaje para la clave markdown-preview-enhanced.runAllCodeChunks.title.
2024-10-15 16:42:52.086 [warning] [markdown-preview-enhanced]: No se encontró un mensaje para la clave markdown-preview-enhanced.runCodeChunk.title.
2024-10-15 16:42:52.086 [warning] [markdown-preview-enhanced]: No se encontró un mensaje para la clave markdown-preview-enhanced.syncPreview.title.
2024-10-15 16:42:52.087 [warning] [markdown-preview-enhanced]: No se encontró un mensaje para la clave markdown-preview-enhanced.customizeCss.title.
2024-10-15 16:42:52.087 [warning] [markdown-preview-enhanced]: No se encontró un mensaje para la clave markdown-preview-enhanced.customizeCssInWorkspace.title.
2024-10-15 16:42:52.087 [warning] [markdown-preview-enhanced]: No se encontró un mensaje para la clave markdown-preview-enhanced.insertNewSlide.title.
2024-10-15 16:42:52.087 [warning] [markdown-preview-enhanced]: No se encontró un mensaje para la clave markdown-preview-enhanced.insertTable.title.
2024-10-15 16:42:52.088 [warning] [markdown-preview-enhanced]: No se encontró un mensaje para la clave markdown-preview-enhanced.insertPagebreak.title.
2024-10-15 16:42:52.088 [warning] [markdown-preview-enhanced]: No se encontró un mensaje para la clave markdown-preview-enhanced.createTOC.title.
2024-10-15 16:42:52.088 [warning] [markdown-preview-enhanced]: No se encontró un mensaje para la clave markdown-preview-enhanced.openConfigScript.title.
2024-10-15 16:42:52.088 [warning] [markdown-preview-enhanced]: No se encontró un mensaje para la clave markdown-preview-enhanced.extendParser.title.
2024-10-15 16:42:52.089 [warning] [markdown-preview-enhanced]: No se encontró un mensaje para la clave markdown-preview-enhanced.customizePreviewHtmlHead.title.
2024-10-15 16:42:52.089 [warning] [markdown-preview-enhanced]: No se encontró un mensaje para la clave markdown-preview-enhanced.openConfigScriptInWorkspace.title.
2024-10-15 16:42:52.089 [warning] [markdown-preview-enhanced]: No se encontró un mensaje para la clave markdown-preview-enhanced.extendParserInWorkspace.title.
2024-10-15 16:42:52.090 [warning] [markdown-preview-enhanced]: No se encontró un mensaje para la clave markdown-preview-enhanced.customizePreviewHtmlHeadInWorkspace.title.
2024-10-15 16:42:52.090 [warning] [markdown-preview-enhanced]: No se encontró un mensaje para la clave markdown-preview-enhanced.showUploadedImages.title.
2024-10-15 16:42:52.090 [warning] [markdown-preview-enhanced]: No se encontró un mensaje para la clave customEditorPreviewDisplayName.
2024-10-15 16:43:05.716 [error] [/home/pro/.vscode/extensions/shd101wyy.markdown-preview-enhanced-0.8.14]: No se pudo analizar /home/pro/.vscode/extensions/shd101wyy.markdown-preview-enhanced-0.8.14/package.nls.json: Se esperaba un valor.
2024-10-15 16:43:05.716 [warning] [markdown-preview-enhanced]: No se encontró un mensaje para la clave displayName.
2024-10-15 16:43:05.717 [warning] [markdown-preview-enhanced]: No se encontró un mensaje para la clave description.
2024-10-15 16:43:05.717 [warning] [markdown-preview-enhanced]: No se encontró un mensaje para la clave markdown-preview-enhanced.openPreviewToTheSide.title.
2024-10-15 16:43:05.717 [warning] [markdown-preview-enhanced]: No se encontró un mensaje para la clave markdown-preview-enhanced.openPreview.title.
2024-10-15 16:43:05.717 [warning] [markdown-preview-enhanced]: No se encontró un mensaje para la clave markdown-preview-enhanced.toggleScrollSync.title.
2024-10-15 16:43:05.727 [warning] [markdown-preview-enhanced]: No se encontró un mensaje para la clave markdown-preview-enhanced.toggleLiveUpdate.title.
2024-10-15 16:43:05.728 [warning] [markdown-preview-enhanced]: No se encontró un mensaje para la clave markdown-preview-enhanced.toggleBreakOnSingleNewLine.title.
2024-10-15 16:43:05.728 [warning] [markdown-preview-enhanced]: No se encontró un mensaje para la clave markdown-preview-enhanced.openImageHelper.title.
2024-10-15 16:43:05.728 [warning] [markdown-preview-enhanced]: No se encontró un mensaje para la clave markdown-preview-enhanced.runAllCodeChunks.title.
2024-10-15 16:43:05.728 [warning] [markdown-preview-enhanced]: No se encontró un mensaje para la clave markdown-preview-enhanced.runCodeChunk.title.
2024-10-15 16:43:05.728 [warning] [markdown-preview-enhanced]: No se encontró un mensaje para la clave markdown-preview-enhanced.syncPreview.title.
2024-10-15 16:43:05.728 [warning] [markdown-preview-enhanced]: No se encontró un mensaje para la clave markdown-preview-enhanced.customizeCss.title.
2024-10-15 16:43:05.729 [warning] [markdown-preview-enhanced]: No se encontró un mensaje para la clave markdown-preview-enhanced.customizeCssInWorkspace.title.
2024-10-15 16:43:05.729 [warning] [markdown-preview-enhanced]: No se encontró un mensaje para la clave markdown-preview-enhanced.insertNewSlide.title.
2024-10-15 16:43:05.730 [warning] [markdown-preview-enhanced]: No se encontró un mensaje para la clave markdown-preview-enhanced.insertTable.title.
2024-10-15 16:43:05.730 [warning] [markdown-preview-enhanced]: No se encontró un mensaje para la clave markdown-preview-enhanced.insertPagebreak.title.
2024-10-15 16:43:05.730 [warning] [markdown-preview-enhanced]: No se encontró un mensaje para la clave markdown-preview-enhanced.createTOC.title.
2024-10-15 16:43:05.730 [warning] [markdown-preview-enhanced]: No se encontró un mensaje para la clave markdown-preview-enhanced.openConfigScript.title.
2024-10-15 16:43:05.730 [warning] [markdown-preview-enhanced]: No se encontró un mensaje para la clave markdown-preview-enhanced.extendParser.title.
2024-10-15 16:43:05.730 [warning] [markdown-preview-enhanced]: No se encontró un mensaje para la clave markdown-preview-enhanced.customizePreviewHtmlHead.title.
2024-10-15 16:43:05.730 [warning] [markdown-preview-enhanced]: No se encontró un mensaje para la clave markdown-preview-enhanced.openConfigScriptInWorkspace.title.
2024-10-15 16:43:05.730 [warning] [markdown-preview-enhanced]: No se encontró un mensaje para la clave markdown-preview-enhanced.extendParserInWorkspace.title.
2024-10-15 16:43:05.730 [warning] [markdown-preview-enhanced]: No se encontró un mensaje para la clave markdown-preview-enhanced.customizePreviewHtmlHeadInWorkspace.title.
2024-10-15 16:43:05.731 [warning] [markdown-preview-enhanced]: No se encontró un mensaje para la clave markdown-preview-enhanced.showUploadedImages.title.
2024-10-15 16:43:05.731 [warning] [markdown-preview-enhanced]: No se encontró un mensaje para la clave customEditorPreviewDisplayName.
2024-10-15 16:43:22.857 [error] [/home/pro/.vscode/extensions/shd101wyy.markdown-preview-enhanced-0.8.14]: No se pudo analizar /home/pro/.vscode/extensions/shd101wyy.markdown-preview-enhanced-0.8.14/package.nls.json: Se esperaba un valor.
2024-10-15 16:43:22.858 [warning] [markdown-preview-enhanced]: No se encontró un mensaje para la clave displayName.
2024-10-15 16:43:22.858 [warning] [markdown-preview-enhanced]: No se encontró un mensaje para la clave description.
2024-10-15 16:43:22.858 [warning] [markdown-preview-enhanced]: No se encontró un mensaje para la clave markdown-preview-enhanced.openPreviewToTheSide.title.
2024-10-15 16:43:22.859 [warning] [markdown-preview-enhanced]: No se encontró un mensaje para la clave markdown-preview-enhanced.openPreview.title.
2024-10-15 16:43:22.859 [warning] [markdown-preview-enhanced]: No se encontró un mensaje para la clave markdown-preview-enhanced.toggleScrollSync.title.
2024-10-15 16:43:22.859 [warning] [markdown-preview-enhanced]: No se encontró un mensaje para la clave markdown-preview-enhanced.toggleLiveUpdate.title.
2024-10-15 16:43:22.859 [warning] [markdown-preview-enhanced]: No se encontró un mensaje para la clave markdown-preview-enhanced.toggleBreakOnSingleNewLine.title.
2024-10-15 16:43:22.860 [warning] [markdown-preview-enhanced]: No se encontró un mensaje para la clave markdown-preview-enhanced.openImageHelper.title.
2024-10-15 16:43:22.861 [warning] [markdown-preview-enhanced]: No se encontró un mensaje para la clave markdown-preview-enhanced.runAllCodeChunks.title.
2024-10-15 16:43:22.861 [warning] [markdown-preview-enhanced]: No se encontró un mensaje para la clave markdown-preview-enhanced.runCodeChunk.title.
2024-10-15 16:43:22.861 [warning] [markdown-preview-enhanced]: No se encontró un mensaje para la clave markdown-preview-enhanced.syncPreview.title.
2024-10-15 16:43:22.862 [warning] [markdown-preview-enhanced]: No se encontró un mensaje para la clave markdown-preview-enhanced.customizeCss.title.
2024-10-15 16:43:22.862 [warning] [markdown-preview-enhanced]: No se encontró un mensaje para la clave markdown-preview-enhanced.customizeCssInWorkspace.title.
2024-10-15 16:43:22.863 [warning] [markdown-preview-enhanced]: No se encontró un mensaje para la clave markdown-preview-enhanced.insertNewSlide.title.
2024-10-15 16:43:22.863 [warning] [markdown-preview-enhanced]: No se encontró un mensaje para la clave markdown-preview-enhanced.insertTable.title.
2024-10-15 16:43:22.863 [warning] [markdown-preview-enhanced]: No se encontró un mensaje para la clave markdown-preview-enhanced.insertPagebreak.title.
2024-10-15 16:43:22.863 [warning] [markdown-preview-enhanced]: No se encontró un mensaje para la clave markdown-preview-enhanced.createTOC.title.
2024-10-15 16:43:22.864 [warning] [markdown-preview-enhanced]: No se encontró un mensaje para la clave markdown-preview-enhanced.openConfigScript.title.
2024-10-15 16:43:22.864 [warning] [markdown-preview-enhanced]: No se encontró un mensaje para la clave markdown-preview-enhanced.extendParser.title.
2024-10-15 16:43:22.864 [warning] [markdown-preview-enhanced]: No se encontró un mensaje para la clave markdown-preview-enhanced.customizePreviewHtmlHead.title.
2024-10-15 16:43:22.864 [warning] [markdown-preview-enhanced]: No se encontró un mensaje para la clave markdown-preview-enhanced.openConfigScriptInWorkspace.title.
2024-10-15 16:43:22.865 [warning] [markdown-preview-enhanced]: No se encontró un mensaje para la clave markdown-preview-enhanced.extendParserInWorkspace.title.
2024-10-15 16:43:22.865 [warning] [markdown-preview-enhanced]: No se encontró un mensaje para la clave markdown-preview-enhanced.customizePreviewHtmlHeadInWorkspace.title.
2024-10-15 16:43:22.866 [warning] [markdown-preview-enhanced]: No se encontró un mensaje para la clave markdown-preview-enhanced.showUploadedImages.title.
2024-10-15 16:43:22.866 [warning] [markdown-preview-enhanced]: No se encontró un mensaje para la clave customEditorPreviewDisplayName.
2024-10-15 16:43:24.897 [error] [/home/pro/.vscode/extensions/shd101wyy.markdown-preview-enhanced-0.8.14]: No se pudo analizar /home/pro/.vscode/extensions/shd101wyy.markdown-preview-enhanced-0.8.14/package.nls.json: Se esperaba un valor.
2024-10-15 16:43:24.898 [warning] [markdown-preview-enhanced]: No se encontró un mensaje para la clave displayName.
2024-10-15 16:43:24.902 [warning] [markdown-preview-enhanced]: No se encontró un mensaje para la clave description.
2024-10-15 16:43:24.906 [warning] [markdown-preview-enhanced]: No se encontró un mensaje para la clave markdown-preview-enhanced.openPreviewToTheSide.title.
2024-10-15 16:43:24.907 [warning] [markdown-preview-enhanced]: No se encontró un mensaje para la clave markdown-preview-enhanced.openPreview.title.
2024-10-15 16:43:24.907 [warning] [markdown-preview-enhanced]: No se encontró un mensaje para la clave markdown-preview-enhanced.toggleScrollSync.title.
2024-10-15 16:43:24.908 [warning] [markdown-preview-enhanced]: No se encontró un mensaje para la clave markdown-preview-enhanced.toggleLiveUpdate.title.
2024-10-15 16:43:24.908 [warning] [markdown-preview-enhanced]: No se encontró un mensaje para la clave markdown-preview-enhanced.toggleBreakOnSingleNewLine.title.
2024-10-15 16:43:24.909 [warning] [markdown-preview-enhanced]: No se encontró un mensaje para la clave markdown-preview-enhanced.openImageHelper.title.
2024-10-15 16:43:24.910 [warning] [markdown-preview-enhanced]: No se encontró un mensaje para la clave markdown-preview-enhanced.runAllCodeChunks.title.
2024-10-15 16:43:24.911 [warning] [markdown-preview-enhanced]: No se encontró un mensaje para la clave markdown-preview-enhanced.runCodeChunk.title.
2024-10-15 16:43:24.911 [warning] [markdown-preview-enhanced]: No se encontró un mensaje para la clave markdown-preview-enhanced.syncPreview.title.
2024-10-15 16:43:24.911 [warning] [markdown-preview-enhanced]: No se encontró un mensaje para la clave markdown-preview-enhanced.customizeCss.title.
2024-10-15 16:43:24.912 [warning] [markdown-preview-enhanced]: No se encontró un mensaje para la clave markdown-preview-enhanced.customizeCssInWorkspace.title.
2024-10-15 16:43:24.913 [warning] [markdown-preview-enhanced]: No se encontró un mensaje para la clave markdown-preview-enhanced.insertNewSlide.title.
2024-10-15 16:43:24.913 [warning] [markdown-preview-enhanced]: No se encontró un mensaje para la clave markdown-preview-enhanced.insertTable.title.
2024-10-15 16:43:24.914 [warning] [markdown-preview-enhanced]: No se encontró un mensaje para la clave markdown-preview-enhanced.insertPagebreak.title.
2024-10-15 16:43:24.914 [warning] [markdown-preview-enhanced]: No se encontró un mensaje para la clave markdown-preview-enhanced.createTOC.title.
2024-10-15 16:43:24.915 [warning] [markdown-preview-enhanced]: No se encontró un mensaje para la clave markdown-preview-enhanced.openConfigScript.title.
2024-10-15 16:43:24.915 [warning] [markdown-preview-enhanced]: No se encontró un mensaje para la clave markdown-preview-enhanced.extendParser.title.
2024-10-15 16:43:24.916 [warning] [markdown-preview-enhanced]: No se encontró un mensaje para la clave markdown-preview-enhanced.customizePreviewHtmlHead.title.
2024-10-15 16:43:24.916 [warning] [markdown-preview-enhanced]: No se encontró un mensaje para la clave markdown-preview-enhanced.openConfigScriptInWorkspace.title.
2024-10-15 16:43:24.917 [warning] [markdown-preview-enhanced]: No se encontró un mensaje para la clave markdown-preview-enhanced.extendParserInWorkspace.title.
2024-10-15 16:43:24.917 [warning] [markdown-preview-enhanced]: No se encontró un mensaje para la clave markdown-preview-enhanced.customizePreviewHtmlHeadInWorkspace.title.
2024-10-15 16:43:24.918 [warning] [markdown-preview-enhanced]: No se encontró un mensaje para la clave markdown-preview-enhanced.showUploadedImages.title.
2024-10-15 16:43:24.919 [warning] [markdown-preview-enhanced]: No se encontró un mensaje para la clave customEditorPreviewDisplayName.
2024-10-15 16:44:44.397 [error] [/home/pro/.vscode/extensions/shd101wyy.markdown-preview-enhanced-0.8.14]: No se pudo analizar /home/pro/.vscode/extensions/shd101wyy.markdown-preview-enhanced-0.8.14/package.nls.json: Se esperaba un valor.
2024-10-15 16:44:44.398 [warning] [markdown-preview-enhanced]: No se encontró un mensaje para la clave displayName.
2024-10-15 16:44:44.398 [warning] [markdown-preview-enhanced]: No se encontró un mensaje para la clave description.
2024-10-15 16:44:44.398 [warning] [markdown-preview-enhanced]: No se encontró un mensaje para la clave markdown-preview-enhanced.openPreviewToTheSide.title.
2024-10-15 16:44:44.399 [warning] [markdown-preview-enhanced]: No se encontró un mensaje para la clave markdown-preview-enhanced.openPreview.title.
2024-10-15 16:44:44.399 [warning] [markdown-preview-enhanced]: No se encontró un mensaje para la clave markdown-preview-enhanced.toggleScrollSync.title.
2024-10-15 16:44:44.399 [warning] [markdown-preview-enhanced]: No se encontró un mensaje para la clave markdown-preview-enhanced.toggleLiveUpdate.title.
2024-10-15 16:44:44.399 [warning] [markdown-preview-enhanced]: No se encontró un mensaje para la clave markdown-preview-enhanced.toggleBreakOnSingleNewLine.title.
2024-10-15 16:44:44.400 [warning] [markdown-preview-enhanced]: No se encontró un mensaje para la clave markdown-preview-enhanced.openImageHelper.title.
2024-10-15 16:44:44.400 [warning] [markdown-preview-enhanced]: No se encontró un mensaje para la clave markdown-preview-enhanced.runAllCodeChunks.title.
2024-10-15 16:44:44.402 [warning] [markdown-preview-enhanced]: No se encontró un mensaje para la clave markdown-preview-enhanced.runCodeChunk.title.
2024-10-15 16:44:44.403 [warning] [markdown-preview-enhanced]: No se encontró un mensaje para la clave markdown-preview-enhanced.syncPreview.title.
2024-10-15 16:44:44.403 [warning] [markdown-preview-enhanced]: No se encontró un mensaje para la clave markdown-preview-enhanced.customizeCss.title.
2024-10-15 16:44:44.405 [warning] [markdown-preview-enhanced]: No se encontró un mensaje para la clave markdown-preview-enhanced.customizeCssInWorkspace.title.
2024-10-15 16:44:44.406 [warning] [markdown-preview-enhanced]: No se encontró un mensaje para la clave markdown-preview-enhanced.insertNewSlide.title.
2024-10-15 16:44:44.407 [warning] [markdown-preview-enhanced]: No se encontró un mensaje para la clave markdown-preview-enhanced.insertTable.title.
2024-10-15 16:44:44.408 [warning] [markdown-preview-enhanced]: No se encontró un mensaje para la clave markdown-preview-enhanced.insertPagebreak.title.
2024-10-15 16:44:44.409 [warning] [markdown-preview-enhanced]: No se encontró un mensaje para la clave markdown-preview-enhanced.createTOC.title.
2024-10-15 16:44:44.411 [warning] [markdown-preview-enhanced]: No se encontró un mensaje para la clave markdown-preview-enhanced.openConfigScript.title.
2024-10-15 16:44:44.413 [warning] [markdown-preview-enhanced]: No se encontró un mensaje para la clave markdown-preview-enhanced.extendParser.title.
2024-10-15 16:44:44.414 [warning] [markdown-preview-enhanced]: No se encontró un mensaje para la clave markdown-preview-enhanced.customizePreviewHtmlHead.title.
2024-10-15 16:44:44.415 [warning] [markdown-preview-enhanced]: No se encontró un mensaje para la clave markdown-preview-enhanced.openConfigScriptInWorkspace.title.
2024-10-15 16:44:44.416 [warning] [markdown-preview-enhanced]: No se encontró un mensaje para la clave markdown-preview-enhanced.extendParserInWorkspace.title.
2024-10-15 16:44:44.416 [warning] [markdown-preview-enhanced]: No se encontró un mensaje para la clave markdown-preview-enhanced.customizePreviewHtmlHeadInWorkspace.title.
2024-10-15 16:44:44.417 [warning] [markdown-preview-enhanced]: No se encontró un mensaje para la clave markdown-preview-enhanced.showUploadedImages.title.
2024-10-15 16:44:44.417 [warning] [markdown-preview-enhanced]: No se encontró un mensaje para la clave customEditorPreviewDisplayName.
2024-10-15 16:44:44.506 [error] [/home/pro/.vscode/extensions/shd101wyy.markdown-preview-enhanced-0.8.14]: No se pudo analizar /home/pro/.vscode/extensions/shd101wyy.markdown-preview-enhanced-0.8.14/package.nls.json: Se esperaba un valor.
2024-10-15 16:44:44.509 [warning] [markdown-preview-enhanced]: No se encontró un mensaje para la clave displayName.
2024-10-15 16:44:44.509 [warning] [markdown-preview-enhanced]: No se encontró un mensaje para la clave description.
2024-10-15 16:44:44.509 [warning] [markdown-preview-enhanced]: No se encontró un mensaje para la clave markdown-preview-enhanced.openPreviewToTheSide.title.
2024-10-15 16:44:44.509 [warning] [markdown-preview-enhanced]: No se encontró un mensaje para la clave markdown-preview-enhanced.openPreview.title.
2024-10-15 16:44:44.513 [warning] [markdown-preview-enhanced]: No se encontró un mensaje para la clave markdown-preview-enhanced.toggleScrollSync.title.
2024-10-15 16:44:44.513 [warning] [markdown-preview-enhanced]: No se encontró un mensaje para la clave markdown-preview-enhanced.toggleLiveUpdate.title.
2024-10-15 16:44:44.513 [warning] [markdown-preview-enhanced]: No se encontró un mensaje para la clave markdown-preview-enhanced.toggleBreakOnSingleNewLine.title.
2024-10-15 16:44:44.513 [warning] [markdown-preview-enhanced]: No se encontró un mensaje para la clave markdown-preview-enhanced.openImageHelper.title.
2024-10-15 16:44:44.513 [warning] [markdown-preview-enhanced]: No se encontró un mensaje para la clave markdown-preview-enhanced.runAllCodeChunks.title.
2024-10-15 16:44:44.514 [warning] [markdown-preview-enhanced]: No se encontró un mensaje para la clave markdown-preview-enhanced.runCodeChunk.title.
2024-10-15 16:44:44.514 [warning] [markdown-preview-enhanced]: No se encontró un mensaje para la clave markdown-preview-enhanced.syncPreview.title.
2024-10-15 16:44:44.514 [warning] [markdown-preview-enhanced]: No se encontró un mensaje para la clave markdown-preview-enhanced.customizeCss.title.
2024-10-15 16:44:44.514 [warning] [markdown-preview-enhanced]: No se encontró un mensaje para la clave markdown-preview-enhanced.customizeCssInWorkspace.title.
2024-10-15 16:44:44.514 [warning] [markdown-preview-enhanced]: No se encontró un mensaje para la clave markdown-preview-enhanced.insertNewSlide.title.
2024-10-15 16:44:44.514 [warning] [markdown-preview-enhanced]: No se encontró un mensaje para la clave markdown-preview-enhanced.insertTable.title.
2024-10-15 16:44:44.514 [warning] [markdown-preview-enhanced]: No se encontró un mensaje para la clave markdown-preview-enhanced.insertPagebreak.title.
2024-10-15 16:44:44.519 [warning] [markdown-preview-enhanced]: No se encontró un mensaje para la clave markdown-preview-enhanced.createTOC.title.
2024-10-15 16:44:44.519 [warning] [markdown-preview-enhanced]: No se encontró un mensaje para la clave markdown-preview-enhanced.openConfigScript.title.
2024-10-15 16:44:44.519 [warning] [markdown-preview-enhanced]: No se encontró un mensaje para la clave markdown-preview-enhanced.extendParser.title.
2024-10-15 16:44:44.520 [warning] [markdown-preview-enhanced]: No se encontró un mensaje para la clave markdown-preview-enhanced.customizePreviewHtmlHead.title.
2024-10-15 16:44:44.520 [warning] [markdown-preview-enhanced]: No se encontró un mensaje para la clave markdown-preview-enhanced.openConfigScriptInWorkspace.title.
2024-10-15 16:44:44.522 [warning] [markdown-preview-enhanced]: No se encontró un mensaje para la clave markdown-preview-enhanced.extendParserInWorkspace.title.
2024-10-15 16:44:44.522 [warning] [markdown-preview-enhanced]: No se encontró un mensaje para la clave markdown-preview-enhanced.customizePreviewHtmlHeadInWorkspace.title.
2024-10-15 16:44:44.522 [warning] [markdown-preview-enhanced]: No se encontró un mensaje para la clave markdown-preview-enhanced.showUploadedImages.title.
2024-10-15 16:44:44.523 [warning] [markdown-preview-enhanced]: No se encontró un mensaje para la clave customEditorPreviewDisplayName.
2024-10-15 16:44:46.839 [error] [/home/pro/.vscode/extensions/shd101wyy.markdown-preview-enhanced-0.8.14]: No se pudo analizar /home/pro/.vscode/extensions/shd101wyy.markdown-preview-enhanced-0.8.14/package.nls.json: Se esperaba un valor.
2024-10-15 16:44:46.839 [warning] [markdown-preview-enhanced]: No se encontró un mensaje para la clave displayName.
2024-10-15 16:44:46.840 [warning] [markdown-preview-enhanced]: No se encontró un mensaje para la clave description.
2024-10-15 16:44:46.841 [warning] [markdown-preview-enhanced]: No se encontró un mensaje para la clave markdown-preview-enhanced.openPreviewToTheSide.title.
2024-10-15 16:44:46.843 [warning] [markdown-preview-enhanced]: No se encontró un mensaje para la clave markdown-preview-enhanced.openPreview.title.
2024-10-15 16:44:46.843 [warning] [markdown-preview-enhanced]: No se encontró un mensaje para la clave markdown-preview-enhanced.toggleScrollSync.title.
2024-10-15 16:44:46.843 [warning] [markdown-preview-enhanced]: No se encontró un mensaje para la clave markdown-preview-enhanced.toggleLiveUpdate.title.
2024-10-15 16:44:46.843 [warning] [markdown-preview-enhanced]: No se encontró un mensaje para la clave markdown-preview-enhanced.toggleBreakOnSingleNewLine.title.
2024-10-15 16:44:46.844 [warning] [markdown-preview-enhanced]: No se encontró un mensaje para la clave markdown-preview-enhanced.openImageHelper.title.
2024-10-15 16:44:46.845 [warning] [markdown-preview-enhanced]: No se encontró un mensaje para la clave markdown-preview-enhanced.runAllCodeChunks.title.
2024-10-15 16:44:46.846 [warning] [markdown-preview-enhanced]: No se encontró un mensaje para la clave markdown-preview-enhanced.runCodeChunk.title.
2024-10-15 16:44:46.846 [warning] [markdown-preview-enhanced]: No se encontró un mensaje para la clave markdown-preview-enhanced.syncPreview.title.
2024-10-15 16:44:46.846 [warning] [markdown-preview-enhanced]: No se encontró un mensaje para la clave markdown-preview-enhanced.customizeCss.title.
2024-10-15 16:44:46.846 [warning] [markdown-preview-enhanced]: No se encontró un mensaje para la clave markdown-preview-enhanced.customizeCssInWorkspace.title.
2024-10-15 16:44:46.849 [warning] [markdown-preview-enhanced]: No se encontró un mensaje para la clave markdown-preview-enhanced.insertNewSlide.title.
2024-10-15 16:44:46.858 [warning] [markdown-preview-enhanced]: No se encontró un mensaje para la clave markdown-preview-enhanced.insertTable.title.
2024-10-15 16:44:46.858 [warning] [markdown-preview-enhanced]: No se encontró un mensaje para la clave markdown-preview-enhanced.insertPagebreak.title.
2024-10-15 16:44:46.858 [warning] [markdown-preview-enhanced]: No se encontró un mensaje para la clave markdown-preview-enhanced.createTOC.title.
2024-10-15 16:44:46.858 [warning] [markdown-preview-enhanced]: No se encontró un mensaje para la clave markdown-preview-enhanced.openConfigScript.title.
2024-10-15 16:44:46.858 [warning] [markdown-preview-enhanced]: No se encontró un mensaje para la clave markdown-preview-enhanced.extendParser.title.
2024-10-15 16:44:46.858 [warning] [markdown-preview-enhanced]: No se encontró un mensaje para la clave markdown-preview-enhanced.customizePreviewHtmlHead.title.
2024-10-15 16:44:46.858 [warning] [markdown-preview-enhanced]: No se encontró un mensaje para la clave markdown-preview-enhanced.openConfigScriptInWorkspace.title.
2024-10-15 16:44:46.858 [warning] [markdown-preview-enhanced]: No se encontró un mensaje para la clave markdown-preview-enhanced.extendParserInWorkspace.title.
2024-10-15 16:44:46.858 [warning] [markdown-preview-enhanced]: No se encontró un mensaje para la clave markdown-preview-enhanced.customizePreviewHtmlHeadInWorkspace.title.
2024-10-15 16:44:46.859 [warning] [markdown-preview-enhanced]: No se encontró un mensaje para la clave markdown-preview-enhanced.showUploadedImages.title.
2024-10-15 16:44:46.859 [warning] [markdown-preview-enhanced]: No se encontró un mensaje para la clave customEditorPreviewDisplayName.
2024-10-15 16:45:39.594 [error] [/home/pro/.vscode/extensions/shd101wyy.markdown-preview-enhanced-0.8.14]: No se pudo analizar /home/pro/.vscode/extensions/shd101wyy.markdown-preview-enhanced-0.8.14/package.nls.json: Se esperaba un valor.
2024-10-15 16:45:39.600 [warning] [markdown-preview-enhanced]: No se encontró un mensaje para la clave displayName.
2024-10-15 16:45:39.600 [warning] [markdown-preview-enhanced]: No se encontró un mensaje para la clave description.
2024-10-15 16:45:39.601 [warning] [markdown-preview-enhanced]: No se encontró un mensaje para la clave markdown-preview-enhanced.openPreviewToTheSide.title.
2024-10-15 16:45:39.601 [warning] [markdown-preview-enhanced]: No se encontró un mensaje para la clave markdown-preview-enhanced.openPreview.title.
2024-10-15 16:45:39.601 [warning] [markdown-preview-enhanced]: No se encontró un mensaje para la clave markdown-preview-enhanced.toggleScrollSync.title.
2024-10-15 16:45:39.601 [warning] [markdown-preview-enhanced]: No se encontró un mensaje para la clave markdown-preview-enhanced.toggleLiveUpdate.title.
2024-10-15 16:45:39.601 [warning] [markdown-preview-enhanced]: No se encontró un mensaje para la clave markdown-preview-enhanced.toggleBreakOnSingleNewLine.title.
2024-10-15 16:45:39.601 [warning] [markdown-preview-enhanced]: No se encontró un mensaje para la clave markdown-preview-enhanced.openImageHelper.title.
2024-10-15 16:45:39.601 [warning] [markdown-preview-enhanced]: No se encontró un mensaje para la clave markdown-preview-enhanced.runAllCodeChunks.title.
2024-10-15 16:45:39.601 [warning] [markdown-preview-enhanced]: No se encontró un mensaje para la clave markdown-preview-enhanced.runCodeChunk.title.
2024-10-15 16:45:39.601 [warning] [markdown-preview-enhanced]: No se encontró un mensaje para la clave markdown-preview-enhanced.syncPreview.title.
2024-10-15 16:45:39.602 [warning] [markdown-preview-enhanced]: No se encontró un mensaje para la clave markdown-preview-enhanced.customizeCss.title.
2024-10-15 16:45:39.602 [warning] [markdown-preview-enhanced]: No se encontró un mensaje para la clave markdown-preview-enhanced.customizeCssInWorkspace.title.
2024-10-15 16:45:39.605 [warning] [markdown-preview-enhanced]: No se encontró un mensaje para la clave markdown-preview-enhanced.insertNewSlide.title.
2024-10-15 16:45:39.618 [warning] [markdown-preview-enhanced]: No se encontró un mensaje para la clave markdown-preview-enhanced.insertTable.title.
2024-10-15 16:45:39.619 [warning] [markdown-preview-enhanced]: No se encontró un mensaje para la clave markdown-preview-enhanced.insertPagebreak.title.
2024-10-15 16:45:39.619 [warning] [markdown-preview-enhanced]: No se encontró un mensaje para la clave markdown-preview-enhanced.createTOC.title.
2024-10-15 16:45:39.619 [warning] [markdown-preview-enhanced]: No se encontró un mensaje para la clave markdown-preview-enhanced.openConfigScript.title.
2024-10-15 16:45:39.619 [warning] [markdown-preview-enhanced]: No se encontró un mensaje para la clave markdown-preview-enhanced.extendParser.title.
2024-10-15 16:45:39.619 [warning] [markdown-preview-enhanced]: No se encontró un mensaje para la clave markdown-preview-enhanced.customizePreviewHtmlHead.title.
2024-10-15 16:45:39.619 [warning] [markdown-preview-enhanced]: No se encontró un mensaje para la clave markdown-preview-enhanced.openConfigScriptInWorkspace.title.
2024-10-15 16:45:39.619 [warning] [markdown-preview-enhanced]: No se encontró un mensaje para la clave markdown-preview-enhanced.extendParserInWorkspace.title.
2024-10-15 16:45:39.619 [warning] [markdown-preview-enhanced]: No se encontró un mensaje para la clave markdown-preview-enhanced.customizePreviewHtmlHeadInWorkspace.title.
2024-10-15 16:45:39.619 [warning] [markdown-preview-enhanced]: No se encontró un mensaje para la clave markdown-preview-enhanced.showUploadedImages.title.
2024-10-15 16:45:39.619 [warning] [markdown-preview-enhanced]: No se encontró un mensaje para la clave customEditorPreviewDisplayName.
