2024-10-03 17:59:46.916 [info] [main] Nivel de registro: Info
2024-10-03 17:59:46.916 [info] [main] Validando git encontrado en: "git"
2024-10-03 17:59:46.916 [info] [main] Usando git "2.34.1" de "git"
2024-10-03 17:59:46.916 [info] [Model][doInitialScan] Initial repository scan started
2024-10-03 17:59:46.916 [info] > git rev-parse --show-toplevel [1070ms]
2024-10-03 17:59:46.920 [info] > git rev-parse --git-dir --git-common-dir [18ms]
2024-10-03 17:59:46.930 [info] [Model][openRepository] Opened repository: /home/pro/repositorio-ejercicio-1
2024-10-03 17:59:46.942 [info] [Model][doInitialScan] Initial repository scan completed - repositories (1), closed repositories (0), parent repositories (0), unsafe repositories (0)
2024-10-03 17:59:47.006 [info] > git config --get commit.template [34ms]
2024-10-03 17:59:47.290 [info] > git for-each-ref --format=%(refname)%00%(upstream:short)%00%(objectname)%00%(upstream:track)%00%(upstream:remotename)%00%(upstream:remoteref) refs/heads/main refs/remotes/main [183ms]
2024-10-03 17:59:47.622 [info] > git ls-files --stage -- /home/pro/repositorio-ejercicio-1/README.md [94ms]
2024-10-03 17:59:47.644 [info] > git check-ignore -v -z --stdin [2ms]
2024-10-03 17:59:47.736 [info] > git cat-file -s b429ddab5a9ff775a09aaa3fb6709de41c752830 [108ms]
2024-10-03 17:59:47.821 [info] > git show --textconv :README.md [301ms]
2024-10-03 17:59:47.892 [info] > git status -z -uall [574ms]
2024-10-03 17:59:47.948 [info] > git for-each-ref --format=%(refname)%00%(upstream:short)%00%(objectname)%00%(upstream:track)%00%(upstream:remotename)%00%(upstream:remoteref) refs/heads/main refs/remotes/main [35ms]
2024-10-03 17:59:47.961 [info] > git config --local branch.main.vscode-merge-base [4ms]
2024-10-03 17:59:47.961 [warning] [Git][config] git config failed: Failed to execute git
2024-10-03 17:59:47.969 [info] > git config --get commit.template [22ms]
2024-10-03 17:59:48.161 [info] > git for-each-ref --format=%(refname)%00%(upstream:short)%00%(objectname)%00%(upstream:track)%00%(upstream:remotename)%00%(upstream:remoteref) refs/heads/main refs/remotes/main [174ms]
2024-10-03 17:59:48.162 [info] > git reflog main --grep-reflog=branch: Created from *. [193ms]
2024-10-03 17:59:48.225 [info] > git status -z -uall [9ms]
2024-10-03 17:59:48.238 [info] > git symbolic-ref --short refs/remotes/origin/HEAD [59ms]
2024-10-03 17:59:48.269 [info] > git for-each-ref --format=%(refname)%00%(upstream:short)%00%(objectname)%00%(upstream:track)%00%(upstream:remotename)%00%(upstream:remoteref) refs/heads/main refs/remotes/main [32ms]
2024-10-03 17:59:48.287 [info] > git config --local branch.main.vscode-merge-base [2ms]
2024-10-03 17:59:48.287 [warning] [Git][config] git config failed: Failed to execute git
2024-10-03 17:59:48.295 [info] > git for-each-ref --format=%(refname)%00%(upstream:short)%00%(objectname)%00%(upstream:track)%00%(upstream:remotename)%00%(upstream:remoteref) refs/heads/origin/main refs/remotes/origin/main [28ms]
2024-10-03 17:59:48.304 [info] > git reflog main --grep-reflog=branch: Created from *. [9ms]
2024-10-03 17:59:48.375 [info] > git symbolic-ref --short refs/remotes/origin/HEAD [43ms]
2024-10-03 17:59:48.386 [info] > git config --local branch.main.vscode-merge-base origin/main [84ms]
2024-10-03 17:59:48.406 [info] > git for-each-ref --format=%(refname)%00%(upstream:short)%00%(objectname)%00%(upstream:track)%00%(upstream:remotename)%00%(upstream:remoteref) refs/heads/origin/main refs/remotes/origin/main [20ms]
2024-10-03 17:59:48.421 [info] > git config --get commit.template [16ms]
2024-10-03 17:59:48.433 [info] > git config --local branch.main.vscode-merge-base origin/main [12ms]
2024-10-03 17:59:48.437 [info] > git for-each-ref --format=%(refname)%00%(upstream:short)%00%(objectname)%00%(upstream:track)%00%(upstream:remotename)%00%(upstream:remoteref) refs/heads/main refs/remotes/main [4ms]
2024-10-03 17:59:48.442 [info] > git config --get commit.template [5ms]
2024-10-03 17:59:48.448 [info] > git merge-base refs/heads/main refs/remotes/origin/main [1ms]
2024-10-03 17:59:48.453 [info] > git for-each-ref --format=%(refname)%00%(upstream:short)%00%(objectname)%00%(upstream:track)%00%(upstream:remotename)%00%(upstream:remoteref) refs/heads/main refs/remotes/main [12ms]
2024-10-03 17:59:48.457 [info] > git rev-list --count --left-right refs/heads/main...refs/remotes/origin/main [4ms]
2024-10-03 17:59:48.462 [info] > git status -z -uall [5ms]
2024-10-03 17:59:48.468 [info] > git diff --name-status -z --diff-filter=ADMR c3343515842ae9267dde208614600c0852bc8cb6...refs/remotes/origin/main [7ms]
2024-10-03 17:59:48.471 [info] > git for-each-ref --format=%(refname)%00%(upstream:short)%00%(objectname)%00%(upstream:track)%00%(upstream:remotename)%00%(upstream:remoteref) refs/heads/main refs/remotes/main [5ms]
2024-10-03 17:59:48.477 [info] > git config --local branch.main.vscode-merge-base [1ms]
2024-10-03 17:59:48.481 [info] > git for-each-ref --format=%(refname)%00%(upstream:short)%00%(objectname)%00%(upstream:track)%00%(upstream:remotename)%00%(upstream:remoteref) refs/heads/origin/main refs/remotes/origin/main [1ms]
2024-10-03 17:59:49.577 [info] > git config --get commit.template [17ms]
2024-10-03 17:59:49.578 [info] > git for-each-ref --format=%(refname)%00%(upstream:short)%00%(objectname)%00%(upstream:track)%00%(upstream:remotename)%00%(upstream:remoteref) refs/heads/main refs/remotes/main [1ms]
2024-10-03 17:59:49.587 [info] > git status -z -uall [3ms]
2024-10-03 17:59:49.604 [info] > git for-each-ref --format=%(refname)%00%(upstream:short)%00%(objectname)%00%(upstream:track)%00%(upstream:remotename)%00%(upstream:remoteref) refs/heads/main refs/remotes/main [12ms]
2024-10-03 17:59:49.610 [info] > git config --local branch.main.vscode-merge-base [2ms]
2024-10-03 17:59:49.616 [info] > git for-each-ref --format=%(refname)%00%(upstream:short)%00%(objectname)%00%(upstream:track)%00%(upstream:remotename)%00%(upstream:remoteref) refs/heads/origin/main refs/remotes/origin/main [2ms]
2024-10-03 17:59:49.662 [info] > git ls-files --stage -- /home/pro/repositorio-ejercicio-1/README.md [5ms]
2024-10-03 17:59:49.666 [info] > git cat-file -s b429ddab5a9ff775a09aaa3fb6709de41c752830 [1ms]
2024-10-03 17:59:49.675 [info] > git show --textconv :README.md [4ms]
2024-10-03 17:59:58.762 [info] > git config --get commit.template [11ms]
2024-10-03 17:59:58.763 [info] > git for-each-ref --format=%(refname)%00%(upstream:short)%00%(objectname)%00%(upstream:track)%00%(upstream:remotename)%00%(upstream:remoteref) refs/heads/main refs/remotes/main [2ms]
2024-10-03 17:59:58.785 [info] > git status -z -uall [5ms]
2024-10-03 17:59:58.807 [info] > git for-each-ref --format=%(refname)%00%(upstream:short)%00%(objectname)%00%(upstream:track)%00%(upstream:remotename)%00%(upstream:remoteref) refs/heads/main refs/remotes/main [5ms]
2024-10-03 17:59:58.821 [info] > git config --local branch.main.vscode-merge-base [1ms]
2024-10-03 17:59:58.837 [info] > git for-each-ref --format=%(refname)%00%(upstream:short)%00%(objectname)%00%(upstream:track)%00%(upstream:remotename)%00%(upstream:remoteref) refs/heads/origin/main refs/remotes/origin/main [2ms]
2024-10-03 17:59:58.852 [info] > git ls-files --stage -- /home/pro/repositorio-ejercicio-1/README.md [4ms]
2024-10-03 17:59:58.861 [info] > git cat-file -s b429ddab5a9ff775a09aaa3fb6709de41c752830 [1ms]
2024-10-03 17:59:58.880 [info] > git show --textconv :README.md [0ms]
