2024-10-07 15:50:42.536 [info] Reading sessions from keychain...
2024-10-07 15:50:42.539 [info] Getting sessions for all scopes...
2024-10-07 15:50:42.539 [info] Getting sessions for all scopes...
2024-10-07 15:50:42.816 [info] Getting sessions for read:user,repo,user:email,workflow...
2024-10-07 15:50:42.947 [info] Got 0 sessions for ...
2024-10-07 15:50:42.947 [info] Got 0 sessions for ...
2024-10-07 15:50:42.947 [info] Got 0 sessions for read:user,repo,user:email,workflow...
2024-10-07 15:59:41.605 [info] Getting sessions for read:user,repo,user:email,workflow...
2024-10-07 15:59:41.624 [info] Got 0 sessions for read:user,repo,user:email,workflow...
2024-10-07 15:59:46.591 [info] Logging in with 'any' account...
2024-10-07 15:59:46.592 [info] Logging in for the following scopes: read:user repo user:email workflow
2024-10-07 15:59:46.682 [info] Trying without local server... (read:user repo user:email workflow)
2024-10-07 16:00:49.830 [info] Exchanging code for token...
2024-10-07 16:00:50.478 [info] Token exchange success!
2024-10-07 16:00:50.479 [info] Getting user info...
2024-10-07 16:00:50.918 [info] Got account info!
2024-10-07 16:00:50.920 [info] Storing 1 sessions...
2024-10-07 16:00:50.963 [info] Reading sessions from keychain...
2024-10-07 16:00:50.963 [info] Stored 1 sessions!
2024-10-07 16:00:50.963 [info] Login success!
2024-10-07 16:00:51.065 [info] Got stored sessions!
2024-10-07 16:00:51.065 [info] Got 1 verified sessions.
2024-10-07 16:00:51.486 [info] Getting sessions for read:user,repo,user:email,workflow...
2024-10-07 16:00:51.486 [info] Got 1 sessions for read:user,repo,user:email,workflow...
2024-10-07 16:00:51.785 [info] Getting sessions for read:user,repo,user:email,workflow...
2024-10-07 16:00:51.785 [info] Got 1 sessions for read:user,repo,user:email,workflow...
2024-10-07 16:15:16.200 [info] Getting sessions for read:user,repo,user:email,workflow...
2024-10-07 16:15:16.200 [info] Got 1 sessions for read:user,repo,user:email,workflow...
2024-10-10 17:56:00.185 [info] Getting sessions for read:user,repo,user:email,workflow...
2024-10-10 17:56:00.196 [info] Got 1 sessions for read:user,repo,user:email,workflow...
2024-10-10 18:01:53.521 [info] Getting sessions for read:user,repo,user:email,workflow...
2024-10-10 18:01:53.521 [info] Got 1 sessions for read:user,repo,user:email,workflow...
2024-10-10 18:04:22.454 [info] Getting sessions for read:user,repo,user:email,workflow...
2024-10-10 18:04:22.454 [info] Got 1 sessions for read:user,repo,user:email,workflow...
2024-10-10 18:23:56.133 [info] Getting sessions for read:user,repo,user:email,workflow...
2024-10-10 18:23:56.133 [info] Got 1 sessions for read:user,repo,user:email,workflow...
2024-10-10 18:27:31.372 [info] Getting sessions for read:user,repo,user:email,workflow...
2024-10-10 18:27:31.372 [info] Got 1 sessions for read:user,repo,user:email,workflow...
2024-10-10 18:40:18.736 [info] Getting sessions for read:user,repo,user:email,workflow...
2024-10-10 18:40:18.736 [info] Got 1 sessions for read:user,repo,user:email,workflow...
2024-10-10 18:45:00.356 [info] Getting sessions for read:user,repo,user:email,workflow...
2024-10-10 18:45:00.356 [info] Got 1 sessions for read:user,repo,user:email,workflow...
2024-10-10 18:45:49.462 [info] Getting sessions for read:user,repo,user:email,workflow...
2024-10-10 18:45:49.462 [info] Got 1 sessions for read:user,repo,user:email,workflow...
