2024-10-15 16:42:46.562 [info] Reading sessions from keychain...
2024-10-15 16:42:46.562 [info] Getting sessions for all scopes...
2024-10-15 16:42:46.562 [info] Getting sessions for all scopes...
2024-10-15 16:42:46.562 [info] Getting sessions for user:email...
2024-10-15 16:42:46.562 [info] Got stored sessions!
2024-10-15 16:42:46.562 [info] Got 2 verified sessions.
2024-10-15 16:42:46.562 [info] Got 2 sessions for ...
2024-10-15 16:42:46.562 [info] Got 2 sessions for ...
2024-10-15 16:42:46.562 [info] Got 1 sessions for user:email...
2024-10-15 16:42:51.201 [info] Getting sessions for user:email...
2024-10-15 16:42:51.201 [info] Got 1 sessions for user:email...
2024-10-15 16:42:51.252 [info] Getting sessions for user:email...
2024-10-15 16:42:51.252 [info] Got 1 sessions for user:email...
2024-10-15 16:42:52.908 [info] Getting sessions for read:user,repo,user:email,workflow...
2024-10-15 16:42:52.908 [info] Got 1 sessions for read:user,repo,user:email,workflow...
2024-10-15 16:42:53.312 [info] Getting sessions for read:user,repo,user:email,workflow...
2024-10-15 16:42:53.312 [info] Got 1 sessions for read:user,repo,user:email,workflow...
2024-10-15 16:43:19.764 [info] Getting sessions for read:user,repo,user:email,workflow...
2024-10-15 16:43:19.764 [info] Got 1 sessions for read:user,repo,user:email,workflow...
2024-10-15 16:43:21.086 [info] Getting sessions for read:user,repo,user:email,workflow...
2024-10-15 16:43:21.086 [info] Got 1 sessions for read:user,repo,user:email,workflow...
