2024-10-15 16:42:35.515 [info] Added views:workbench.panel.markers.view in workbench.panel.markers
2024-10-15 16:42:35.515 [info] Added views:workbench.panel.output in workbench.panel.output
2024-10-15 16:42:35.515 [info] Added views:terminal in terminal
2024-10-15 16:42:35.515 [info] Added views:outline in workbench.view.explorer
2024-10-15 16:42:35.515 [info] Added view workbench.scm.history in the container workbench.view.scm and showing it. undefined undefined undefined
2024-10-15 16:42:35.515 [info] Added views:workbench.scm in workbench.view.scm
2024-10-15 16:42:35.515 [info] Added views:workbench.view.search in workbench.view.search
2024-10-15 16:42:35.515 [info] Added views:timeline in workbench.view.explorer
2024-10-15 16:42:35.515 [info] Added views:workbench.explorer.openEditorsView,workbench.explorer.fileView in workbench.view.explorer
2024-10-15 16:42:36.122 [info] Added views:workbench.debug.welcome in workbench.view.debug
2024-10-15 16:42:39.094 [info] Added views:blackbox-onboarding in workbench.view.extension.blackbox
2024-10-15 16:42:39.095 [info] Added views:dockerContainers,dockerImages,dockerRegistries,dockerNetworks,dockerVolumes,vscode-docker.views.dockerContexts,vscode-docker.views.help in workbench.view.extension.dockerView
2024-10-15 16:42:39.096 [info] Added views:targetsContainers,devVolumes in workbench.view.remote
2024-10-15 16:42:39.097 [info] Added views:remoteTargets in workbench.view.remote
2024-10-15 16:42:39.098 [info] Added views:remoteHub.views.workspaceRepositories in workbench.view.remote
2024-10-15 16:42:39.106 [info] Added views:SonarLint.IssueLocations in workbench.view.explorer
2024-10-15 16:42:39.115 [info] Added views:SonarLint.AllRules,SonarLint.ConnectedMode,SonarLint.SecurityHotspots,SonarLint.HelpAndFeedback in workbench.view.extension.SonarLint
2024-10-15 16:42:39.306 [info] Added views:~remote.forwardedPorts in ~remote.forwardedPortsContainer
2024-10-15 16:42:43.810 [info] Added views:workbench.panel.repl.view in workbench.panel.repl
2024-10-15 16:42:46.382 [info] Added views:terminal.search.view in workbench.view.extension.blackbox-terminal
2024-10-15 16:42:51.423 [info] Added views:workbench.scm.history in workbench.view.scm
2024-10-15 16:43:22.556 [info] Added views:workbench.views.extensions.installed,workbench.views.extensions.popular,extensions.recommendedList in workbench.view.extensions
2024-10-15 16:43:22.559 [info] Removed views:workbench.views.extensions.popular from workbench.view.extensions
