2024-10-03 17:54:38.988 [info] Added views:workbench.panel.markers.view in workbench.panel.markers
2024-10-03 17:54:38.988 [info] Added views:workbench.panel.output in workbench.panel.output
2024-10-03 17:54:38.988 [info] Added views:terminal in terminal
2024-10-03 17:54:38.988 [info] Added views:outline in workbench.view.explorer
2024-10-03 17:54:38.988 [info] Added views:workbench.scm in workbench.view.scm
2024-10-03 17:54:38.988 [info] Added views:workbench.view.search in workbench.view.search
2024-10-03 17:54:38.988 [info] Added views:timeline in workbench.view.explorer
2024-10-03 17:54:38.988 [info] Added views:workbench.explorer.emptyView in workbench.view.explorer
2024-10-03 17:54:40.222 [info] Added views:workbench.debug.welcome in workbench.view.debug
2024-10-03 17:54:41.235 [info] Added views:dockerContainers,dockerImages,dockerRegistries,dockerNetworks,dockerVolumes,vscode-docker.views.dockerContexts,vscode-docker.views.help in workbench.view.extension.dockerView
2024-10-03 17:54:41.236 [info] Added views:targetsContainers,devVolumes in workbench.view.remote
2024-10-03 17:54:41.260 [info] Added views:SonarLint.IssueLocations in workbench.view.explorer
2024-10-03 17:54:41.265 [info] Added views:SonarLint.AllRules,SonarLint.ConnectedMode,SonarLint.SecurityHotspots,SonarLint.HelpAndFeedback in workbench.view.extension.SonarLint
2024-10-03 17:54:41.274 [info] Added views:mavenProjects in workbench.view.explorer
2024-10-03 17:54:41.334 [info] Added views:~remote.forwardedPorts in ~remote.forwardedPortsContainer
2024-10-03 17:54:42.497 [info] Added views:workbench.views.extensions.installed,workbench.views.extensions.popular,extensions.recommendedList in workbench.view.extensions
2024-10-03 17:54:42.503 [info] Removed views:workbench.views.extensions.popular from workbench.view.extensions
2024-10-03 17:54:46.595 [info] Added views:workbench.panel.repl.view in workbench.panel.repl
2024-10-03 17:54:56.701 [info] Removed views:extensions.recommendedList,workbench.views.extensions.installed from workbench.view.extensions
2024-10-03 17:54:56.718 [info] Added views:workbench.views.extensions.marketplace in workbench.view.extensions
2024-10-03 17:55:27.041 [info] Removed views:workbench.views.extensions.marketplace from workbench.view.extensions
2024-10-03 17:55:27.084 [info] Added views:workbench.views.extensions.installed,extensions.recommendedList in workbench.view.extensions
2024-10-03 17:55:29.425 [info] Removed views:extensions.recommendedList,workbench.views.extensions.installed from workbench.view.extensions
2024-10-03 17:55:29.451 [info] Added views:workbench.views.extensions.marketplace in workbench.view.extensions
2024-10-03 17:55:48.548 [info] Removed views:workbench.views.extensions.marketplace from workbench.view.extensions
2024-10-03 17:55:48.569 [info] Added views:workbench.views.extensions.installed,extensions.recommendedList in workbench.view.extensions
2024-10-03 17:55:52.881 [info] Removed views:extensions.recommendedList,workbench.views.extensions.installed from workbench.view.extensions
2024-10-03 17:55:52.889 [info] Added views:workbench.views.extensions.marketplace in workbench.view.extensions
2024-10-03 17:56:04.611 [info] Removed views:workbench.views.extensions.marketplace from workbench.view.extensions
2024-10-03 17:56:04.636 [info] Added views:workbench.views.extensions.installed,extensions.recommendedList in workbench.view.extensions
