2024-10-03 17:54:46.560 [info] Extension host with pid 11208 started
2024-10-03 17:54:46.616 [info] ExtensionService#_doActivateExtension ms-azuretools.vscode-docker, startup: false, activationEvent: 'onWalkthrough:dockerStart'
2024-10-03 17:54:46.853 [warning] Using default string since no string found in i18n bundle that has the key: Learn more
2024-10-03 17:54:46.853 [warning] Using default string since no string found in i18n bundle that has the key: Yes
2024-10-03 17:54:46.853 [warning] Using default string since no string found in i18n bundle that has the key: No
2024-10-03 17:54:46.853 [warning] Using default string since no string found in i18n bundle that has the key: Cancel
2024-10-03 17:54:46.853 [warning] Using default string since no string found in i18n bundle that has the key: Delete
2024-10-03 17:54:46.853 [warning] Using default string since no string found in i18n bundle that has the key: Don't warn again
2024-10-03 17:54:46.853 [warning] Using default string since no string found in i18n bundle that has the key: Skip for now
2024-10-03 17:54:46.853 [warning] Using default string since no string found in i18n bundle that has the key: Upload
2024-10-03 17:54:46.853 [warning] Using default string since no string found in i18n bundle that has the key: Always upload
2024-10-03 17:54:46.857 [warning] Using default string since no string found in i18n bundle that has the key: Don't upload
2024-10-03 17:54:46.857 [warning] Using default string since no string found in i18n bundle that has the key: Report an issue
2024-10-03 17:54:46.922 [warning] Using default string since no string found in i18n bundle that has the key: "registerUIExtensionVariables" must be called before using the vscode-azureextensionui package.
2024-10-03 17:54:46.922 [warning] Using default string since no string found in i18n bundle that has the key: This operation is not supported.
2024-10-03 17:54:46.946 [warning] Using default string since no string found in i18n bundle that has the key: Load More...
2024-10-03 17:54:46.979 [warning] Using default string since no string found in i18n bundle that has the key: Use a Dockerfile
2024-10-03 17:54:46.979 [warning] Using default string since no string found in i18n bundle that has the key: Use .NET SDK
2024-10-03 17:54:46.979 [warning] Using default string since no string found in i18n bundle that has the key: No grouping
2024-10-03 17:54:46.979 [warning] Using default string since no string found in i18n bundle that has the key: Sort by newest
2024-10-03 17:54:46.979 [warning] Using default string since no string found in i18n bundle that has the key: Sort alphabetically by label
2024-10-03 17:54:46.980 [warning] Using default string since no string found in i18n bundle that has the key: Value used to associate containers launched by a 'docker-compose up' command
2024-10-03 17:54:46.980 [warning] Using default string since no string found in i18n bundle that has the key: Individual Containers
2024-10-03 17:54:46.980 [warning] Using default string since no string found in i18n bundle that has the key: Others
2024-10-03 17:54:46.980 [warning] Using default string since no string found in i18n bundle that has the key: Choose a project file
2024-10-03 17:54:46.980 [warning] Using default string since no string found in i18n bundle that has the key: No C# or F# project files were found in the workspace.
2024-10-03 17:54:46.980 [warning] Using default string since no string found in i18n bundle that has the key: Choose a package.json file
2024-10-03 17:54:46.980 [warning] Using default string since no string found in i18n bundle that has the key: No package.json files were found in the workspace.
2024-10-03 17:54:46.980 [warning] Using default string since no string found in i18n bundle that has the key: Overwrite File
2024-10-03 17:54:46.980 [warning] Using default string since no string found in i18n bundle that has the key: Skip File
2024-10-03 17:54:46.980 [warning] Using default string since no string found in i18n bundle that has the key: Cancel
2024-10-03 17:54:46.983 [warning] Using default string since no string found in i18n bundle that has the key: Redis is an open source key-value store that functions as a data structure server.
2024-10-03 17:54:46.983 [warning] Using default string since no string found in i18n bundle that has the key: Ubuntu is a Debian-based Linux operating system based on free software.
2024-10-03 17:54:46.984 [warning] Using default string since no string found in i18n bundle that has the key: The WordPress rich content management system can utilize plugins, widgets, and themes.
2024-10-03 17:54:46.984 [warning] Using default string since no string found in i18n bundle that has the key: MySQL is a widely used, open-source relational database management system (RDBMS).
2024-10-03 17:54:46.984 [warning] Using default string since no string found in i18n bundle that has the key: MongoDB document databases provide high availability and easy scalability.
2024-10-03 17:54:46.984 [warning] Using default string since no string found in i18n bundle that has the key: The official build of CentOS.
2024-10-03 17:54:46.984 [warning] Using default string since no string found in i18n bundle that has the key: Node.js is a JavaScript-based platform for server-side and networking applications.
2024-10-03 17:54:46.984 [warning] Using default string since no string found in i18n bundle that has the key: Official build of Nginx.
2024-10-03 17:54:46.984 [warning] Using default string since no string found in i18n bundle that has the key: The PostgreSQL object-relational database system provides reliability and data integrity.
2024-10-03 17:54:46.984 [warning] Using default string since no string found in i18n bundle that has the key: ASP.NET is an open source server-side Web application framework
2024-10-03 17:54:46.985 [info] ExtensionService#_doActivateExtension vscode.emmet, startup: false, activationEvent: 'onLanguage'
2024-10-03 17:54:47.224 [warning] Using default string since no string found in i18n bundle that has the key: Containers
2024-10-03 17:54:47.224 [warning] Using default string since no string found in i18n bundle that has the key: Configure containers explorer
2024-10-03 17:54:47.225 [warning] Using default string since no string found in i18n bundle that has the key: Networks
2024-10-03 17:54:47.225 [warning] Using default string since no string found in i18n bundle that has the key: Configure networks explorer
2024-10-03 17:54:47.226 [warning] Using default string since no string found in i18n bundle that has the key: Images
2024-10-03 17:54:47.226 [warning] Using default string since no string found in i18n bundle that has the key: Configure images explorer
2024-10-03 17:54:47.226 [warning] Using default string since no string found in i18n bundle that has the key: Sort by image size
2024-10-03 17:54:47.238 [warning] Using default string since no string found in i18n bundle that has the key: GitHub
2024-10-03 17:54:47.238 [warning] Using default string since no string found in i18n bundle that has the key: GitHub Container Registry
2024-10-03 17:54:47.238 [warning] Using default string since no string found in i18n bundle that has the key: Docker Hub
2024-10-03 17:54:47.238 [warning] Using default string since no string found in i18n bundle that has the key: Azure
2024-10-03 17:54:47.238 [warning] Using default string since no string found in i18n bundle that has the key: Azure Container Registry
2024-10-03 17:54:47.238 [warning] Using default string since no string found in i18n bundle that has the key: Generic Registry V2
2024-10-03 17:54:47.238 [warning] Using default string since no string found in i18n bundle that has the key: Volumes
2024-10-03 17:54:47.238 [warning] Using default string since no string found in i18n bundle that has the key: Configure volumes explorer
2024-10-03 17:54:47.239 [warning] Using default string since no string found in i18n bundle that has the key: Contexts
2024-10-03 17:54:47.239 [warning] Using default string since no string found in i18n bundle that has the key: Configure Docker Contexts Explorer
2024-10-03 17:54:48.025 [info] ExtensionService#_doActivateExtension vscode.git-base, startup: true, activationEvent: '*', root cause: vscode.git
2024-10-03 17:54:48.567 [info] ExtensionService#_doActivateExtension vscode.git, startup: true, activationEvent: '*'
2024-10-03 17:54:48.570 [info] ExtensionService#_doActivateExtension vscode.github, startup: true, activationEvent: '*'
2024-10-03 17:54:49.440 [info] Eager extensions activated
2024-10-03 17:54:49.478 [info] ExtensionService#_doActivateExtension vscode.debug-auto-launch, startup: false, activationEvent: 'onStartupFinished'
2024-10-03 17:54:49.483 [info] ExtensionService#_doActivateExtension vscode.merge-conflict, startup: false, activationEvent: 'onStartupFinished'
2024-10-03 17:54:49.484 [info] ExtensionService#_doActivateExtension ms-vscode-remote.remote-containers, startup: false, activationEvent: 'onStartupFinished'
2024-10-03 17:54:49.485 [info] ExtensionService#_doActivateExtension SonarSource.sonarlint-vscode, startup: false, activationEvent: 'onStartupFinished'
2024-10-03 17:55:04.796 [info] ExtensionService#_doActivateExtension usernamehw.errorlens, startup: false, activationEvent: 'onStartupFinished'
2024-10-03 17:55:38.535 [info] ExtensionService#_doActivateExtension formulahendry.auto-close-tag, startup: false, activationEvent: '*'
2024-10-03 17:56:00.670 [info] ExtensionService#_doActivateExtension vscode.configuration-editing, startup: false, activationEvent: 'onLanguage:jsonc'
2024-10-03 17:56:00.671 [info] ExtensionService#_doActivateExtension vscode.json-language-features, startup: false, activationEvent: 'onLanguage:jsonc'
2024-10-03 17:56:00.672 [info] ExtensionService#_doActivateExtension vscode.typescript-language-features, startup: false, activationEvent: 'onLanguage:jsonc'
2024-10-03 17:59:16.696 [info] Extension host terminating: renderer closed the MessagePort
2024-10-03 17:59:18.751 [error] Error: Channel has been closed
	at h (/usr/share/code/resources/app/out/vs/workbench/api/node/extensionHostProcess.js:164:2490)
	at Object.appendLine (/usr/share/code/resources/app/out/vs/workbench/api/node/extensionHostProcess.js:164:2608)
	at a.error (/home/pro/.vscode/extensions/sonarsource.sonarlint-vscode-4.10.0-linux-x64/dist/extension.js:2:870063)
	at /home/pro/.vscode/extensions/sonarsource.sonarlint-vscode-4.10.0-linux-x64/dist/extension.js:2:878281
	at async Promise.all (index 12)
	at async m.$ (/usr/share/code/resources/app/out/vs/workbench/api/node/extensionHostProcess.js:167:8168)
2024-10-03 17:59:18.751 [info] Extension host with pid 11208 exiting with code 0
