2024-10-07 15:50:36.937 [info] Added views:workbench.panel.markers.view in workbench.panel.markers
2024-10-07 15:50:36.937 [info] Added views:workbench.panel.output in workbench.panel.output
2024-10-07 15:50:36.937 [info] Added views:terminal in terminal
2024-10-07 15:50:36.937 [info] Added views:outline in workbench.view.explorer
2024-10-07 15:50:36.937 [info] Added views:workbench.scm in workbench.view.scm
2024-10-07 15:50:36.937 [info] Added views:workbench.view.search in workbench.view.search
2024-10-07 15:50:36.937 [info] Added views:timeline in workbench.view.explorer
2024-10-07 15:50:36.937 [info] Added views:workbench.explorer.fileView in workbench.view.explorer
2024-10-07 15:50:38.223 [info] Added views:workbench.debug.variablesView,workbench.debug.watchExpressionsView,workbench.debug.callStackView,workbench.debug.breakPointsView in workbench.view.debug
2024-10-07 15:50:38.598 [info] Added views:dockerContainers,dockerImages,dockerRegistries,dockerNetworks,dockerVolumes,vscode-docker.views.dockerContexts,vscode-docker.views.help in workbench.view.extension.dockerView
2024-10-07 15:50:38.599 [info] Added views:targetsContainers,devVolumes in workbench.view.remote
2024-10-07 15:50:38.605 [info] Added views:SonarLint.IssueLocations in workbench.view.explorer
2024-10-07 15:50:38.606 [info] Added views:SonarLint.AllRules,SonarLint.ConnectedMode,SonarLint.SecurityHotspots,SonarLint.HelpAndFeedback in workbench.view.extension.SonarLint
2024-10-07 15:50:38.655 [info] Added views:~remote.forwardedPorts in ~remote.forwardedPortsContainer
2024-10-07 15:50:38.838 [info] Added views:workbench.panel.repl.view in workbench.panel.repl
2024-10-07 15:50:38.842 [info] Removed views:workbench.debug.breakPointsView,workbench.debug.callStackView,workbench.debug.watchExpressionsView,workbench.debug.variablesView from workbench.view.debug
2024-10-07 15:50:38.850 [info] Added views:workbench.debug.welcome in workbench.view.debug
2024-10-07 15:50:41.078 [info] Added views:workbench.scm.history in workbench.view.scm
2024-10-07 16:05:55.074 [info] Added views:javaProjectExplorer in workbench.view.explorer
2024-10-07 16:06:23.131 [info] Added views:workbench.view.testing in workbench.view.extension.test
2024-10-10 18:09:38.634 [info] Added views:workbench.views.extensions.installed,workbench.views.extensions.popular,extensions.recommendedList in workbench.view.extensions
2024-10-10 18:09:38.649 [info] Removed views:workbench.views.extensions.popular from workbench.view.extensions
2024-10-14 15:32:52.950 [info] Removed views:workbench.scm.history from workbench.view.scm
2024-10-14 15:32:52.974 [info] Removed views:workbench.view.testing from workbench.view.extension.test
