
[Start translate]: Use 'Google' translate source
[Start translate]: Use 'Google' translate source
[Google]:
# Please enter the commit message for your changes. Lines starting
# with '#' will be ignored, and an empty message aborts the commit.
# On branch main
# Your branch is up to date with 'origin/main'.
# Changes to be committed:
modified:   README.md
# Changes not staged for commit:
modified:   README.md
[<============================>]:
# Ingrese el mensaje de confirmación para sus cambios. Líneas que comienzan
# con '#' se ignorará y un mensaje vacío anula la confirmación.
# En la rama principal
# Su sucursal está actualizada con 'origen/principal'.
# Cambios a confirmar:
modificado: README.md
# Cambios no preparados para confirmación:
modificado: README.md

[Google]:
# Please enter the commit message for your changes. Lines starting
# with '#' will be ignored, and an empty message aborts the commit.
# On branch main
# Your branch is up to date with 'origin/main'.
# Changes to be committed:
modified:   README.md
# Changes not staged for commit:
modified:   README.md
[<============================>]:
# Ingrese el mensaje de confirmación para sus cambios. Líneas que comienzan
# con '#' se ignorará y un mensaje vacío anula la confirmación.
# En la rama principal
# Su sucursal está actualizada con 'origen/principal'.
# Cambios a confirmar:
modificado: README.md
# Cambios no preparados para confirmación:
modificado: README.md
