2024-10-15 16:33:25.651 [info] Using settings sync service https://vscode-sync.trafficmanager.net/
2024-10-15 16:33:25.651 [info] Auto Sync is disabled.
2024-10-15 16:40:13.899 [info] Sync started.
2024-10-15 16:40:14.409 [info] Did reset the local sync state.
2024-10-15 16:40:14.430 [info] Settings: Migrating last sync user data. Resource does not exist.
2024-10-15 16:40:14.432 [info] Settings: Last sync data state does not exist.
2024-10-15 16:40:14.514 [info] Settings: Migrating last sync user data. Resource does not exist.
2024-10-15 16:40:14.514 [info] Settings: Last sync data state does not exist.
2024-10-15 16:40:14.684 [info] GlobalState: Migrating last sync user data. Resource does not exist.
2024-10-15 16:40:14.684 [info] GlobalState: Last sync data state does not exist.
2024-10-15 16:40:15.267 [info] Keybindings: Migrating last sync user data. Resource does not exist.
2024-10-15 16:40:15.267 [info] Keybindings: Last sync data state does not exist.
2024-10-15 16:40:15.344 [info] Snippets: Migrating last sync user data. Resource does not exist.
2024-10-15 16:40:15.344 [info] Snippets: Last sync data state does not exist.
2024-10-15 16:40:15.418 [info] Tasks: Migrating last sync user data. Resource does not exist.
2024-10-15 16:40:15.418 [info] Tasks: Last sync data state does not exist.
2024-10-15 16:40:15.498 [info] GlobalState: Migrating last sync user data. Resource does not exist.
2024-10-15 16:40:15.498 [info] GlobalState: Last sync data state does not exist.
2024-10-15 16:40:15.919 [info] Extensions: Migrating last sync user data. Resource does not exist.
2024-10-15 16:40:15.919 [info] Extensions: Last sync data state does not exist.
2024-10-15 16:40:16.443 [info] Profiles: Migrating last sync user data. Resource does not exist.
2024-10-15 16:40:16.443 [info] Profiles: Last sync data state does not exist.
2024-10-15 16:40:16.515 [info] Profiles: Migrating last sync user data. Resource does not exist.
2024-10-15 16:40:16.515 [info] Profiles: Last sync data state does not exist.
2024-10-15 16:40:24.174 [info] Settings: Updated remote settings
2024-10-15 16:40:24.393 [info] Settings: Updated last synchronized settings
2024-10-15 16:40:24.395 [info] Keybindings: No changes found during synchronizing keybindings.
2024-10-15 16:40:24.439 [info] GlobalState: Migrating last sync user data. Resource does not exist.
2024-10-15 16:40:24.439 [info] GlobalState: Last sync data state does not exist.
2024-10-15 16:40:24.652 [info] GlobalState: Migrating last sync user data. Resource does not exist.
2024-10-15 16:40:24.652 [info] GlobalState: Last sync data state does not exist.
2024-10-15 16:40:24.675 [info] Keybindings: Updated last synchronized keybindings
2024-10-15 16:40:24.677 [info] Snippets: No changes found during synchronizing snippets.
2024-10-15 16:40:24.935 [info] GlobalState: Migrating last sync user data. Resource does not exist.
2024-10-15 16:40:24.935 [info] GlobalState: Last sync data state does not exist.
2024-10-15 16:40:24.940 [info] Snippets: Updated last synchronized snippets
2024-10-15 16:40:24.941 [info] Tasks: No changes found during synchronizing tasks.
2024-10-15 16:40:25.186 [info] Tasks: Updated last synchronized tasks
2024-10-15 16:40:25.208 [info] GlobalState: Migrating last sync user data. Resource does not exist.
2024-10-15 16:40:25.208 [info] GlobalState: Last sync data state does not exist.
2024-10-15 16:40:25.449 [info] GlobalState: Updated global state ["~remote.forwardedPortsContainer.hidden","workbench.statusbar.hidden","remoteTunnelServicePromptedPreview","remote.explorerType","remoteTunnelServiceUsed","expandSuggestionDocs","workbench.view.extension.blackbox.state.hidden","workbench.view.extension.blackbox-terminal.state.hidden","Comments.hidden","fileBasedRecommendations/promptedRecommendations","workbench.explorer.views.state.hidden","workbench.scm.views.state.hidden","workbench.activity.pinnedViewlets2","workbench.panel.pinnedPanels","memento/gettingStartedService","colorThemeData","workbench.welcomePage.hiddenCategories","workbench.welcomePage.walkthroughMetadata","workbench.view.remote.state.hidden"]
2024-10-15 16:40:25.449 [info] GlobalState: Updated local ui state
2024-10-15 16:40:25.699 [info] GlobalState: Migrating last sync user data. Resource does not exist.
2024-10-15 16:40:25.699 [info] GlobalState: Last sync data state does not exist.
2024-10-15 16:40:25.936 [info] GlobalState: Migrating last sync user data. Resource does not exist.
2024-10-15 16:40:25.936 [info] GlobalState: Last sync data state does not exist.
2024-10-15 16:40:25.962 [info] GlobalState: Updated remote ui state. Added: workbench.activityBar.location,nps/lastSessionDate,nps/sessionCount,workbench.view.debug.state.hidden,encryption.migratedToGnomeLibsecret,workbench.view.extension.SonarLint.state.hidden,cpp.1.lastSessionDate,cpp.1.sessionCount,java.2.lastSessionDate,java.2.sessionCount,javascript.1.lastSessionDate,javascript.1.sessionCount,typescript.1.lastSessionDate,typescript.1.sessionCount,csharp.1.lastSessionDate,csharp.1.sessionCount,workbench.view.extension.dockerView.state.hidden,github-aday-ctr,workbench.view.extension.test.state.hidden.
2024-10-15 16:40:26.203 [info] GlobalState: Updated last synchronized ui state
2024-10-15 16:41:11.469 [info] Extensions: Installed extension. ecmel.vscode-html-css 2.0.10
2024-10-15 16:41:11.482 [info] Extensions: Installed extension. ms-vscode.remote-explorer 0.4.3
2024-10-15 16:41:11.482 [info] Extensions: Installed extension. formulahendry.auto-rename-tag 0.1.10
2024-10-15 16:41:11.482 [info] Extensions: Installed extension. github.remotehub 0.64.0
2024-10-15 16:41:11.483 [info] Extensions: Installed extension. ms-vscode.live-server 0.4.15
2024-10-15 16:41:11.483 [info] Extensions: Installed extension. ms-vscode.azure-repos 0.40.0
2024-10-15 16:41:11.483 [info] Extensions: Installed extension. ms-vscode.remote-repositories 0.42.0
2024-10-15 16:41:11.483 [info] Extensions: Installed extension. ms-vscode.remote-server 1.5.2
2024-10-15 16:41:11.483 [info] Extensions: Installed extension. lonedev.ia-vscode 0.1.4
2024-10-15 16:41:11.484 [info] Extensions: Installed extension. esbenp.prettier-vscode 11.0.0
2024-10-15 16:41:11.484 [info] Extensions: Installed extension. redhat.vscode-yaml 1.15.0
2024-10-15 16:41:11.484 [info] Extensions: Installed extension. silasnevstad.gpthelper 0.4.8
2024-10-15 16:41:11.485 [info] Extensions: Installed extension. tomoki1207.pdf 1.2.2
2024-10-15 16:41:11.485 [info] Extensions: Installed extension. dotjoshjohnson.xml 2.5.1
2024-10-15 16:41:11.485 [info] Extensions: Installed extension. redhat.vscode-xml 0.27.1
2024-10-15 16:41:11.485 [info] Extensions: Installed extension. wallabyjs.quokka-vscode 1.0.654
2024-10-15 16:41:11.485 [info] Extensions: Installed extension. blackboxapp.blackbox 1.4.22
2024-10-15 16:41:11.508 [info] Extensions: Migrating last sync user data. Resource does not exist.
2024-10-15 16:41:11.508 [info] Extensions: Last sync data state does not exist.
2024-10-15 16:41:11.873 [info] Extensions: Updated remote extensions. Added: ["davidanson.vscode-markdownlint","formulahendry.auto-close-tag","intellsmi.comment-translate","ms-azuretools.vscode-docker","ms-vscode-remote.remote-containers","redhat.java","shd101wyy.markdown-preview-enhanced","sonarsource.sonarlint-vscode","visualstudioexptteam.intellicode-api-usage-examples","visualstudioexptteam.vscodeintellicode","vscjava.vscode-gradle","vscjava.vscode-java-debug","vscjava.vscode-java-dependency","vscjava.vscode-java-pack","vscjava.vscode-java-test","vscjava.vscode-maven","yangbaopan.maven-dependency-analyzer","yzhang.markdown-all-in-one"].
2024-10-15 16:41:12.033 [info] Extensions: Updated last synchronized extensions.
2024-10-15 16:41:12.035 [info] Profiles: No changes found during synchronizing profiles.
2024-10-15 16:41:12.176 [info] Profiles: Updated last synchronized profiles.
2024-10-15 16:41:12.178 [info] Sync done. Took 58280ms
2024-10-15 16:41:12.328 [info] Auto Sync: Triggered by Interval
2024-10-15 16:41:12.328 [info] Sync started.
2024-10-15 16:41:13.711 [info] Settings: No changes found during synchronizing settings.
2024-10-15 16:41:13.751 [info] Keybindings: No changes found during synchronizing keybindings.
2024-10-15 16:41:14.507 [info] Snippets: No changes found during synchronizing snippets.
2024-10-15 16:41:15.060 [info] Tasks: No changes found during synchronizing tasks.
2024-10-15 16:41:16.106 [info] GlobalState: Updated remote ui state. Updated: workbench.explorer.views.state.hidden,workbench.activity.pinnedViewlets2,memento/gettingStartedService,workbench.welcomePage.walkthroughMetadata,workbench.view.remote.state.hidden.
2024-10-15 16:41:16.919 [info] GlobalState: Updated last synchronized ui state
2024-10-15 16:41:17.316 [info] Extensions: No changes found during synchronizing extensions.
2024-10-15 16:41:17.358 [info] Profiles: No changes found during synchronizing profiles.
2024-10-15 16:41:17.474 [info] Sync done. Took 5146ms
2024-10-15 16:41:17.724 [info] Auto Sync: Triggered by Activity
2024-10-15 16:41:17.725 [info] Sync started.
2024-10-15 16:41:17.955 [info] Settings: No changes found during synchronizing settings.
2024-10-15 16:41:17.964 [info] Keybindings: No changes found during synchronizing keybindings.
2024-10-15 16:41:17.975 [info] Snippets: No changes found during synchronizing snippets.
2024-10-15 16:41:17.978 [info] Tasks: No changes found during synchronizing tasks.
2024-10-15 16:41:17.981 [info] GlobalState: No changes found during synchronizing ui state.
2024-10-15 16:41:18.202 [info] Extensions: No changes found during synchronizing extensions.
2024-10-15 16:41:18.207 [info] Profiles: No changes found during synchronizing profiles.
2024-10-15 16:41:18.213 [info] Sync done. Took 467ms
2024-10-15 16:41:18.214 [info] Auto Sync: Triggered by Activity
2024-10-15 16:41:18.215 [info] Sync started.
2024-10-15 16:41:18.285 [info] Settings: No changes found during synchronizing settings.
2024-10-15 16:41:18.288 [info] Keybindings: No changes found during synchronizing keybindings.
2024-10-15 16:41:18.291 [info] Snippets: No changes found during synchronizing snippets.
2024-10-15 16:41:18.303 [info] Tasks: No changes found during synchronizing tasks.
2024-10-15 16:41:18.325 [info] GlobalState: No changes found during synchronizing ui state.
2024-10-15 16:41:18.537 [info] Extensions: No changes found during synchronizing extensions.
2024-10-15 16:41:18.548 [info] Profiles: No changes found during synchronizing profiles.
2024-10-15 16:41:18.552 [info] Sync done. Took 361ms
