2024-10-15 16:42:51.224 [info] [main] Nivel de registro: Info
2024-10-15 16:42:51.224 [info] [main] Validando git encontrado en: "git"
2024-10-15 16:42:51.224 [info] [main] Usando git "2.34.1" de "git"
2024-10-15 16:42:51.224 [info] [Model][doInitialScan] Initial repository scan started
2024-10-15 16:42:51.224 [info] > git rev-parse --show-toplevel [2334ms]
2024-10-15 16:42:51.251 [info] > git rev-parse --show-toplevel [53ms]
2024-10-15 16:42:51.320 [info] > git rev-parse --git-dir --git-common-dir [26ms]
2024-10-15 16:42:51.357 [info] [Model][openRepository] Opened repository: /home/pro/Escritorio/libro/ejercicio-git-libro
2024-10-15 16:42:51.361 [info] [Model][doInitialScan] Initial repository scan completed - repositories (1), closed repositories (0), parent repositories (1), unsafe repositories (0)
2024-10-15 16:42:51.828 [info] > git config --get commit.template [117ms]
2024-10-15 16:42:52.563 [info] > git check-ignore -v -z --stdin [27ms]
2024-10-15 16:42:52.565 [info] > git for-each-ref --format=%(refname)%00%(upstream:short)%00%(objectname)%00%(upstream:track)%00%(upstream:remotename)%00%(upstream:remoteref) refs/heads/main refs/remotes/main [704ms]
2024-10-15 16:42:52.755 [info] > git status -z -uall [168ms]
2024-10-15 16:42:52.872 [info] > git for-each-ref --format=%(refname)%00%(upstream:short)%00%(objectname)%00%(upstream:track)%00%(upstream:remotename)%00%(upstream:remoteref) refs/heads/main refs/remotes/main [44ms]
2024-10-15 16:42:52.883 [info] > git config --get commit.template [17ms]
2024-10-15 16:42:52.900 [info] > git config --local branch.main.vscode-merge-base [21ms]
2024-10-15 16:42:52.901 [warning] [Git][config] git config failed: Failed to execute git
2024-10-15 16:42:52.910 [info] > git for-each-ref --format=%(refname)%00%(upstream:short)%00%(objectname)%00%(upstream:track)%00%(upstream:remotename)%00%(upstream:remoteref) refs/heads/main refs/remotes/main [10ms]
2024-10-15 16:42:52.925 [info] > git reflog main --grep-reflog=branch: Created from *. [17ms]
2024-10-15 16:42:52.942 [info] > git symbolic-ref --short refs/remotes/origin/HEAD [13ms]
2024-10-15 16:42:52.942 [info] fatal: ref refs/remotes/origin/HEAD is not a symbolic ref
2024-10-15 16:42:52.953 [info] > git status -z -uall [16ms]
2024-10-15 16:42:52.972 [info] > git merge-base refs/heads/main refs/remotes/origin/main [21ms]
2024-10-15 16:42:52.981 [info] > git for-each-ref --format=%(refname)%00%(upstream:short)%00%(objectname)%00%(upstream:track)%00%(upstream:remotename)%00%(upstream:remoteref) refs/heads/main refs/remotes/main [16ms]
2024-10-15 16:42:52.997 [info] > git rev-list --count --left-right refs/heads/main...refs/remotes/origin/main [18ms]
2024-10-15 16:42:53.020 [info] > git config --local branch.main.vscode-merge-base [24ms]
2024-10-15 16:42:53.020 [warning] [Git][config] git config failed: Failed to execute git
2024-10-15 16:42:53.071 [info] > git diff --name-status -z --diff-filter=ADMR f92d1f4317cf4a262b734397d1a2ac5947c36a39...refs/remotes/origin/main [52ms]
2024-10-15 16:42:53.108 [info] > git reflog main --grep-reflog=branch: Created from *. [68ms]
2024-10-15 16:42:53.125 [info] > git symbolic-ref --short refs/remotes/origin/HEAD [10ms]
2024-10-15 16:42:53.125 [info] fatal: ref refs/remotes/origin/HEAD is not a symbolic ref
2024-10-15 16:43:02.648 [info] > git rev-parse --show-toplevel [41ms]
2024-10-15 16:43:02.685 [info] > git rev-parse --git-dir --git-common-dir [5ms]
2024-10-15 16:43:02.692 [info] [Model][openRepository] Opened repository: /home/pro
2024-10-15 16:43:02.733 [info] > git config --get commit.template [26ms]
2024-10-15 16:43:03.286 [info] > git for-each-ref --format=%(refname)%00%(upstream:short)%00%(objectname)%00%(upstream:track)%00%(upstream:remotename)%00%(upstream:remoteref) refs/heads/main refs/remotes/main [562ms]
2024-10-15 16:43:03.303 [info] > git check-ignore -v -z --stdin [17ms]
2024-10-15 16:43:03.983 [info] > git status -z -uall [680ms] (cancelled)
2024-10-15 16:43:10.694 [info] > git for-each-ref --format=%(refname)%00%(upstream:short)%00%(objectname)%00%(upstream:track)%00%(upstream:remotename)%00%(upstream:remoteref) refs/heads/main refs/remotes/main [376ms]
2024-10-15 16:43:14.187 [info] > git config --local branch.main.vscode-merge-base [3448ms]
2024-10-15 16:43:14.187 [warning] [Git][config] git config failed: Failed to execute git
2024-10-15 16:43:14.222 [info] > git config --get commit.template [3542ms]
2024-10-15 16:43:14.427 [info] > git reflog main --grep-reflog=branch: Created from *. [204ms]
2024-10-15 16:43:14.482 [info] > git for-each-ref --format=%(refname)%00%(upstream:short)%00%(objectname)%00%(upstream:track)%00%(upstream:remotename)%00%(upstream:remoteref) refs/heads/main refs/remotes/main [56ms]
2024-10-15 16:43:14.492 [info] > git symbolic-ref --short refs/remotes/origin/HEAD [56ms]
2024-10-15 16:43:14.492 [info] fatal: ref refs/remotes/origin/HEAD is not a symbolic ref
2024-10-15 16:43:14.536 [info] > git merge-base refs/heads/main refs/remotes/origin/main [21ms]
2024-10-15 16:43:14.561 [info] > git rev-list --count --left-right refs/heads/main...refs/remotes/origin/main [14ms]
2024-10-15 16:43:14.590 [info] > git diff --name-status -z --diff-filter=ADMR 8d06d4fd61db8fc1ab6c3852237c9ad9a28e47e1...refs/remotes/origin/main [11ms]
2024-10-15 16:43:19.699 [info] > git status -z -uall [5163ms] (cancelled)
2024-10-15 16:43:19.699 [info] > git for-each-ref --format=%(refname)%00%(upstream:short)%00%(objectname)%00%(upstream:track)%00%(upstream:remotename)%00%(upstream:remoteref) refs/heads/main refs/remotes/main [4879ms]
2024-10-15 16:43:20.088 [info] > git show --textconv :README.md [149ms]
2024-10-15 16:43:20.104 [info] > git ls-files --stage -- /home/pro/Escritorio/libro/ejercicio-git-libro/README.md [154ms]
2024-10-15 16:43:20.146 [info] > git config --local branch.main.vscode-merge-base [426ms]
2024-10-15 16:43:20.146 [warning] [Git][config] git config failed: Failed to execute git
2024-10-15 16:43:20.272 [info] > git reflog main --grep-reflog=branch: Created from *. [90ms]
2024-10-15 16:43:20.309 [info] > git cat-file -s d5d281c62d016c4ea6ba7d1692992777e333149f [165ms]
2024-10-15 16:43:20.318 [info] > git symbolic-ref --short refs/remotes/origin/HEAD [9ms]
2024-10-15 16:43:20.318 [info] fatal: ref refs/remotes/origin/HEAD is not a symbolic ref
2024-10-15 16:44:47.116 [info] > git show --textconv :README.md [18ms]
2024-10-15 16:44:47.117 [info] > git ls-files --stage -- /home/pro/Escritorio/libro/ejercicio-git-libro/README.md [2ms]
2024-10-15 16:44:47.151 [info] > git cat-file -s d5d281c62d016c4ea6ba7d1692992777e333149f [3ms]
2024-10-15 16:45:25.215 [info] > git log --format=%H%n%aN%n%aE%n%at%n%ct%n%P%n%D%n%B -z --shortstat --diff-merges=first-parent -n50 --skip=0 --topo-order --decorate=full 8d06d4fd61db8fc1ab6c3852237c9ad9a28e47e1 [49ms]
2024-10-15 16:45:25.327 [info] > git log --format=%H%n%aN%n%aE%n%at%n%ct%n%P%n%D%n%B -z --shortstat --diff-merges=first-parent -n50 --skip=0 --topo-order --decorate=full f92d1f4317cf4a262b734397d1a2ac5947c36a39 [166ms]
2024-10-15 16:45:26.208 [info] > git log --format=%H%n%aN%n%aE%n%at%n%ct%n%P%n%D%n%B -z --shortstat --diff-merges=first-parent -n50 --skip=0 --topo-order --decorate=full f92d1f4317cf4a262b734397d1a2ac5947c36a39 [15ms]
2024-10-15 16:45:26.264 [info] > git log --format=%H%n%aN%n%aE%n%at%n%ct%n%P%n%D%n%B -z --shortstat --diff-merges=first-parent -n50 --skip=0 --topo-order --decorate=full 8d06d4fd61db8fc1ab6c3852237c9ad9a28e47e1 [7ms]
2024-10-15 16:45:26.565 [info] > git check-ignore -v -z --stdin [1ms]
2024-10-15 16:45:29.760 [info] > git show --textconv :.git/COMMIT_EDITMSG [25ms]
2024-10-15 16:45:29.770 [info] > git ls-files --stage -- /home/pro/Escritorio/libro/ejercicio-git-libro/.git/COMMIT_EDITMSG [11ms]
2024-10-15 16:45:29.982 [info] > git check-ignore -v -z --stdin [4ms]
2024-10-15 16:45:30.043 [info] > git ls-files --stage -- /home/pro/Escritorio/libro/ejercicio-git-libro/.git/COMMIT_EDITMSG [8ms]
2024-10-15 16:45:30.060 [info] > git show --textconv :.git/COMMIT_EDITMSG [5ms]
2024-10-15 16:45:53.872 [info] > git -c user.useConfigOnly=true commit --quiet [25040ms]
2024-10-15 16:45:53.872 [info] Aborting commit due to empty commit message.
2024-10-15 16:45:53.892 [info] > git config --get commit.template [9ms]
2024-10-15 16:45:53.895 [info] > git for-each-ref --format=%(refname)%00%(upstream:short)%00%(objectname)%00%(upstream:track)%00%(upstream:remotename)%00%(upstream:remoteref) refs/heads/main refs/remotes/main [4ms]
2024-10-15 16:45:53.921 [info] > git status -z -uall [10ms]
2024-10-15 16:45:53.965 [info] > git for-each-ref --format=%(refname)%00%(upstream:short)%00%(objectname)%00%(upstream:track)%00%(upstream:remotename)%00%(upstream:remoteref) refs/heads/main refs/remotes/main [34ms]
2024-10-15 16:45:53.980 [info] > git config --local branch.main.vscode-merge-base [8ms]
2024-10-15 16:45:53.981 [warning] [Git][config] git config failed: Failed to execute git
2024-10-15 16:45:53.994 [info] > git reflog main --grep-reflog=branch: Created from *. [3ms]
2024-10-15 16:45:54.011 [info] > git symbolic-ref --short refs/remotes/origin/HEAD [5ms]
2024-10-15 16:45:54.011 [info] fatal: ref refs/remotes/origin/HEAD is not a symbolic ref
2024-10-15 16:45:54.460 [info] > git show --textconv :README.md [12ms]
2024-10-15 16:45:54.481 [info] > git ls-files --stage -- /home/pro/Escritorio/libro/ejercicio-git-libro/README.md [22ms]
2024-10-15 16:45:54.596 [info] > git cat-file -s d5d281c62d016c4ea6ba7d1692992777e333149f [104ms]
2024-10-15 16:46:05.732 [info] > git check-ignore -v -z --stdin [6ms]
