2024-10-14 15:40:08.282 [info] Reading sessions from keychain...
2024-10-14 15:40:08.282 [info] Getting sessions for all scopes...
2024-10-14 15:40:08.282 [info] Getting sessions for all scopes...
2024-10-14 15:40:08.282 [info] Getting sessions for read:user,repo,user:email,workflow...
2024-10-14 15:40:08.638 [info] Got stored sessions!
2024-10-14 15:40:08.638 [info] Got 1 verified sessions.
2024-10-14 15:40:08.639 [info] Got 1 sessions for ...
2024-10-14 15:40:08.639 [info] Got 1 sessions for ...
2024-10-14 15:40:08.639 [info] Got 1 sessions for read:user,repo,user:email,workflow...
2024-10-14 15:40:09.270 [info] Getting sessions for read:user,repo,user:email,workflow...
2024-10-14 15:40:09.270 [info] Got 1 sessions for read:user,repo,user:email,workflow...
2024-10-14 16:17:39.193 [info] Getting sessions for read:user,repo,user:email,workflow...
2024-10-14 16:17:39.193 [info] Got 1 sessions for read:user,repo,user:email,workflow...
2024-10-14 16:45:50.132 [info] Getting sessions for read:user,repo,user:email,workflow...
2024-10-14 16:45:50.133 [info] Got 1 sessions for read:user,repo,user:email,workflow...
2024-10-14 16:46:13.758 [info] Getting sessions for read:user,repo,user:email,workflow...
2024-10-14 16:46:13.758 [info] Got 1 sessions for read:user,repo,user:email,workflow...
2024-10-14 16:46:30.273 [info] Getting sessions for read:user,repo,user:email,workflow...
2024-10-14 16:46:30.273 [info] Got 1 sessions for read:user,repo,user:email,workflow...
2024-10-14 16:50:10.171 [info] Getting sessions for read:user,repo,user:email,workflow...
2024-10-14 16:50:10.171 [info] Got 1 sessions for read:user,repo,user:email,workflow...
2024-10-14 16:54:59.450 [info] Getting sessions for read:user,repo,user:email,workflow...
2024-10-14 16:54:59.450 [info] Got 1 sessions for read:user,repo,user:email,workflow...
2024-10-14 16:55:07.103 [info] Getting sessions for read:user,repo,user:email,workflow...
2024-10-14 16:55:07.103 [info] Got 1 sessions for read:user,repo,user:email,workflow...
2024-10-14 17:03:06.113 [info] Getting sessions for read:user,repo,user:email,workflow...
2024-10-14 17:03:06.113 [info] Got 1 sessions for read:user,repo,user:email,workflow...
2024-10-14 17:10:02.623 [info] Getting sessions for read:user,repo,user:email,workflow...
2024-10-14 17:10:02.623 [info] Got 1 sessions for read:user,repo,user:email,workflow...
