2024-10-14 17:51:59.785 [info] Added views:workbench.panel.markers.view in workbench.panel.markers
2024-10-14 17:51:59.785 [info] Added views:workbench.panel.output in workbench.panel.output
2024-10-14 17:51:59.785 [info] Added views:terminal in terminal
2024-10-14 17:51:59.785 [info] Added views:outline in workbench.view.explorer
2024-10-14 17:51:59.785 [info] Added views:workbench.scm in workbench.view.scm
2024-10-14 17:51:59.785 [info] Added views:workbench.view.search in workbench.view.search
2024-10-14 17:51:59.785 [info] Added views:timeline in workbench.view.explorer
2024-10-14 17:51:59.785 [info] Added views:workbench.explorer.emptyView in workbench.view.explorer
2024-10-14 17:52:00.495 [info] Added views:workbench.debug.variablesView,workbench.debug.watchExpressionsView,workbench.debug.callStackView,workbench.debug.breakPointsView in workbench.view.debug
2024-10-14 17:52:06.592 [info] Added views:dockerContainers,dockerImages,dockerRegistries,dockerNetworks,dockerVolumes,vscode-docker.views.dockerContexts,vscode-docker.views.help in workbench.view.extension.dockerView
2024-10-14 17:52:06.593 [info] Added views:targetsContainers,devVolumes in workbench.view.remote
2024-10-14 17:52:06.593 [info] Added views:SonarLint.IssueLocations in workbench.view.explorer
2024-10-14 17:52:06.594 [info] Added views:SonarLint.AllRules,SonarLint.ConnectedMode,SonarLint.SecurityHotspots,SonarLint.HelpAndFeedback in workbench.view.extension.SonarLint
2024-10-14 17:52:06.597 [info] Added views:mavenProjects in workbench.view.explorer
2024-10-14 17:52:06.690 [info] Added views:~remote.forwardedPorts in ~remote.forwardedPortsContainer
2024-10-14 17:52:07.249 [info] Added views:workbench.panel.repl.view in workbench.panel.repl
2024-10-14 17:52:07.250 [info] Removed views:workbench.debug.breakPointsView,workbench.debug.callStackView,workbench.debug.watchExpressionsView,workbench.debug.variablesView from workbench.view.debug
2024-10-14 17:52:07.250 [info] Added views:workbench.debug.welcome in workbench.view.debug
2024-10-14 17:52:22.034 [info] Added views:workbench.panel.markers.view in workbench.panel.markers
2024-10-14 17:52:22.034 [info] Added views:workbench.panel.output in workbench.panel.output
2024-10-14 17:52:22.034 [info] Added views:terminal in terminal
2024-10-14 17:52:22.034 [info] Added views:outline in workbench.view.explorer
2024-10-14 17:52:22.034 [info] Added views:workbench.scm in workbench.view.scm
2024-10-14 17:52:22.034 [info] Added views:workbench.view.search in workbench.view.search
2024-10-14 17:52:22.034 [info] Added views:timeline in workbench.view.explorer
2024-10-14 17:52:22.034 [info] Added views:workbench.explorer.fileView in workbench.view.explorer
2024-10-14 17:52:22.455 [info] Added views:workbench.debug.welcome in workbench.view.debug
2024-10-14 17:52:25.139 [info] Added views:dockerContainers,dockerImages,dockerRegistries,dockerNetworks,dockerVolumes,vscode-docker.views.dockerContexts,vscode-docker.views.help in workbench.view.extension.dockerView
2024-10-14 17:52:25.145 [info] Added views:targetsContainers,devVolumes in workbench.view.remote
2024-10-14 17:52:25.151 [info] Added views:SonarLint.IssueLocations in workbench.view.explorer
2024-10-14 17:52:25.151 [info] Added views:SonarLint.AllRules,SonarLint.ConnectedMode,SonarLint.SecurityHotspots,SonarLint.HelpAndFeedback in workbench.view.extension.SonarLint
2024-10-14 17:52:25.570 [info] Added views:workbench.panel.repl.view in workbench.panel.repl
2024-10-14 17:52:29.158 [info] Added views:workbench.scm.history in workbench.view.scm
2024-10-14 17:52:29.377 [info] Added views:~remote.forwardedPorts in ~remote.forwardedPortsContainer
2024-10-14 18:05:05.224 [info] Removed views:workbench.scm.history from workbench.view.scm
